[0.011s][info][gc,init] CardTable entry size: 512
[0.011s][info][gc     ] Using G1
[0.013s][info][gc,init] Version: 25.0.1+8-LTS-27 (release)
[0.013s][info][gc,init] CPUs: 4 total, 4 available
[0.013s][info][gc,init] Memory: 8192M
[0.013s][info][gc,init] Large Page Support: Disabled
[0.013s][info][gc,init] NUMA Support: Disabled
[0.013s][info][gc,init] Compressed Oops: Enabled (Zero based)
[0.013s][info][gc,init] Heap Region Size: 1M
[0.013s][info][gc,init] Heap Min Capacity: 8M
[0.013s][info][gc,init] Heap Initial Capacity: 128M
[0.013s][info][gc,init] Heap Max Capacity: 256M
[0.013s][info][gc,init] Pre-touch: Disabled
[0.013s][info][gc,init] Parallel Workers: 4
[0.013s][info][gc,init] Concurrent Workers: 1
[0.013s][info][gc,init] Concurrent Refinement Workers: 4
[0.013s][info][gc,init] Periodic GC: Disabled
[0.053s][info][gc,metaspace] CDS archive(s) mapped at: [0x0000000129000000-0x0000000129d9c000-0x0000000129d9c000), size 14270464, SharedBaseAddress: 0x0000000129000000, ArchiveRelocationMode: 1.
[0.053s][info][gc,metaspace] Compressed class space mapped at: 0x000000012a000000-0x000000016a000000, reserved size: 1073741824
[0.053s][info][gc,metaspace] UseCompressedClassPointers 1, UseCompactObjectHeaders 0
[0.053s][info][gc,metaspace] Narrow klass pointer bits 32, Max shift 3
[0.053s][info][gc,metaspace] Narrow klass base: 0x0000000129000000, Narrow klass shift: 0
[0.053s][info][gc,metaspace] Encoding Range: [0x0000000129000000 - 0x0000000229000000), (4294967296 bytes)
[0.053s][info][gc,metaspace] Klass Range:    [0x0000000129004000 - 0x000000016a000000), (1090502656 bytes)
[0.053s][info][gc,metaspace] Klass ID Range:  [16384 - 1090519033) (1090502649)
[0.054s][info][gc,metaspace] Protection zone: [0x0000000129000000 - 0x0000000129004000), (16384 bytes)
[0.849s][info][gc,start    ] GC(0) Pause Young (Normal) (G1 Evacuation Pause)
[0.850s][info][gc,task     ] GC(0) Using 3 workers of 4 for evacuation
[0.863s][info][gc,phases   ] GC(0)   Pre Evacuate Collection Set: 0.11ms
[0.863s][info][gc,phases   ] GC(0)   Merge Heap Roots: 0.12ms
[0.863s][info][gc,phases   ] GC(0)   Evacuate Collection Set: 11.75ms
[0.863s][info][gc,phases   ] GC(0)   Post Evacuate Collection Set: 0.89ms
[0.863s][info][gc,phases   ] GC(0)   Other: 0.44ms
[0.863s][info][gc,heap     ] GC(0) Eden regions: 28->0(53)
[0.863s][info][gc,heap     ] GC(0) Survivor regions: 0->4(4)
[0.863s][info][gc,heap     ] GC(0) Old regions: 2->3
[0.863s][info][gc,heap     ] GC(0) Humongous regions: 0->0
[0.863s][info][gc,metaspace] GC(0) Metaspace: 9377K(9536K)->9377K(9536K) NonClass: 8434K(8512K)->8434K(8512K) Class: 942K(1024K)->942K(1024K)
[0.863s][info][gc          ] GC(0) Pause Young (Normal) (G1 Evacuation Pause) 29M->6M(130M) 13.830ms
[0.863s][info][gc,cpu      ] GC(0) User=0.02s Sys=0.00s Real=0.02s
[7.866s][info][gc,start    ] GC(1) Pause Young (Concurrent Start) (G1 Humongous Allocation)
[7.866s][info][gc,task     ] GC(1) Using 3 workers of 4 for evacuation
[7.879s][info][gc,phases   ] GC(1)   Pre Evacuate Collection Set: 0.24ms
[7.879s][info][gc,phases   ] GC(1)   Merge Heap Roots: 0.13ms
[7.879s][info][gc,phases   ] GC(1)   Evacuate Collection Set: 11.39ms
[7.879s][info][gc,phases   ] GC(1)   Post Evacuate Collection Set: 0.53ms
[7.879s][info][gc,phases   ] GC(1)   Other: 0.15ms
[7.879s][info][gc,heap     ] GC(1) Eden regions: 5->0(35)
[7.879s][info][gc,heap     ] GC(1) Survivor regions: 4->5(8)
[7.879s][info][gc,heap     ] GC(1) Old regions: 3->3
[7.879s][info][gc,heap     ] GC(1) Humongous regions: 54->54
[7.879s][info][gc,metaspace] GC(1) Metaspace: 10063K(10240K)->10063K(10240K) NonClass: 9046K(9152K)->9046K(9152K) Class: 1016K(1088K)->1016K(1088K)
[7.879s][info][gc          ] GC(1) Pause Young (Concurrent Start) (G1 Humongous Allocation) 64M->60M(130M) 12.831ms
[7.879s][info][gc,cpu      ] GC(1) User=0.03s Sys=0.00s Real=0.01s
[7.879s][info][gc          ] GC(2) Concurrent Undo Cycle
[7.879s][info][gc,marking  ] GC(2) Concurrent Clear Claimed Marks
[7.879s][info][gc,marking  ] GC(2) Concurrent Clear Claimed Marks 0.034ms
[7.879s][info][gc,marking  ] GC(2) Concurrent Cleanup for Next Mark
[7.879s][info][gc,marking  ] GC(2) Concurrent Cleanup for Next Mark 0.118ms
[7.879s][info][gc          ] GC(2) Concurrent Undo Cycle 0.365ms
[8.134s][info][gc,start    ] GC(3) Pause Young (Concurrent Start) (G1 Humongous Allocation)
[8.135s][info][gc,task     ] GC(3) Using 3 workers of 4 for evacuation
[8.147s][info][gc,phases   ] GC(3)   Pre Evacuate Collection Set: 0.19ms
[8.147s][info][gc,phases   ] GC(3)   Merge Heap Roots: 0.10ms
[8.147s][info][gc,phases   ] GC(3)   Evacuate Collection Set: 11.82ms
[8.147s][info][gc,phases   ] GC(3)   Post Evacuate Collection Set: 0.44ms
[8.147s][info][gc,phases   ] GC(3)   Other: 0.15ms
[8.147s][info][gc,heap     ] GC(3) Eden regions: 1->0(40)
[8.147s][info][gc,heap     ] GC(3) Survivor regions: 5->1(5)
[8.147s][info][gc,heap     ] GC(3) Old regions: 3->7
[8.147s][info][gc,heap     ] GC(3) Humongous regions: 56->56
[8.147s][info][gc,metaspace] GC(3) Metaspace: 10063K(10240K)->10063K(10240K) NonClass: 9046K(9152K)->9046K(9152K) Class: 1016K(1088K)->1016K(1088K)
[8.147s][info][gc          ] GC(3) Pause Young (Concurrent Start) (G1 Humongous Allocation) 63M->63M(130M) 13.035ms
[8.148s][info][gc,cpu      ] GC(3) User=0.03s Sys=0.00s Real=0.01s
[8.148s][info][gc          ] GC(4) Concurrent Mark Cycle
[8.148s][info][gc,marking  ] GC(4) Concurrent Scan Root Regions
[8.152s][info][gc,marking  ] GC(4) Concurrent Scan Root Regions 4.370ms
[8.152s][info][gc,marking  ] GC(4) Concurrent Mark
[8.152s][info][gc,marking  ] GC(4) Concurrent Mark From Roots
[8.152s][info][gc,task     ] GC(4) Using 1 workers of 1 for marking
[8.157s][info][gc,marking  ] GC(4) Concurrent Mark From Roots 5.493ms
[8.158s][info][gc,marking  ] GC(4) Concurrent Preclean
[8.158s][info][gc,marking  ] GC(4) Concurrent Preclean 0.018ms
[8.158s][info][gc,start    ] GC(4) Pause Remark
[8.165s][info][gc          ] GC(4) Pause Remark 65M->65M(130M) 7.596ms
[8.165s][info][gc,cpu      ] GC(4) User=0.00s Sys=0.00s Real=0.01s
[8.166s][info][gc,marking  ] GC(4) Concurrent Mark 13.524ms
[8.166s][info][gc,marking  ] GC(4) Concurrent Rebuild Remembered Sets and Scrub Regions
[8.171s][info][gc,marking  ] GC(4) Concurrent Rebuild Remembered Sets and Scrub Regions 5.915ms
[8.172s][info][gc,start    ] GC(4) Pause Cleanup
[8.172s][info][gc          ] GC(4) Pause Cleanup 65M->65M(130M) 0.054ms
[8.172s][info][gc,cpu      ] GC(4) User=0.00s Sys=0.00s Real=0.00s
[8.172s][info][gc,marking  ] GC(4) Concurrent Clear Claimed Marks
[8.172s][info][gc,marking  ] GC(4) Concurrent Clear Claimed Marks 0.027ms
[8.172s][info][gc,marking  ] GC(4) Concurrent Cleanup for Next Mark
[8.174s][info][gc,marking  ] GC(4) Concurrent Cleanup for Next Mark 2.004ms
[8.174s][info][gc          ] GC(4) Concurrent Mark Cycle 26.262ms
[32.366s][info][gc,start    ] GC(5) Pause Young (Prepare Mixed) (G1 Humongous Allocation)
[32.367s][info][gc,task     ] GC(5) Using 4 workers of 4 for evacuation
[32.370s][info][gc,phases   ] GC(5)   Pre Evacuate Collection Set: 0.19ms
[32.370s][info][gc,phases   ] GC(5)   Merge Heap Roots: 0.11ms
[32.370s][info][gc,phases   ] GC(5)   Evacuate Collection Set: 2.17ms
[32.370s][info][gc,phases   ] GC(5)   Post Evacuate Collection Set: 0.36ms
[32.370s][info][gc,phases   ] GC(5)   Other: 0.18ms
[32.370s][info][gc,heap     ] GC(5) Eden regions: 1->0(2)
[32.370s][info][gc,heap     ] GC(5) Survivor regions: 1->1(1)
[32.370s][info][gc,heap     ] GC(5) Old regions: 7->7
[32.370s][info][gc,heap     ] GC(5) Humongous regions: 246->246
[32.370s][info][gc,metaspace] GC(5) Metaspace: 10102K(10240K)->10102K(10240K) NonClass: 9085K(9152K)->9085K(9152K) Class: 1016K(1088K)->1016K(1088K)
[32.370s][info][gc          ] GC(5) Pause Young (Prepare Mixed) (G1 Humongous Allocation) 253M->252M(256M) 3.574ms
[32.370s][info][gc,cpu      ] GC(5) User=0.01s Sys=0.00s Real=0.01s
[32.370s][info][gc,start    ] GC(6) Pause Young (Mixed) (G1 Evacuation Pause)
[32.370s][info][gc,task     ] GC(6) Using 4 workers of 4 for evacuation
[32.374s][info][gc,phases   ] GC(6)   Pre Evacuate Collection Set: 0.17ms
[32.374s][info][gc,phases   ] GC(6)   Merge Heap Roots: 0.07ms
[32.374s][info][gc,phases   ] GC(6)   Evacuate Collection Set: 2.87ms
[32.374s][info][gc,phases   ] GC(6)   Post Evacuate Collection Set: 0.62ms
[32.374s][info][gc,phases   ] GC(6)   Other: 0.14ms
[32.374s][info][gc,heap     ] GC(6) Eden regions: 0->0(1)
[32.375s][info][gc,heap     ] GC(6) Survivor regions: 1->0(0)
[32.375s][info][gc,heap     ] GC(6) Old regions: 7->8
[32.375s][info][gc,heap     ] GC(6) Humongous regions: 248->248
[32.375s][info][gc,metaspace] GC(6) Metaspace: 10102K(10240K)->10102K(10240K) NonClass: 9085K(9152K)->9085K(9152K) Class: 1016K(1088K)->1016K(1088K)
[32.375s][info][gc          ] GC(6) Pause Young (Mixed) (G1 Evacuation Pause) (Evacuation Failure: Allocation) 254M->255M(256M) 4.211ms
[32.375s][info][gc,cpu      ] GC(6) User=0.01s Sys=0.00s Real=0.00s
[32.375s][info][gc,ergo     ] Attempting full compaction
[32.375s][info][gc,start    ] GC(7) Pause Full (G1 Compaction Pause)
[32.375s][info][gc,task     ] GC(7) Using 4 workers of 4 for full compaction
[32.375s][info][gc,phases,start] GC(7) Phase 1: Mark live objects
[32.382s][info][gc,phases      ] GC(7) Phase 1: Mark live objects 6.715ms
[32.382s][info][gc,phases,start] GC(7) Phase 2: Prepare compaction
[32.383s][info][gc,phases      ] GC(7) Phase 2: Prepare compaction 1.587ms
[32.383s][info][gc,phases,start] GC(7) Phase 3: Adjust pointers
[32.386s][info][gc,phases      ] GC(7) Phase 3: Adjust pointers 2.692ms
[32.386s][info][gc,phases,start] GC(7) Phase 4: Compact heap
[32.388s][info][gc,phases      ] GC(7) Phase 4: Compact heap 1.604ms
[32.388s][info][gc,phases,start] GC(7) Phase 5: Reset Metadata
[32.388s][info][gc,phases      ] GC(7) Phase 5: Reset Metadata 0.338ms
[32.390s][info][gc,heap        ] GC(7) Eden regions: 0->0(3)
[32.390s][info][gc,heap        ] GC(7) Survivor regions: 0->0(0)
[32.390s][info][gc,heap        ] GC(7) Old regions: 8->5
[32.390s][info][gc,heap        ] GC(7) Humongous regions: 248->248
[32.390s][info][gc,metaspace   ] GC(7) Metaspace: 10102K(10240K)->10093K(10240K) NonClass: 9085K(9152K)->9079K(9152K) Class: 1016K(1088K)->1014K(1088K)
[32.390s][info][gc             ] GC(7) Pause Full (G1 Compaction Pause) 255M->251M(256M) 15.519ms
[32.390s][info][gc,cpu         ] GC(7) User=0.04s Sys=0.00s Real=0.02s
[32.646s][info][gc,start       ] GC(8) Pause Young (Concurrent Start) (G1 Humongous Allocation)
[32.646s][info][gc,task        ] GC(8) Using 4 workers of 4 for evacuation
[32.647s][info][gc,phases      ] GC(8)   Pre Evacuate Collection Set: 0.27ms
[32.647s][info][gc,phases      ] GC(8)   Merge Heap Roots: 0.05ms
[32.647s][info][gc,phases      ] GC(8)   Evacuate Collection Set: 0.47ms
[32.647s][info][gc,phases      ] GC(8)   Post Evacuate Collection Set: 0.36ms
[32.647s][info][gc,phases      ] GC(8)   Other: 0.17ms
[32.647s][info][gc,heap        ] GC(8) Eden regions: 1->0(3)
[32.647s][info][gc,heap        ] GC(8) Survivor regions: 0->0(1)
[32.647s][info][gc,heap        ] GC(8) Old regions: 5->5
[32.647s][info][gc,heap        ] GC(8) Humongous regions: 248->248
[32.648s][info][gc,metaspace   ] GC(8) Metaspace: 10093K(10240K)->10093K(10240K) NonClass: 9079K(9152K)->9079K(9152K) Class: 1014K(1088K)->1014K(1088K)
[32.648s][info][gc             ] GC(8) Pause Young (Concurrent Start) (G1 Humongous Allocation) 251M->251M(256M) 1.795ms
[32.648s][info][gc,cpu         ] GC(8) User=0.00s Sys=0.00s Real=0.00s
[32.648s][info][gc             ] GC(9) Concurrent Mark Cycle
[32.648s][info][gc,marking     ] GC(9) Concurrent Scan Root Regions
[32.648s][info][gc,start       ] GC(10) Pause Young (Normal) (G1 Humongous Allocation)
[32.648s][info][gc,marking     ] GC(9) Concurrent Scan Root Regions 0.054ms
[32.648s][info][gc,task        ] GC(10) Using 4 workers of 4 for evacuation
[32.648s][info][gc,marking     ] GC(9) Concurrent Mark
[32.648s][info][gc,marking     ] GC(9) Concurrent Mark From Roots
[32.648s][info][gc,task        ] GC(9) Using 1 workers of 1 for marking
[32.649s][info][gc,phases      ] GC(10)   Pre Evacuate Collection Set: 0.20ms
[32.649s][info][gc,phases      ] GC(10)   Merge Heap Roots: 0.04ms
[32.649s][info][gc,phases      ] GC(10)   Evacuate Collection Set: 0.23ms
[32.649s][info][gc,phases      ] GC(10)   Post Evacuate Collection Set: 0.29ms
[32.649s][info][gc,phases      ] GC(10)   Other: 0.18ms
[32.649s][info][gc,heap        ] GC(10) Eden regions: 0->0(3)
[32.649s][info][gc,heap        ] GC(10) Survivor regions: 0->0(1)
[32.649s][info][gc,heap        ] GC(10) Old regions: 5->5
[32.649s][info][gc,heap        ] GC(10) Humongous regions: 248->248
[32.649s][info][gc,metaspace   ] GC(10) Metaspace: 10093K(10240K)->10093K(10240K) NonClass: 9079K(9152K)->9079K(9152K) Class: 1014K(1088K)->1014K(1088K)
[32.649s][info][gc             ] GC(10) Pause Young (Normal) (G1 Humongous Allocation) 251M->251M(256M) 1.402ms
[32.649s][info][gc,cpu         ] GC(10) User=0.01s Sys=0.00s Real=0.01s
[32.649s][info][gc,ergo        ] Attempting full compaction
[32.649s][info][gc,start       ] GC(11) Pause Full (G1 Compaction Pause)
[32.649s][info][gc,task        ] GC(11) Using 4 workers of 4 for full compaction
[32.650s][info][gc,phases,start] GC(11) Phase 1: Mark live objects
[32.657s][info][gc,phases      ] GC(11) Phase 1: Mark live objects 7.109ms
[32.657s][info][gc,phases,start] GC(11) Phase 2: Prepare compaction
[32.658s][info][gc,phases      ] GC(11) Phase 2: Prepare compaction 0.596ms
[32.658s][info][gc,phases,start] GC(11) Phase 3: Adjust pointers
[32.660s][info][gc,phases      ] GC(11) Phase 3: Adjust pointers 2.695ms
[32.660s][info][gc,phases,start] GC(11) Phase 4: Compact heap
[32.661s][info][gc,phases      ] GC(11) Phase 4: Compact heap 0.600ms
[32.661s][info][gc,phases,start] GC(11) Phase 5: Reset Metadata
[32.662s][info][gc,phases      ] GC(11) Phase 5: Reset Metadata 0.628ms
[32.664s][info][gc,heap        ] GC(11) Eden regions: 0->0(4)
[32.664s][info][gc,heap        ] GC(11) Survivor regions: 0->0(1)
[32.664s][info][gc,heap        ] GC(11) Old regions: 5->4
[32.664s][info][gc,heap        ] GC(11) Humongous regions: 248->248
[32.664s][info][gc,metaspace   ] GC(11) Metaspace: 10093K(10240K)->10093K(10240K) NonClass: 9079K(9152K)->9079K(9152K) Class: 1014K(1088K)->1014K(1088K)
[32.664s][info][gc             ] GC(11) Pause Full (G1 Compaction Pause) 251M->251M(256M) 14.453ms
[32.664s][info][gc,cpu         ] GC(11) User=0.04s Sys=0.01s Real=0.01s
[32.664s][info][gc,marking     ] GC(9) Concurrent Mark From Roots 15.775ms
[32.664s][info][gc,marking     ] GC(9) Concurrent Mark Abort
[32.664s][info][gc             ] GC(9) Concurrent Mark Cycle 16.219ms
[32.919s][info][gc,start       ] GC(12) Pause Young (Concurrent Start) (G1 Humongous Allocation)
[32.920s][info][gc,task        ] GC(12) Using 4 workers of 4 for evacuation
[32.921s][info][gc,phases      ] GC(12)   Pre Evacuate Collection Set: 0.28ms
[32.921s][info][gc,phases      ] GC(12)   Merge Heap Roots: 0.06ms
[32.921s][info][gc,phases      ] GC(12)   Evacuate Collection Set: 0.45ms
[32.921s][info][gc,phases      ] GC(12)   Post Evacuate Collection Set: 0.34ms
[32.921s][info][gc,phases      ] GC(12)   Other: 0.18ms
[32.921s][info][gc,heap        ] GC(12) Eden regions: 1->0(2)
[32.921s][info][gc,heap        ] GC(12) Survivor regions: 0->0(1)
[32.921s][info][gc,heap        ] GC(12) Old regions: 4->4
[32.921s][info][gc,heap        ] GC(12) Humongous regions: 250->250
[32.921s][info][gc,metaspace   ] GC(12) Metaspace: 10093K(10240K)->10093K(10240K) NonClass: 9079K(9152K)->9079K(9152K) Class: 1014K(1088K)->1014K(1088K)
[32.921s][info][gc             ] GC(12) Pause Young (Concurrent Start) (G1 Humongous Allocation) 253M->253M(256M) 1.774ms
[32.921s][info][gc,cpu         ] GC(12) User=0.00s Sys=0.00s Real=0.00s
[32.921s][info][gc             ] GC(13) Concurrent Mark Cycle
[32.921s][info][gc,marking     ] GC(13) Concurrent Scan Root Regions
[32.921s][info][gc,start       ] GC(14) Pause Young (Normal) (G1 Humongous Allocation)
[32.921s][info][gc,marking     ] GC(13) Concurrent Scan Root Regions 0.053ms
[32.921s][info][gc,task        ] GC(14) Using 4 workers of 4 for evacuation
[32.922s][info][gc,marking     ] GC(13) Concurrent Mark
[32.922s][info][gc,marking     ] GC(13) Concurrent Mark From Roots
[32.922s][info][gc,task        ] GC(13) Using 1 workers of 1 for marking
[32.922s][info][gc,phases      ] GC(14)   Pre Evacuate Collection Set: 0.18ms
[32.922s][info][gc,phases      ] GC(14)   Merge Heap Roots: 0.06ms
[32.922s][info][gc,phases      ] GC(14)   Evacuate Collection Set: 0.15ms
[32.922s][info][gc,phases      ] GC(14)   Post Evacuate Collection Set: 0.30ms
[32.922s][info][gc,phases      ] GC(14)   Other: 0.18ms
[32.923s][info][gc,heap        ] GC(14) Eden regions: 0->0(2)
[32.923s][info][gc,heap        ] GC(14) Survivor regions: 0->0(1)
[32.923s][info][gc,heap        ] GC(14) Old regions: 4->4
[32.923s][info][gc,heap        ] GC(14) Humongous regions: 250->250
[32.923s][info][gc,metaspace   ] GC(14) Metaspace: 10093K(10240K)->10093K(10240K) NonClass: 9079K(9152K)->9079K(9152K) Class: 1014K(1088K)->1014K(1088K)
[32.923s][info][gc             ] GC(14) Pause Young (Normal) (G1 Humongous Allocation) 253M->253M(256M) 1.257ms
[32.923s][info][gc,cpu         ] GC(14) User=0.00s Sys=0.00s Real=0.00s
[32.923s][info][gc,ergo        ] Attempting full compaction
[32.923s][info][gc,start       ] GC(15) Pause Full (G1 Compaction Pause)
[32.923s][info][gc,task        ] GC(15) Using 4 workers of 4 for full compaction
[32.923s][info][gc,phases,start] GC(15) Phase 1: Mark live objects
[32.932s][info][gc,phases      ] GC(15) Phase 1: Mark live objects 8.587ms
[32.932s][info][gc,phases,start] GC(15) Phase 2: Prepare compaction
[32.933s][info][gc,phases      ] GC(15) Phase 2: Prepare compaction 0.553ms
[32.933s][info][gc,phases,start] GC(15) Phase 3: Adjust pointers
[32.935s][info][gc,phases      ] GC(15) Phase 3: Adjust pointers 2.812ms
[32.935s][info][gc,phases,start] GC(15) Phase 4: Compact heap
[32.936s][info][gc,phases      ] GC(15) Phase 4: Compact heap 0.215ms
[32.936s][info][gc,phases,start] GC(15) Phase 5: Reset Metadata
[32.937s][info][gc,phases      ] GC(15) Phase 5: Reset Metadata 0.834ms
[32.938s][info][gc,heap        ] GC(15) Eden regions: 0->0(2)
[32.938s][info][gc,heap        ] GC(15) Survivor regions: 0->0(1)
[32.938s][info][gc,heap        ] GC(15) Old regions: 4->4
[32.938s][info][gc,heap        ] GC(15) Humongous regions: 250->250
[32.938s][info][gc,metaspace   ] GC(15) Metaspace: 10093K(10240K)->10093K(10240K) NonClass: 9079K(9152K)->9079K(9152K) Class: 1014K(1088K)->1014K(1088K)
[32.938s][info][gc             ] GC(15) Pause Full (G1 Compaction Pause) 253M->253M(256M) 15.688ms
[32.938s][info][gc,cpu         ] GC(15) User=0.04s Sys=0.00s Real=0.01s
[32.938s][info][gc,ergo        ] Attempting maximal full compaction clearing soft references
[32.938s][info][gc,start       ] GC(16) Pause Full (G1 Compaction Pause)
[32.938s][info][gc,task        ] GC(16) Using 4 workers of 4 for full compaction
[32.939s][info][gc,phases,start] GC(16) Phase 1: Mark live objects
[32.943s][info][gc,phases      ] GC(16) Phase 1: Mark live objects 4.280ms
[32.943s][info][gc,phases,start] GC(16) Phase 2: Prepare compaction
[32.945s][info][gc,phases      ] GC(16) Phase 2: Prepare compaction 1.965ms
[32.945s][info][gc,phases,start] GC(16) Phase 3: Adjust pointers
[32.948s][info][gc,phases      ] GC(16) Phase 3: Adjust pointers 2.336ms
[32.948s][info][gc,phases,start] GC(16) Phase 4: Compact heap
[32.976s][info][gc,phases      ] GC(16) Phase 4: Compact heap 28.589ms
[32.976s][info][gc,phases,start] GC(16) Phase 5: Reset Metadata
[32.977s][info][gc,phases      ] GC(16) Phase 5: Reset Metadata 0.575ms
[32.979s][info][gc,heap        ] GC(16) Eden regions: 0->0(2)
[32.979s][info][gc,heap        ] GC(16) Survivor regions: 0->0(1)
[32.979s][info][gc,heap        ] GC(16) Old regions: 4->4
[32.979s][info][gc,heap        ] GC(16) Humongous regions: 250->250
[32.979s][info][gc,metaspace   ] GC(16) Metaspace: 10093K(10240K)->10093K(10240K) NonClass: 9079K(9152K)->9079K(9152K) Class: 1014K(1088K)->1014K(1088K)
[32.979s][info][gc             ] GC(16) Pause Full (G1 Compaction Pause) 253M->253M(256M) 40.172ms
[32.979s][info][gc,cpu         ] GC(16) User=0.05s Sys=0.01s Real=0.04s
[32.979s][info][gc,marking     ] GC(13) Concurrent Mark From Roots 57.101ms
[32.979s][info][gc,marking     ] GC(13) Concurrent Mark Abort
[32.979s][info][gc             ] GC(13) Concurrent Mark Cycle 57.599ms
[32.979s][info][gc,start       ] GC(17) Pause Young (Normal) (G1 Evacuation Pause)
[32.979s][info][gc,task        ] GC(17) Using 4 workers of 4 for evacuation
[32.979s][info][gc,phases      ] GC(17)   Pre Evacuate Collection Set: 0.09ms
[32.979s][info][gc,phases      ] GC(17)   Merge Heap Roots: 0.05ms
[32.979s][info][gc,phases      ] GC(17)   Evacuate Collection Set: 0.08ms
[32.980s][info][gc,phases      ] GC(17)   Post Evacuate Collection Set: 0.19ms
[32.980s][info][gc,phases      ] GC(17)   Other: 0.11ms
[32.980s][info][gc,heap        ] GC(17) Eden regions: 0->0(1)
[32.980s][info][gc,heap        ] GC(17) Survivor regions: 0->0(0)
[32.980s][info][gc,heap        ] GC(17) Old regions: 4->4
[32.980s][info][gc,heap        ] GC(17) Humongous regions: 252->252
[32.980s][info][gc,metaspace   ] GC(17) Metaspace: 10093K(10240K)->10093K(10240K) NonClass: 9079K(9152K)->9079K(9152K) Class: 1014K(1088K)->1014K(1088K)
[32.980s][info][gc             ] GC(17) Pause Young (Normal) (G1 Evacuation Pause) 255M->255M(256M) 0.711ms
[32.980s][info][gc,cpu         ] GC(17) User=0.00s Sys=0.00s Real=0.00s
[32.980s][info][gc,ergo        ] Attempting full compaction
[32.980s][info][gc,start       ] GC(18) Pause Full (G1 Compaction Pause)
[32.980s][info][gc,task        ] GC(18) Using 4 workers of 4 for full compaction
[32.980s][info][gc,phases,start] GC(18) Phase 1: Mark live objects
[32.984s][info][gc,phases      ] GC(18) Phase 1: Mark live objects 4.329ms
[32.984s][info][gc,phases,start] GC(18) Phase 2: Prepare compaction
[32.984s][info][gc,phases      ] GC(18) Phase 2: Prepare compaction 0.235ms
[32.984s][info][gc,phases,start] GC(18) Phase 3: Adjust pointers
[32.987s][info][gc,phases      ] GC(18) Phase 3: Adjust pointers 2.229ms
[32.987s][info][gc,phases,start] GC(18) Phase 4: Compact heap
[32.987s][info][gc,phases      ] GC(18) Phase 4: Compact heap 0.155ms
[32.987s][info][gc,phases,start] GC(18) Phase 5: Reset Metadata
[32.988s][info][gc,phases      ] GC(18) Phase 5: Reset Metadata 0.681ms
[32.989s][info][gc,heap        ] GC(18) Eden regions: 0->0(1)
[32.989s][info][gc,heap        ] GC(18) Survivor regions: 0->0(0)
[32.989s][info][gc,heap        ] GC(18) Old regions: 4->4
[32.989s][info][gc,heap        ] GC(18) Humongous regions: 252->252
[32.989s][info][gc,metaspace   ] GC(18) Metaspace: 10093K(10240K)->10093K(10240K) NonClass: 9079K(9152K)->9079K(9152K) Class: 1014K(1088K)->1014K(1088K)
[32.989s][info][gc             ] GC(18) Pause Full (G1 Compaction Pause) 255M->255M(256M) 9.474ms
[32.989s][info][gc,cpu         ] GC(18) User=0.03s Sys=0.00s Real=0.01s
[32.989s][info][gc,ergo        ] Attempting maximal full compaction clearing soft references
[32.989s][info][gc,start       ] GC(19) Pause Full (G1 Compaction Pause)
[32.989s][info][gc,task        ] GC(19) Using 4 workers of 4 for full compaction
[32.989s][info][gc,phases,start] GC(19) Phase 1: Mark live objects
[32.993s][info][gc,phases      ] GC(19) Phase 1: Mark live objects 3.923ms
[32.993s][info][gc,phases,start] GC(19) Phase 2: Prepare compaction
[32.995s][info][gc,phases      ] GC(19) Phase 2: Prepare compaction 1.651ms
[32.995s][info][gc,phases,start] GC(19) Phase 3: Adjust pointers
[32.997s][info][gc,phases      ] GC(19) Phase 3: Adjust pointers 2.082ms
[32.997s][info][gc,phases,start] GC(19) Phase 4: Compact heap
[32.998s][info][gc,phases      ] GC(19) Phase 4: Compact heap 0.945ms
[32.998s][info][gc,phases,start] GC(19) Phase 5: Reset Metadata
[32.998s][info][gc,phases      ] GC(19) Phase 5: Reset Metadata 0.418ms
[33.000s][info][gc,heap        ] GC(19) Eden regions: 0->0(1)
[33.000s][info][gc,heap        ] GC(19) Survivor regions: 0->0(0)
[33.000s][info][gc,heap        ] GC(19) Old regions: 4->4
[33.000s][info][gc,heap        ] GC(19) Humongous regions: 252->252
[33.000s][info][gc,metaspace   ] GC(19) Metaspace: 10093K(10240K)->10093K(10240K) NonClass: 9079K(9152K)->9079K(9152K) Class: 1014K(1088K)->1014K(1088K)
[33.000s][info][gc             ] GC(19) Pause Full (G1 Compaction Pause) 255M->255M(256M) 10.786ms
[33.000s][info][gc,cpu         ] GC(19) User=0.02s Sys=0.01s Real=0.01s
[33.000s][info][gc,start       ] GC(20) Pause Young (Concurrent Start) (G1 Evacuation Pause)
[33.000s][info][gc,task        ] GC(20) Using 4 workers of 4 for evacuation
[33.001s][info][gc,phases      ] GC(20)   Pre Evacuate Collection Set: 0.11ms
[33.001s][info][gc,phases      ] GC(20)   Merge Heap Roots: 0.03ms
[33.001s][info][gc,phases      ] GC(20)   Evacuate Collection Set: 0.30ms
[33.001s][info][gc,phases      ] GC(20)   Post Evacuate Collection Set: 0.17ms
[33.001s][info][gc,phases      ] GC(20)   Other: 0.07ms
[33.001s][info][gc,heap        ] GC(20) Eden regions: 0->0(1)
[33.001s][info][gc,heap        ] GC(20) Survivor regions: 0->0(0)
[33.001s][info][gc,heap        ] GC(20) Old regions: 4->4
[33.001s][info][gc,heap        ] GC(20) Humongous regions: 252->252
[33.001s][info][gc,metaspace   ] GC(20) Metaspace: 10093K(10240K)->10093K(10240K) NonClass: 9079K(9152K)->9079K(9152K) Class: 1014K(1088K)->1014K(1088K)
[33.001s][info][gc             ] GC(20) Pause Young (Concurrent Start) (G1 Evacuation Pause) 255M->255M(256M) 0.927ms
[33.001s][info][gc,cpu         ] GC(20) User=0.00s Sys=0.00s Real=0.00s
[33.001s][info][gc             ] GC(21) Concurrent Mark Cycle
[33.001s][info][gc,ergo        ] Attempting full compaction
[33.001s][info][gc,marking     ] GC(21) Concurrent Scan Root Regions
[33.001s][info][gc,start       ] GC(22) Pause Full (G1 Compaction Pause)
[33.001s][info][gc,marking     ] GC(21) Concurrent Scan Root Regions 0.058ms
[33.001s][info][gc,task        ] GC(22) Using 4 workers of 4 for full compaction
[33.001s][info][gc,marking     ] GC(21) Concurrent Mark
[33.001s][info][gc,marking     ] GC(21) Concurrent Mark From Roots
[33.001s][info][gc,task        ] GC(21) Using 1 workers of 1 for marking
[33.002s][info][gc,phases,start] GC(22) Phase 1: Mark live objects
[33.005s][info][gc,phases      ] GC(22) Phase 1: Mark live objects 3.508ms
[33.005s][info][gc,phases,start] GC(22) Phase 2: Prepare compaction
[33.006s][info][gc,phases      ] GC(22) Phase 2: Prepare compaction 0.192ms
[33.006s][info][gc,phases,start] GC(22) Phase 3: Adjust pointers
[33.007s][info][gc,phases      ] GC(22) Phase 3: Adjust pointers 1.840ms
[33.007s][info][gc,phases,start] GC(22) Phase 4: Compact heap
[33.008s][info][gc,phases      ] GC(22) Phase 4: Compact heap 0.133ms
[33.008s][info][gc,phases,start] GC(22) Phase 5: Reset Metadata
[33.008s][info][gc,phases      ] GC(22) Phase 5: Reset Metadata 0.612ms
[33.010s][info][gc,heap        ] GC(22) Eden regions: 0->0(1)
[33.010s][info][gc,heap        ] GC(22) Survivor regions: 0->0(0)
[33.010s][info][gc,heap        ] GC(22) Old regions: 4->4
[33.010s][info][gc,heap        ] GC(22) Humongous regions: 252->252
[33.010s][info][gc,metaspace   ] GC(22) Metaspace: 10093K(10240K)->10093K(10240K) NonClass: 9079K(9152K)->9079K(9152K) Class: 1014K(1088K)->1014K(1088K)
[33.010s][info][gc             ] GC(22) Pause Full (G1 Compaction Pause) 255M->255M(256M) 8.483ms
[33.010s][info][gc,cpu         ] GC(22) User=0.02s Sys=0.00s Real=0.01s
[33.010s][info][gc,ergo        ] Attempting maximal full compaction clearing soft references
[33.010s][info][gc,start       ] GC(23) Pause Full (G1 Compaction Pause)
[33.010s][info][gc,task        ] GC(23) Using 4 workers of 4 for full compaction
[33.010s][info][gc,phases,start] GC(23) Phase 1: Mark live objects
[33.013s][info][gc,phases      ] GC(23) Phase 1: Mark live objects 3.031ms
[33.013s][info][gc,phases,start] GC(23) Phase 2: Prepare compaction
[33.015s][info][gc,phases      ] GC(23) Phase 2: Prepare compaction 1.391ms
[33.015s][info][gc,phases,start] GC(23) Phase 3: Adjust pointers
[33.017s][info][gc,phases      ] GC(23) Phase 3: Adjust pointers 1.964ms
[33.017s][info][gc,phases,start] GC(23) Phase 4: Compact heap
[33.017s][info][gc,phases      ] GC(23) Phase 4: Compact heap 0.887ms
[33.017s][info][gc,phases,start] GC(23) Phase 5: Reset Metadata
[33.018s][info][gc,phases      ] GC(23) Phase 5: Reset Metadata 0.400ms
[33.019s][info][gc,heap        ] GC(23) Eden regions: 0->0(1)
[33.019s][info][gc,heap        ] GC(23) Survivor regions: 0->0(0)
[33.019s][info][gc,heap        ] GC(23) Old regions: 4->4
[33.019s][info][gc,heap        ] GC(23) Humongous regions: 252->252
[33.019s][info][gc,metaspace   ] GC(23) Metaspace: 10093K(10240K)->10093K(10240K) NonClass: 9079K(9152K)->9079K(9152K) Class: 1014K(1088K)->1014K(1088K)
[33.019s][info][gc             ] GC(23) Pause Full (G1 Compaction Pause) 255M->255M(256M) 9.658ms
[33.019s][info][gc,cpu         ] GC(23) User=0.03s Sys=0.00s Real=0.01s
[33.020s][info][gc,marking     ] GC(21) Concurrent Mark From Roots 18.120ms
[33.020s][info][gc,marking     ] GC(21) Concurrent Mark Abort
[33.020s][info][gc             ] GC(21) Concurrent Mark Cycle 18.394ms
[33.020s][info][gc,start       ] GC(24) Pause Young (Normal) (G1 Evacuation Pause)
[33.020s][info][gc,task        ] GC(24) Using 4 workers of 4 for evacuation
[33.020s][info][gc,phases      ] GC(24)   Pre Evacuate Collection Set: 0.08ms
[33.020s][info][gc,phases      ] GC(24)   Merge Heap Roots: 0.02ms
[33.020s][info][gc,phases      ] GC(24)   Evacuate Collection Set: 0.13ms
[33.020s][info][gc,phases      ] GC(24)   Post Evacuate Collection Set: 0.12ms
[33.020s][info][gc,phases      ] GC(24)   Other: 0.06ms
[33.020s][info][gc,heap        ] GC(24) Eden regions: 0->0(1)
[33.020s][info][gc,heap        ] GC(24) Survivor regions: 0->0(0)
[33.020s][info][gc,heap        ] GC(24) Old regions: 4->4
[33.020s][info][gc,heap        ] GC(24) Humongous regions: 252->252
[33.020s][info][gc,metaspace   ] GC(24) Metaspace: 10093K(10240K)->10093K(10240K) NonClass: 9079K(9152K)->9079K(9152K) Class: 1014K(1088K)->1014K(1088K)
[33.020s][info][gc             ] GC(24) Pause Young (Normal) (G1 Evacuation Pause) 255M->255M(256M) 0.578ms
[33.020s][info][gc,cpu         ] GC(24) User=0.00s Sys=0.00s Real=0.00s
[33.020s][info][gc,ergo        ] Attempting full compaction
[33.020s][info][gc,start       ] GC(25) Pause Full (G1 Compaction Pause)
[33.020s][info][gc,task        ] GC(25) Using 4 workers of 4 for full compaction
[33.020s][info][gc,phases,start] GC(25) Phase 1: Mark live objects
[33.024s][info][gc,phases      ] GC(25) Phase 1: Mark live objects 3.596ms
[33.024s][info][gc,phases,start] GC(25) Phase 2: Prepare compaction
[33.024s][info][gc,phases      ] GC(25) Phase 2: Prepare compaction 0.174ms
[33.024s][info][gc,phases,start] GC(25) Phase 3: Adjust pointers
[33.026s][info][gc,phases      ] GC(25) Phase 3: Adjust pointers 2.260ms
[33.026s][info][gc,phases,start] GC(25) Phase 4: Compact heap
[33.027s][info][gc,phases      ] GC(25) Phase 4: Compact heap 0.161ms
[33.027s][info][gc,phases,start] GC(25) Phase 5: Reset Metadata
[33.028s][info][gc,phases      ] GC(25) Phase 5: Reset Metadata 0.950ms
[33.029s][info][gc,heap        ] GC(25) Eden regions: 0->0(1)
[33.029s][info][gc,heap        ] GC(25) Survivor regions: 0->0(0)
[33.029s][info][gc,heap        ] GC(25) Old regions: 4->4
[33.029s][info][gc,heap        ] GC(25) Humongous regions: 252->252
[33.029s][info][gc,metaspace   ] GC(25) Metaspace: 10093K(10240K)->10093K(10240K) NonClass: 9079K(9152K)->9079K(9152K) Class: 1014K(1088K)->1014K(1088K)
[33.029s][info][gc             ] GC(25) Pause Full (G1 Compaction Pause) 255M->255M(256M) 8.826ms
[33.029s][info][gc,cpu         ] GC(25) User=0.02s Sys=0.00s Real=0.01s
[33.029s][info][gc,ergo        ] Attempting maximal full compaction clearing soft references
[33.029s][info][gc,start       ] GC(26) Pause Full (G1 Compaction Pause)
[33.029s][info][gc,task        ] GC(26) Using 4 workers of 4 for full compaction
[33.029s][info][gc,phases,start] GC(26) Phase 1: Mark live objects
[33.037s][info][gc,phases      ] GC(26) Phase 1: Mark live objects 7.652ms
[33.037s][info][gc,phases,start] GC(26) Phase 2: Prepare compaction
[33.039s][info][gc,phases      ] GC(26) Phase 2: Prepare compaction 1.934ms
[33.039s][info][gc,phases,start] GC(26) Phase 3: Adjust pointers
[33.041s][info][gc,phases      ] GC(26) Phase 3: Adjust pointers 1.999ms
[33.041s][info][gc,phases,start] GC(26) Phase 4: Compact heap
[33.042s][info][gc,phases      ] GC(26) Phase 4: Compact heap 0.916ms
[33.042s][info][gc,phases,start] GC(26) Phase 5: Reset Metadata
[33.042s][info][gc,phases      ] GC(26) Phase 5: Reset Metadata 0.517ms
[33.045s][info][gc,heap        ] GC(26) Eden regions: 0->0(1)
[33.045s][info][gc,heap        ] GC(26) Survivor regions: 0->0(0)
[33.045s][info][gc,heap        ] GC(26) Old regions: 4->4
[33.045s][info][gc,heap        ] GC(26) Humongous regions: 252->252
[33.045s][info][gc,metaspace   ] GC(26) Metaspace: 10093K(10240K)->10093K(10240K) NonClass: 9079K(9152K)->9079K(9152K) Class: 1014K(1088K)->1014K(1088K)
[33.045s][info][gc             ] GC(26) Pause Full (G1 Compaction Pause) 255M->255M(256M) 15.974ms
[33.045s][info][gc,cpu         ] GC(26) User=0.02s Sys=0.00s Real=0.01s
[33.045s][info][gc,start       ] GC(27) Pause Young (Concurrent Start) (G1 Evacuation Pause)
[33.045s][info][gc,task        ] GC(27) Using 4 workers of 4 for evacuation
[33.046s][info][gc,phases      ] GC(27)   Pre Evacuate Collection Set: 0.15ms
[33.046s][info][gc,phases      ] GC(27)   Merge Heap Roots: 0.02ms
[33.046s][info][gc,phases      ] GC(27)   Evacuate Collection Set: 0.33ms
[33.046s][info][gc,phases      ] GC(27)   Post Evacuate Collection Set: 0.19ms
[33.046s][info][gc,phases      ] GC(27)   Other: 0.09ms
[33.046s][info][gc,heap        ] GC(27) Eden regions: 0->0(1)
[33.046s][info][gc,heap        ] GC(27) Survivor regions: 0->0(0)
[33.046s][info][gc,heap        ] GC(27) Old regions: 4->4
[33.046s][info][gc,heap        ] GC(27) Humongous regions: 252->252
[33.046s][info][gc,metaspace   ] GC(27) Metaspace: 10093K(10240K)->10093K(10240K) NonClass: 9079K(9152K)->9079K(9152K) Class: 1014K(1088K)->1014K(1088K)
[33.046s][info][gc             ] GC(27) Pause Young (Concurrent Start) (G1 Evacuation Pause) 255M->255M(256M) 1.045ms
[33.046s][info][gc,cpu         ] GC(27) User=0.00s Sys=0.00s Real=0.00s
[33.046s][info][gc             ] GC(28) Concurrent Mark Cycle
[33.046s][info][gc,ergo        ] Attempting full compaction
[33.046s][info][gc,marking     ] GC(28) Concurrent Scan Root Regions
[33.046s][info][gc,start       ] GC(29) Pause Full (G1 Compaction Pause)
[33.046s][info][gc,task        ] GC(29) Using 4 workers of 4 for full compaction
[33.046s][info][gc,marking     ] GC(28) Concurrent Scan Root Regions 0.103ms
[33.047s][info][gc,phases,start] GC(29) Phase 1: Mark live objects
[33.051s][info][gc,phases      ] GC(29) Phase 1: Mark live objects 4.119ms
[33.051s][info][gc,phases,start] GC(29) Phase 2: Prepare compaction
[33.051s][info][gc,phases      ] GC(29) Phase 2: Prepare compaction 0.207ms
[33.051s][info][gc,phases,start] GC(29) Phase 3: Adjust pointers
[33.053s][info][gc,phases      ] GC(29) Phase 3: Adjust pointers 2.123ms
[33.053s][info][gc,phases,start] GC(29) Phase 4: Compact heap
[33.054s][info][gc,phases      ] GC(29) Phase 4: Compact heap 0.167ms
[33.054s][info][gc,phases,start] GC(29) Phase 5: Reset Metadata
[33.054s][info][gc,phases      ] GC(29) Phase 5: Reset Metadata 0.503ms
[33.056s][info][gc,heap        ] GC(29) Eden regions: 0->0(1)
[33.056s][info][gc,heap        ] GC(29) Survivor regions: 0->0(0)
[33.056s][info][gc,heap        ] GC(29) Old regions: 4->4
[33.056s][info][gc,heap        ] GC(29) Humongous regions: 252->252
[33.056s][info][gc,metaspace   ] GC(29) Metaspace: 10093K(10240K)->10093K(10240K) NonClass: 9079K(9152K)->9079K(9152K) Class: 1014K(1088K)->1014K(1088K)
[33.056s][info][gc             ] GC(29) Pause Full (G1 Compaction Pause) 255M->255M(256M) 9.395ms
[33.056s][info][gc,cpu         ] GC(29) User=0.03s Sys=0.00s Real=0.01s
[33.056s][info][gc,ergo        ] Attempting maximal full compaction clearing soft references
[33.056s][info][gc,start       ] GC(30) Pause Full (G1 Compaction Pause)
[33.056s][info][gc,task        ] GC(30) Using 4 workers of 4 for full compaction
[33.056s][info][gc,phases,start] GC(30) Phase 1: Mark live objects
[33.062s][info][gc,phases      ] GC(30) Phase 1: Mark live objects 5.550ms
[33.062s][info][gc,phases,start] GC(30) Phase 2: Prepare compaction
[33.063s][info][gc,phases      ] GC(30) Phase 2: Prepare compaction 1.637ms
[33.063s][info][gc,phases,start] GC(30) Phase 3: Adjust pointers
[33.065s][info][gc,phases      ] GC(30) Phase 3: Adjust pointers 1.987ms
[33.066s][info][gc,phases,start] GC(30) Phase 4: Compact heap
[33.066s][info][gc,phases      ] GC(30) Phase 4: Compact heap 0.969ms
[33.067s][info][gc,phases,start] GC(30) Phase 5: Reset Metadata
[33.067s][info][gc,phases      ] GC(30) Phase 5: Reset Metadata 0.423ms
[33.069s][info][gc,heap        ] GC(30) Eden regions: 0->0(1)
[33.069s][info][gc,heap        ] GC(30) Survivor regions: 0->0(0)
[33.069s][info][gc,heap        ] GC(30) Old regions: 4->4
[33.069s][info][gc,heap        ] GC(30) Humongous regions: 252->252
[33.069s][info][gc,metaspace   ] GC(30) Metaspace: 10093K(10240K)->10093K(10240K) NonClass: 9079K(9152K)->9079K(9152K) Class: 1014K(1088K)->1014K(1088K)
[33.069s][info][gc             ] GC(30) Pause Full (G1 Compaction Pause) 255M->255M(256M) 12.976ms
[33.069s][info][gc,cpu         ] GC(30) User=0.02s Sys=0.01s Real=0.02s
[33.069s][info][gc,marking     ] GC(28) Concurrent Mark Abort
[33.069s][info][gc             ] GC(28) Concurrent Mark Cycle 22.568ms
[33.069s][info][gc,start       ] GC(31) Pause Young (Normal) (G1 Evacuation Pause)
[33.069s][info][gc,task        ] GC(31) Using 4 workers of 4 for evacuation
[33.070s][info][gc,phases      ] GC(31)   Pre Evacuate Collection Set: 0.08ms
[33.070s][info][gc,phases      ] GC(31)   Merge Heap Roots: 0.02ms
[33.070s][info][gc,phases      ] GC(31)   Evacuate Collection Set: 0.08ms
[33.070s][info][gc,phases      ] GC(31)   Post Evacuate Collection Set: 0.14ms
[33.070s][info][gc,phases      ] GC(31)   Other: 0.07ms
[33.070s][info][gc,heap        ] GC(31) Eden regions: 0->0(1)
[33.070s][info][gc,heap        ] GC(31) Survivor regions: 0->0(0)
[33.070s][info][gc,heap        ] GC(31) Old regions: 4->4
[33.070s][info][gc,heap        ] GC(31) Humongous regions: 252->252
[33.070s][info][gc,metaspace   ] GC(31) Metaspace: 10094K(10240K)->10094K(10240K) NonClass: 9080K(9152K)->9080K(9152K) Class: 1014K(1088K)->1014K(1088K)
[33.070s][info][gc             ] GC(31) Pause Young (Normal) (G1 Evacuation Pause) 255M->255M(256M) 0.588ms
[33.070s][info][gc,cpu         ] GC(31) User=0.00s Sys=0.00s Real=0.00s
[33.070s][info][gc,ergo        ] Attempting full compaction
[33.070s][info][gc,start       ] GC(32) Pause Full (G1 Compaction Pause)
[33.070s][info][gc,task        ] GC(32) Using 4 workers of 4 for full compaction
[33.070s][info][gc,phases,start] GC(32) Phase 1: Mark live objects
[33.074s][info][gc,phases      ] GC(32) Phase 1: Mark live objects 3.929ms
[33.074s][info][gc,phases,start] GC(32) Phase 2: Prepare compaction
[33.074s][info][gc,phases      ] GC(32) Phase 2: Prepare compaction 0.432ms
[33.074s][info][gc,phases,start] GC(32) Phase 3: Adjust pointers
[33.076s][info][gc,phases      ] GC(32) Phase 3: Adjust pointers 2.206ms
[33.077s][info][gc,phases,start] GC(32) Phase 4: Compact heap
[33.077s][info][gc,phases      ] GC(32) Phase 4: Compact heap 0.691ms
[33.077s][info][gc,phases,start] GC(32) Phase 5: Reset Metadata
[33.078s][info][gc,phases      ] GC(32) Phase 5: Reset Metadata 0.506ms
[33.079s][info][gc,heap        ] GC(32) Eden regions: 0->0(7)
[33.079s][info][gc,heap        ] GC(32) Survivor regions: 0->0(0)
[33.079s][info][gc,heap        ] GC(32) Old regions: 4->4
[33.079s][info][gc,heap        ] GC(32) Humongous regions: 252->0
[33.079s][info][gc,metaspace   ] GC(32) Metaspace: 10094K(10240K)->10094K(10240K) NonClass: 9080K(9152K)->9080K(9152K) Class: 1014K(1088K)->1014K(1088K)
[33.079s][info][gc             ] GC(32) Pause Full (G1 Compaction Pause) 255M->3M(14M) 9.552ms
[33.079s][info][gc,cpu         ] GC(32) User=0.02s Sys=0.00s Real=0.01s
[33.083s][info][gc,exit        ] Heap
[33.083s][info][gc,exit        ]  garbage-first heap   total reserved 262144K, committed 14336K, used 3622K [0x00000007f0000000, 0x0000000800000000)
[33.083s][info][gc,exit        ]   region size 1024K, 1 young (1024K), 0 survivors (0K)
[33.083s][info][gc,exit        ]  Metaspace       used 10104K, committed 10304K, reserved 1114112K
[33.083s][info][gc,exit        ]   class space    used 1015K, committed 1088K, reserved 1048576K
