[0.013s][info][gc,init] Initializing The Z Garbage Collector
[0.013s][info][gc,init] Version: 25.0.1+8-LTS-27 (release)
[0.013s][info][gc,init] NUMA Support: Disabled
[0.013s][info][gc,init] CPUs: 4 total, 4 available
[0.014s][info][gc,init] Memory: 8192M
[0.014s][info][gc,init] Large Page Support: Disabled
[0.014s][info][gc,init] Address Space Size: unlimited
[0.014s][info][gc,init] Reserved Space Type: Contiguous/Unrestricted/Complete
[0.014s][info][gc,init] Reserved Space Size: 4G
[0.014s][info][gc,init] Min Capacity: 8M
[0.014s][info][gc,init] Initial Capacity: 128M
[0.014s][info][gc,init] Max Capacity: 256M
[0.014s][info][gc,init] Soft Max Capacity: 256M
[0.014s][info][gc,init] Page Size Medium: Range [2M, 8M]
[0.014s][info][gc,init] Pre-touch: Disabled
[0.014s][info][gc,init] Uncommit: Enabled
[0.014s][info][gc,init] Uncommit Delay: 300s
[0.014s][info][gc,init] GC Workers for Old Generation: 1 (dynamic)
[0.014s][info][gc,init] GC Workers for Young Generation: 1 (dynamic)
[0.015s][info][gc,init] GC Workers Max: 1 (dynamic)
[0.015s][info][gc,init] Runtime Workers: 2
[0.015s][info][gc     ] Using The Z Garbage Collector
[0.053s][info][gc,metaspace] CDS archive(s) mapped at: [0x000000013e000000-0x000000013ed9c000-0x000000013ed9c000), size 14270464, SharedBaseAddress: 0x000000013e000000, ArchiveRelocationMode: 1.
[0.053s][info][gc,metaspace] Compressed class space mapped at: 0x000000013f000000-0x000000017f000000, reserved size: 1073741824
[0.053s][info][gc,metaspace] UseCompressedClassPointers 1, UseCompactObjectHeaders 0
[0.053s][info][gc,metaspace] Narrow klass pointer bits 32, Max shift 3
[0.053s][info][gc,metaspace] Narrow klass base: 0x000000013e000000, Narrow klass shift: 0
[0.053s][info][gc,metaspace] Encoding Range: [0x000000013e000000 - 0x000000023e000000), (4294967296 bytes)
[0.053s][info][gc,metaspace] Klass Range:    [0x000000013e004000 - 0x000000017f000000), (1090502656 bytes)
[0.053s][info][gc,metaspace] Klass ID Range:  [16384 - 1090519033) (1090502649)
[0.053s][info][gc,metaspace] Protection zone: [0x000000013e000000 - 0x000000013e004000), (16384 bytes)
[0.568s][info][gc          ] GC(0) Major Collection (Warmup)
[0.568s][info][gc,task     ] GC(0) Using 1 Workers for Young Generation
[0.568s][info][gc,task     ] GC(0) Using 1 Workers for Old Generation
[0.568s][info][gc,phases   ] GC(0) Y: Young Generation
[0.569s][info][gc,phases   ] GC(0) Y: Pause Mark Start (Major) 0.060ms
[0.589s][info][gc,phases   ] GC(0) Y: Concurrent Mark 19.947ms
[0.589s][info][gc,phases   ] GC(0) Y: Pause Mark End 0.012ms
[0.589s][info][gc,phases   ] GC(0) Y: Concurrent Mark Free 0.004ms
[0.589s][info][gc,phases   ] GC(0) Y: Concurrent Reset Relocation Set 0.000ms
[0.589s][info][gc,reloc    ] GC(0) Y: Using tenuring threshold: 1 (Computed)
[0.590s][info][gc,phases   ] GC(0) Y: Concurrent Select Relocation Set 1.131ms
[0.590s][info][gc,phases   ] GC(0) Y: Pause Relocate Start 0.013ms
[0.603s][info][gc,phases   ] GC(0) Y: Concurrent Relocate 12.430ms
[0.603s][info][gc,alloc    ] GC(0) Y:                         Mark Start        Mark End      Relocate Start    Relocate End   
[0.603s][info][gc,alloc    ] GC(0) Y: Allocation Stalls:          0                0                0                0         
[0.603s][info][gc,load     ] GC(0) Y: Load: 2.06 (51%) / 3.62 (91%) / 4.39 (110%)
[0.603s][info][gc,mmu      ] GC(0) Y: MMU: 2ms/97.0%, 5ms/98.8%, 10ms/99.4%, 20ms/99.7%, 50ms/99.8%, 100ms/99.9%
[0.603s][info][gc,marking  ] GC(0) Y: Mark: 1 stripe(s), 2 proactive flush(es), 1 terminate flush(es), 0 completion(s), 0 continuation(s) 
[0.603s][info][gc,nmethod  ] GC(0) Y: NMethods: 1082 registered, 0 unregistered
[0.603s][info][gc,metaspace] GC(0) Y: Metaspace: 8M used, 8M committed, 1088M reserved
[0.603s][info][gc,reloc    ] GC(0) Y:                        Candidates     Selected     In-Place         Size        Empty    Relocated 
[0.603s][info][gc,reloc    ] GC(0) Y: Small Pages:                    9            7            0          18M           0M           2M 
[0.603s][info][gc,reloc    ] GC(0) Y: Medium Pages:                   1            0            0           8M           0M           0M 
[0.603s][info][gc,reloc    ] GC(0) Y: Large Pages:                    0            0            0           0M           0M           0M 
[0.603s][info][gc,reloc    ] GC(0) Y: Forwarding Usage: 1M
[0.603s][info][gc,reloc    ] GC(0) Y: Age Table:
[0.603s][info][gc,reloc    ] GC(0) Y:                    Live             Garbage             Small              Medium             Large        
[0.603s][info][gc,reloc    ] GC(0) Y: Eden               3M (1%)           22M (9%)           9 / 7              1 / 0              0 / 0        
[0.603s][info][gc,heap     ] GC(0) Y: Min Capacity: 8M(3%)
[0.603s][info][gc,heap     ] GC(0) Y: Max Capacity: 256M(100%)
[0.603s][info][gc,heap     ] GC(0) Y: Soft Max Capacity: 256M(100%)
[0.603s][info][gc,heap     ] GC(0) Y: Heap Statistics:
[0.603s][info][gc,heap     ] GC(0) Y:                Mark Start          Mark End        Relocate Start      Relocate End           High               Low         
[0.603s][info][gc,heap     ] GC(0) Y:  Capacity:      128M (50%)         128M (50%)         128M (50%)         128M (50%)         128M (50%)         128M (50%)    
[0.603s][info][gc,heap     ] GC(0) Y:      Free:      230M (90%)         226M (88%)         226M (88%)         236M (92%)         236M (92%)         220M (86%)    
[0.603s][info][gc,heap     ] GC(0) Y:      Used:       26M (10%)          30M (12%)          30M (12%)          20M (8%)           36M (14%)          20M (8%)     
[0.604s][info][gc,heap     ] GC(0) Y: Young Generation Statistics:
[0.604s][info][gc,heap     ] GC(0) Y:                Mark Start          Mark End        Relocate Start      Relocate End    
[0.604s][info][gc,heap     ] GC(0) Y:      Used:       26M (10%)          30M (12%)          30M (12%)          20M (8%)     
[0.604s][info][gc,heap     ] GC(0) Y:      Live:         -                 3M (1%)            3M (1%)            3M (1%)     
[0.604s][info][gc,heap     ] GC(0) Y:   Garbage:         -                22M (9%)           22M (9%)            7M (3%)     
[0.604s][info][gc,heap     ] GC(0) Y: Allocated:         -                 4M (2%)            4M (2%)            8M (3%)     
[0.604s][info][gc,heap     ] GC(0) Y: Reclaimed:         -                  -                 0M (0%)           14M (6%)     
[0.604s][info][gc,heap     ] GC(0) Y:  Promoted:         -                  -                 0M (0%)            0M (0%)     
[0.604s][info][gc,heap     ] GC(0) Y: Compacted:         -                  -                  -                 3M (1%)     
[0.604s][info][gc,phases   ] GC(0) Y: Young Generation 26M(10%)->20M(8%) 0.035s
[0.604s][info][gc,phases   ] GC(0) O: Old Generation
[0.604s][info][gc,phases   ] GC(0) O: Concurrent Mark 0.395ms
[0.604s][info][gc,phases   ] GC(0) O: Pause Mark End 0.016ms
[0.604s][info][gc,phases   ] GC(0) O: Concurrent Mark Free 0.002ms
[0.608s][info][gc,phases   ] GC(0) O: Concurrent Process Non-Strong 3.372ms
[0.608s][info][gc,phases   ] GC(0) O: Concurrent Reset Relocation Set 0.001ms
[0.608s][info][gc,phases   ] GC(0) O: Concurrent Select Relocation Set 0.115ms
[0.608s][info][gc,task     ] GC(0) O: Using 1 Workers for Old Generation
[0.611s][info][gc,task     ] GC(0) O: Using 1 Workers for Old Generation
[0.611s][info][gc,phases   ] GC(0) O: Concurrent Remap Roots 2.594ms
[0.612s][info][gc,phases   ] GC(0) O: Pause Relocate Start 0.023ms
[0.612s][info][gc,phases   ] GC(0) O: Concurrent Relocate 0.044ms
[0.612s][info][gc,alloc    ] GC(0) O:                         Mark Start        Mark End      Relocate Start    Relocate End   
[0.612s][info][gc,alloc    ] GC(0) O: Allocation Stalls:          0                0                0                0         
[0.612s][info][gc,load     ] GC(0) O: Load: 2.06 (51%) / 3.62 (91%) / 4.39 (110%)
[0.612s][info][gc,mmu      ] GC(0) O: MMU: 2ms/97.0%, 5ms/98.8%, 10ms/99.4%, 20ms/99.7%, 50ms/99.8%, 100ms/99.9%
[0.612s][info][gc,marking  ] GC(0) O: Mark: 1 stripe(s), 1 proactive flush(es), 1 terminate flush(es), 0 completion(s), 0 continuation(s) 
[0.612s][info][gc,nmethod  ] GC(0) O: NMethods: 1030 registered, 67 unregistered
[0.612s][info][gc,metaspace] GC(0) O: Metaspace: 8M used, 8M committed, 1088M reserved
[0.612s][info][gc,ref      ] GC(0) O:                       Encountered   Discovered     Enqueued 
[0.612s][info][gc,ref      ] GC(0) O: Soft References:              151            0            0 
[0.612s][info][gc,ref      ] GC(0) O: Weak References:              718            0            0 
[0.612s][info][gc,ref      ] GC(0) O: Final References:               0            0            0 
[0.612s][info][gc,ref      ] GC(0) O: Phantom References:             2            0            0 
[0.612s][info][gc,heap     ] GC(0) O: Min Capacity: 8M(3%)
[0.612s][info][gc,heap     ] GC(0) O: Max Capacity: 256M(100%)
[0.612s][info][gc,heap     ] GC(0) O: Soft Max Capacity: 256M(100%)
[0.612s][info][gc,heap     ] GC(0) O: Heap Statistics:
[0.612s][info][gc,heap     ] GC(0) O:                Mark Start          Mark End        Relocate Start      Relocate End           High               Low         
[0.612s][info][gc,heap     ] GC(0) O:  Capacity:      128M (50%)         128M (50%)         128M (50%)         128M (50%)         128M (50%)         128M (50%)    
[0.612s][info][gc,heap     ] GC(0) O:      Free:      230M (90%)         236M (92%)         234M (91%)         234M (91%)         236M (92%)         220M (86%)    
[0.612s][info][gc,heap     ] GC(0) O:      Used:       26M (10%)          20M (8%)           22M (9%)           22M (9%)           36M (14%)          20M (8%)     
[0.612s][info][gc,heap     ] GC(0) O: Old Generation Statistics:
[0.612s][info][gc,heap     ] GC(0) O:                Mark Start          Mark End        Relocate Start      Relocate End    
[0.612s][info][gc,heap     ] GC(0) O:      Used:        0M (0%)            0M (0%)            0M (0%)            0M (0%)     
[0.612s][info][gc,heap     ] GC(0) O:      Live:         -                 0M (0%)            0M (0%)            0M (0%)     
[0.612s][info][gc,heap     ] GC(0) O:   Garbage:         -                 0M (0%)            0M (0%)            0M (0%)     
[0.612s][info][gc,heap     ] GC(0) O: Allocated:         -                 0M (0%)            0M (0%)            0M (0%)     
[0.612s][info][gc,heap     ] GC(0) O: Reclaimed:         -                  -                 0M (0%)            0M (0%)     
[0.612s][info][gc,heap     ] GC(0) O: Compacted:         -                  -                  -                 0M (0%)     
[0.612s][info][gc,phases   ] GC(0) O: Old Generation 20M(8%)->22M(9%) 0.008s
[0.612s][info][gc          ] GC(0) Major Collection (Warmup) 26M(10%)->22M(9%) 0.044s
[1.472s][info][gc          ] GC(1) Major Collection (Warmup)
[1.472s][info][gc,task     ] GC(1) Using 1 Workers for Young Generation
[1.472s][info][gc,task     ] GC(1) Using 1 Workers for Old Generation
[1.472s][info][gc,phases   ] GC(1) Y: Young Generation
[1.472s][info][gc,phases   ] GC(1) Y: Pause Mark Start (Major) 0.027ms
[1.502s][info][gc,phases   ] GC(1) Y: Concurrent Mark 29.082ms
[1.502s][info][gc,phases   ] GC(1) Y: Pause Mark End 0.013ms
[1.502s][info][gc,phases   ] GC(1) Y: Concurrent Mark Free 0.003ms
[1.502s][info][gc,phases   ] GC(1) Y: Concurrent Reset Relocation Set 0.003ms
[1.502s][info][gc,reloc    ] GC(1) Y: Using tenuring threshold: 2 (Computed)
[1.502s][info][gc,phases   ] GC(1) Y: Concurrent Select Relocation Set 0.238ms
[1.502s][info][gc,phases   ] GC(1) Y: Pause Relocate Start 0.009ms
[1.509s][info][gc,phases   ] GC(1) Y: Concurrent Relocate 7.112ms
[1.509s][info][gc,alloc    ] GC(1) Y:                         Mark Start        Mark End      Relocate Start    Relocate End   
[1.509s][info][gc,alloc    ] GC(1) Y: Allocation Stalls:          0                0                0                0         
[1.509s][info][gc,load     ] GC(1) Y: Load: 2.21 (55%) / 3.63 (91%) / 4.39 (110%)
[1.509s][info][gc,mmu      ] GC(1) Y: MMU: 2ms/97.0%, 5ms/98.8%, 10ms/99.4%, 20ms/99.7%, 50ms/99.8%, 100ms/99.9%
[1.509s][info][gc,marking  ] GC(1) Y: Mark: 1 stripe(s), 2 proactive flush(es), 1 terminate flush(es), 0 completion(s), 0 continuation(s) 
[1.509s][info][gc,nmethod  ] GC(1) Y: NMethods: 1732 registered, 0 unregistered
[1.509s][info][gc,metaspace] GC(1) Y: Metaspace: 9M used, 9M committed, 1088M reserved
[1.509s][info][gc,reloc    ] GC(1) Y:                        Candidates     Selected     In-Place         Size        Empty    Relocated 
[1.509s][info][gc,reloc    ] GC(1) Y: Small Pages:                   19           16            0          38M           0M           1M 
[1.510s][info][gc,reloc    ] GC(1) Y: Medium Pages:                   1            0            0           8M           8M           0M 
[1.510s][info][gc,reloc    ] GC(1) Y: Large Pages:                    3            0            0           6M           0M           0M 
[1.510s][info][gc,reloc    ] GC(1) Y: Forwarding Usage: 0M
[1.510s][info][gc,reloc    ] GC(1) Y: Age Table:
[1.510s][info][gc,reloc    ] GC(1) Y:                    Live             Garbage             Small              Medium             Large        
[1.510s][info][gc,reloc    ] GC(1) Y: Eden               7M (3%)           28M (11%)         15 / 15             0 / 0              3 / 0        
[1.510s][info][gc,reloc    ] GC(1) Y: Survivor 1         2M (1%)           13M (5%)           4 / 1              1 / 0              0 / 0        
[1.510s][info][gc,heap     ] GC(1) Y: Min Capacity: 8M(3%)
[1.510s][info][gc,heap     ] GC(1) Y: Max Capacity: 256M(100%)
[1.510s][info][gc,heap     ] GC(1) Y: Soft Max Capacity: 256M(100%)
[1.510s][info][gc,heap     ] GC(1) Y: Heap Statistics:
[1.510s][info][gc,heap     ] GC(1) Y:                Mark Start          Mark End        Relocate Start      Relocate End           High               Low         
[1.510s][info][gc,heap     ] GC(1) Y:  Capacity:      128M (50%)         128M (50%)         128M (50%)         128M (50%)         128M (50%)         128M (50%)    
[1.510s][info][gc,heap     ] GC(1) Y:      Free:      204M (80%)         202M (79%)         210M (82%)         240M (94%)         240M (94%)         202M (79%)    
[1.510s][info][gc,heap     ] GC(1) Y:      Used:       52M (20%)          54M (21%)          46M (18%)          16M (6%)           54M (21%)          16M (6%)     
[1.510s][info][gc,heap     ] GC(1) Y: Young Generation Statistics:
[1.510s][info][gc,heap     ] GC(1) Y:                Mark Start          Mark End        Relocate Start      Relocate End    
[1.510s][info][gc,heap     ] GC(1) Y:      Used:       52M (20%)          54M (21%)          46M (18%)          16M (6%)     
[1.510s][info][gc,heap     ] GC(1) Y:      Live:         -                 9M (4%)            9M (4%)            9M (4%)     
[1.510s][info][gc,heap     ] GC(1) Y:   Garbage:         -                42M (16%)          34M (13%)           1M (1%)     
[1.510s][info][gc,heap     ] GC(1) Y: Allocated:         -                 2M (1%)            2M (1%)            4M (2%)     
[1.510s][info][gc,heap     ] GC(1) Y: Reclaimed:         -                  -                 8M (3%)           40M (16%)    
[1.510s][info][gc,heap     ] GC(1) Y:  Promoted:         -                  -                 0M (0%)            0M (0%)     
[1.510s][info][gc,heap     ] GC(1) Y: Compacted:         -                  -                  -                 1M (1%)     
[1.510s][info][gc,phases   ] GC(1) Y: Young Generation 52M(20%)->16M(6%) 0.037s
[1.510s][info][gc,phases   ] GC(1) O: Old Generation
[1.510s][info][gc,phases   ] GC(1) O: Concurrent Mark 0.286ms
[1.510s][info][gc,phases   ] GC(1) O: Pause Mark End 0.013ms
[1.510s][info][gc,phases   ] GC(1) O: Concurrent Mark Free 0.002ms
[1.514s][info][gc,phases   ] GC(1) O: Concurrent Process Non-Strong 3.988ms
[1.514s][info][gc,phases   ] GC(1) O: Concurrent Reset Relocation Set 0.001ms
[1.514s][info][gc,phases   ] GC(1) O: Concurrent Select Relocation Set 0.039ms
[1.514s][info][gc,task     ] GC(1) O: Using 1 Workers for Old Generation
[1.516s][info][gc,task     ] GC(1) O: Using 1 Workers for Old Generation
[1.516s][info][gc,phases   ] GC(1) O: Concurrent Remap Roots 1.310ms
[1.516s][info][gc,phases   ] GC(1) O: Pause Relocate Start 0.014ms
[1.516s][info][gc,phases   ] GC(1) O: Concurrent Relocate 0.031ms
[1.516s][info][gc,alloc    ] GC(1) O:                         Mark Start        Mark End      Relocate Start    Relocate End   
[1.516s][info][gc,alloc    ] GC(1) O: Allocation Stalls:          0                0                0                0         
[1.516s][info][gc,load     ] GC(1) O: Load: 2.21 (55%) / 3.63 (91%) / 4.39 (110%)
[1.516s][info][gc,mmu      ] GC(1) O: MMU: 2ms/97.0%, 5ms/98.8%, 10ms/99.4%, 20ms/99.7%, 50ms/99.8%, 100ms/99.9%
[1.516s][info][gc,marking  ] GC(1) O: Mark: 1 stripe(s), 1 proactive flush(es), 1 terminate flush(es), 0 completion(s), 0 continuation(s) 
[1.516s][info][gc,nmethod  ] GC(1) O: NMethods: 1622 registered, 110 unregistered
[1.516s][info][gc,metaspace] GC(1) O: Metaspace: 9M used, 9M committed, 1088M reserved
[1.516s][info][gc,ref      ] GC(1) O:                       Encountered   Discovered     Enqueued 
[1.516s][info][gc,ref      ] GC(1) O: Soft References:              222            0            0 
[1.516s][info][gc,ref      ] GC(1) O: Weak References:             1224            0            0 
[1.516s][info][gc,ref      ] GC(1) O: Final References:               0            0            0 
[1.516s][info][gc,ref      ] GC(1) O: Phantom References:             2            0            0 
[1.516s][info][gc,heap     ] GC(1) O: Min Capacity: 8M(3%)
[1.516s][info][gc,heap     ] GC(1) O: Max Capacity: 256M(100%)
[1.516s][info][gc,heap     ] GC(1) O: Soft Max Capacity: 256M(100%)
[1.516s][info][gc,heap     ] GC(1) O: Heap Statistics:
[1.516s][info][gc,heap     ] GC(1) O:                Mark Start          Mark End        Relocate Start      Relocate End           High               Low         
[1.516s][info][gc,heap     ] GC(1) O:  Capacity:      128M (50%)         128M (50%)         128M (50%)         128M (50%)         128M (50%)         128M (50%)    
[1.516s][info][gc,heap     ] GC(1) O:      Free:      204M (80%)         240M (94%)         240M (94%)         240M (94%)         240M (94%)         202M (79%)    
[1.516s][info][gc,heap     ] GC(1) O:      Used:       52M (20%)          16M (6%)           16M (6%)           16M (6%)           54M (21%)          16M (6%)     
[1.516s][info][gc,heap     ] GC(1) O: Old Generation Statistics:
[1.516s][info][gc,heap     ] GC(1) O:                Mark Start          Mark End        Relocate Start      Relocate End    
[1.516s][info][gc,heap     ] GC(1) O:      Used:        0M (0%)            0M (0%)            0M (0%)            0M (0%)     
[1.516s][info][gc,heap     ] GC(1) O:      Live:         -                 0M (0%)            0M (0%)            0M (0%)     
[1.516s][info][gc,heap     ] GC(1) O:   Garbage:         -                 0M (0%)            0M (0%)            0M (0%)     
[1.516s][info][gc,heap     ] GC(1) O: Allocated:         -                 0M (0%)            0M (0%)            0M (0%)     
[1.516s][info][gc,heap     ] GC(1) O: Reclaimed:         -                  -                 0M (0%)            0M (0%)     
[1.516s][info][gc,heap     ] GC(1) O: Compacted:         -                  -                  -                 0M (0%)     
[1.516s][info][gc,phases   ] GC(1) O: Old Generation 16M(6%)->16M(6%) 0.006s
[1.516s][info][gc          ] GC(1) Major Collection (Warmup) 52M(20%)->16M(6%) 0.044s
[9.128s][info][gc          ] GC(2) Major Collection (Warmup)
[9.128s][info][gc,task     ] GC(2) Using 1 Workers for Young Generation
[9.128s][info][gc,task     ] GC(2) Using 1 Workers for Old Generation
[9.128s][info][gc,phases   ] GC(2) Y: Young Generation
[9.128s][info][gc,phases   ] GC(2) Y: Pause Mark Start (Major) 0.024ms
[9.155s][info][gc,phases   ] GC(2) Y: Concurrent Mark 26.624ms
[9.155s][info][gc,phases   ] GC(2) Y: Pause Mark End 0.012ms
[9.155s][info][gc,phases   ] GC(2) Y: Concurrent Mark Free 0.002ms
[9.155s][info][gc,phases   ] GC(2) Y: Concurrent Reset Relocation Set 0.002ms
[9.155s][info][gc,reloc    ] GC(2) Y: Using tenuring threshold: 3 (Computed)
[9.155s][info][gc,phases   ] GC(2) Y: Concurrent Select Relocation Set 0.147ms
[9.155s][info][gc,phases   ] GC(2) Y: Pause Relocate Start 0.008ms
[9.156s][info][gc,phases   ] GC(2) Y: Concurrent Relocate 0.792ms
[9.156s][info][gc,alloc    ] GC(2) Y:                         Mark Start        Mark End      Relocate Start    Relocate End   
[9.156s][info][gc,alloc    ] GC(2) Y: Allocation Stalls:          0                0                0                0         
[9.156s][info][gc,load     ] GC(2) Y: Load: 2.03 (51%) / 3.57 (89%) / 4.36 (109%)
[9.156s][info][gc,mmu      ] GC(2) Y: MMU: 2ms/97.0%, 5ms/98.8%, 10ms/99.4%, 20ms/99.7%, 50ms/99.8%, 100ms/99.9%
[9.156s][info][gc,marking  ] GC(2) Y: Mark: 1 stripe(s), 2 proactive flush(es), 1 terminate flush(es), 0 completion(s), 0 continuation(s) 
[9.156s][info][gc,nmethod  ] GC(2) Y: NMethods: 1704 registered, 110 unregistered
[9.156s][info][gc,metaspace] GC(2) Y: Metaspace: 9M used, 10M committed, 1088M reserved
[9.156s][info][gc,reloc    ] GC(2) Y:                        Candidates     Selected     In-Place         Size        Empty    Relocated 
[9.156s][info][gc,reloc    ] GC(2) Y: Small Pages:                    6            3            0          12M           0M           0M 
[9.156s][info][gc,reloc    ] GC(2) Y: Medium Pages:                   0            0            0           0M           0M           0M 
[9.156s][info][gc,reloc    ] GC(2) Y: Large Pages:                   33            0            0          66M           0M           0M 
[9.156s][info][gc,reloc    ] GC(2) Y: Forwarding Usage: 0M
[9.156s][info][gc,reloc    ] GC(2) Y: Age Table:
[9.156s][info][gc,reloc    ] GC(2) Y:                    Live             Garbage             Small              Medium             Large        
[9.156s][info][gc,reloc    ] GC(2) Y: Eden              60M (23%)           3M (2%)           2 / 1              0 / 0             30 / 0        
[9.156s][info][gc,reloc    ] GC(2) Y: Survivor 1         7M (3%)            0M (0%)           1 / 0              0 / 0              3 / 0        
[9.156s][info][gc,reloc    ] GC(2) Y: Survivor 2         2M (1%)            3M (1%)           3 / 2              0 / 0              0 / 0        
[9.156s][info][gc,heap     ] GC(2) Y: Min Capacity: 8M(3%)
[9.156s][info][gc,heap     ] GC(2) Y: Max Capacity: 256M(100%)
[9.156s][info][gc,heap     ] GC(2) Y: Soft Max Capacity: 256M(100%)
[9.156s][info][gc,heap     ] GC(2) Y: Heap Statistics:
[9.157s][info][gc,heap     ] GC(2) Y:                Mark Start          Mark End        Relocate Start      Relocate End           High               Low         
[9.157s][info][gc,heap     ] GC(2) Y:  Capacity:      128M (50%)         128M (50%)         128M (50%)         128M (50%)         128M (50%)         128M (50%)    
[9.157s][info][gc,heap     ] GC(2) Y:      Free:      178M (70%)         176M (69%)         176M (69%)         180M (70%)         180M (70%)         174M (68%)    
[9.157s][info][gc,heap     ] GC(2) Y:      Used:       78M (30%)          80M (31%)          80M (31%)          76M (30%)          82M (32%)          76M (30%)    
[9.157s][info][gc,heap     ] GC(2) Y: Young Generation Statistics:
[9.157s][info][gc,heap     ] GC(2) Y:                Mark Start          Mark End        Relocate Start      Relocate End    
[9.157s][info][gc,heap     ] GC(2) Y:      Used:       78M (30%)          80M (31%)          80M (31%)          76M (30%)    
[9.157s][info][gc,heap     ] GC(2) Y:      Live:         -                69M (27%)          69M (27%)          69M (27%)    
[9.157s][info][gc,heap     ] GC(2) Y:   Garbage:         -                 8M (3%)            8M (3%)            0M (0%)     
[9.157s][info][gc,heap     ] GC(2) Y: Allocated:         -                 2M (1%)            2M (1%)            5M (2%)     
[9.157s][info][gc,heap     ] GC(2) Y: Reclaimed:         -                  -                 0M (0%)            7M (3%)     
[9.157s][info][gc,heap     ] GC(2) Y:  Promoted:         -                  -                 0M (0%)            0M (0%)     
[9.157s][info][gc,heap     ] GC(2) Y: Compacted:         -                  -                  -                 0M (0%)     
[9.157s][info][gc,phases   ] GC(2) Y: Young Generation 78M(30%)->76M(30%) 0.028s
[9.157s][info][gc,phases   ] GC(2) O: Old Generation
[9.157s][info][gc,phases   ] GC(2) O: Concurrent Mark 0.238ms
[9.157s][info][gc,phases   ] GC(2) O: Pause Mark End 0.009ms
[9.157s][info][gc,phases   ] GC(2) O: Concurrent Mark Free 0.002ms
[9.164s][info][gc,phases   ] GC(2) O: Concurrent Process Non-Strong 6.592ms
[9.164s][info][gc,phases   ] GC(2) O: Concurrent Reset Relocation Set 0.001ms
[9.164s][info][gc,phases   ] GC(2) O: Concurrent Select Relocation Set 0.035ms
[9.164s][info][gc,task     ] GC(2) O: Using 1 Workers for Old Generation
[9.165s][info][gc,task     ] GC(2) O: Using 1 Workers for Old Generation
[9.165s][info][gc,phases   ] GC(2) O: Concurrent Remap Roots 1.200ms
[9.165s][info][gc,phases   ] GC(2) O: Pause Relocate Start 0.012ms
[9.165s][info][gc,phases   ] GC(2) O: Concurrent Relocate 0.030ms
[9.165s][info][gc,alloc    ] GC(2) O:                         Mark Start        Mark End      Relocate Start    Relocate End   
[9.165s][info][gc,alloc    ] GC(2) O: Allocation Stalls:          0                0                0                0         
[9.165s][info][gc,load     ] GC(2) O: Load: 2.03 (51%) / 3.57 (89%) / 4.36 (109%)
[9.165s][info][gc,mmu      ] GC(2) O: MMU: 2ms/97.0%, 5ms/98.8%, 10ms/99.4%, 20ms/99.7%, 50ms/99.8%, 100ms/99.9%
[9.165s][info][gc,marking  ] GC(2) O: Mark: 1 stripe(s), 1 proactive flush(es), 1 terminate flush(es), 0 completion(s), 0 continuation(s) 
[9.165s][info][gc,nmethod  ] GC(2) O: NMethods: 1699 registered, 115 unregistered
[9.165s][info][gc,metaspace] GC(2) O: Metaspace: 9M used, 10M committed, 1088M reserved
[9.165s][info][gc,ref      ] GC(2) O:                       Encountered   Discovered     Enqueued 
[9.165s][info][gc,ref      ] GC(2) O: Soft References:              222            0            0 
[9.165s][info][gc,ref      ] GC(2) O: Weak References:             1224            0            0 
[9.165s][info][gc,ref      ] GC(2) O: Final References:               0            0            0 
[9.165s][info][gc,ref      ] GC(2) O: Phantom References:             2            0            0 
[9.165s][info][gc,heap     ] GC(2) O: Min Capacity: 8M(3%)
[9.165s][info][gc,heap     ] GC(2) O: Max Capacity: 256M(100%)
[9.165s][info][gc,heap     ] GC(2) O: Soft Max Capacity: 256M(100%)
[9.165s][info][gc,heap     ] GC(2) O: Heap Statistics:
[9.165s][info][gc,heap     ] GC(2) O:                Mark Start          Mark End        Relocate Start      Relocate End           High               Low         
[9.165s][info][gc,heap     ] GC(2) O:  Capacity:      128M (50%)         128M (50%)         128M (50%)         128M (50%)         128M (50%)         128M (50%)    
[9.165s][info][gc,heap     ] GC(2) O:      Free:      178M (70%)         180M (70%)         180M (70%)         180M (70%)         180M (70%)         174M (68%)    
[9.165s][info][gc,heap     ] GC(2) O:      Used:       78M (30%)          76M (30%)          76M (30%)          76M (30%)          82M (32%)          76M (30%)    
[9.165s][info][gc,heap     ] GC(2) O: Old Generation Statistics:
[9.165s][info][gc,heap     ] GC(2) O:                Mark Start          Mark End        Relocate Start      Relocate End    
[9.165s][info][gc,heap     ] GC(2) O:      Used:        0M (0%)            0M (0%)            0M (0%)            0M (0%)     
[9.165s][info][gc,heap     ] GC(2) O:      Live:         -                 0M (0%)            0M (0%)            0M (0%)     
[9.165s][info][gc,heap     ] GC(2) O:   Garbage:         -                 0M (0%)            0M (0%)            0M (0%)     
[9.165s][info][gc,heap     ] GC(2) O: Allocated:         -                 0M (0%)            0M (0%)            0M (0%)     
[9.166s][info][gc,heap     ] GC(2) O: Reclaimed:         -                  -                 0M (0%)            0M (0%)     
[9.166s][info][gc,heap     ] GC(2) O: Compacted:         -                  -                  -                 0M (0%)     
[9.166s][info][gc,phases   ] GC(2) O: Old Generation 76M(30%)->76M(30%) 0.008s
[9.166s][info][gc          ] GC(2) Major Collection (Warmup) 78M(30%)->76M(30%) 0.038s
[12.184s][info][gc          ] GC(3) Major Collection (Proactive)
[12.184s][info][gc,task     ] GC(3) Using 1 Workers for Young Generation
[12.184s][info][gc,task     ] GC(3) Using 1 Workers for Old Generation
[12.184s][info][gc,phases   ] GC(3) Y: Young Generation
[12.185s][info][gc,phases   ] GC(3) Y: Pause Mark Start (Major) 0.025ms
[12.211s][info][gc,phases   ] GC(3) Y: Concurrent Mark 25.924ms
[12.211s][info][gc,phases   ] GC(3) Y: Pause Mark End 0.013ms
[12.211s][info][gc,phases   ] GC(3) Y: Concurrent Mark Free 0.004ms
[12.211s][info][gc,phases   ] GC(3) Y: Concurrent Reset Relocation Set 0.001ms
[12.211s][info][gc,reloc    ] GC(3) Y: Using tenuring threshold: 1 (Computed)
[12.217s][info][gc,phases   ] GC(3) Y: Concurrent Select Relocation Set 5.670ms
[12.217s][info][gc,phases   ] GC(3) Y: Pause Relocate Start 0.016ms
[12.228s][info][gc,phases   ] GC(3) Y: Concurrent Relocate 10.752ms
[12.228s][info][gc,alloc    ] GC(3) Y:                         Mark Start        Mark End      Relocate Start    Relocate End   
[12.228s][info][gc,alloc    ] GC(3) Y: Allocation Stalls:          0                0                0                0         
[12.228s][info][gc,load     ] GC(3) Y: Load: 2.03 (51%) / 3.54 (89%) / 4.35 (109%)
[12.228s][info][gc,mmu      ] GC(3) Y: MMU: 2ms/97.0%, 5ms/98.8%, 10ms/99.4%, 20ms/99.7%, 50ms/99.8%, 100ms/99.9%
[12.228s][info][gc,marking  ] GC(3) Y: Mark: 1 stripe(s), 2 proactive flush(es), 1 terminate flush(es), 0 completion(s), 0 continuation(s) 
[12.228s][info][gc,nmethod  ] GC(3) Y: NMethods: 1712 registered, 115 unregistered
[12.228s][info][gc,metaspace] GC(3) Y: Metaspace: 9M used, 10M committed, 1088M reserved
[12.228s][info][gc,reloc    ] GC(3) Y:                        Candidates     Selected     In-Place         Size        Empty    Relocated 
[12.228s][info][gc,reloc    ] GC(3) Y: Small Pages:                    6            2            0          12M           2M           0M 
[12.228s][info][gc,reloc    ] GC(3) Y: Medium Pages:                   0            0            0           0M           0M           0M 
[12.228s][info][gc,reloc    ] GC(3) Y: Large Pages:                   45            0            0          90M           0M           0M 
[12.228s][info][gc,reloc    ] GC(3) Y: Forwarding Usage: 0M
[12.228s][info][gc,reloc    ] GC(3) Y: Age Table:
[12.228s][info][gc,reloc    ] GC(3) Y:                    Live             Garbage             Small              Medium             Large        
[12.228s][info][gc,reloc    ] GC(3) Y: Eden              24M (9%)            3M (2%)           2 / 0              0 / 0             12 / 0        
[12.228s][info][gc,reloc    ] GC(3) Y: Survivor 1        60M (23%)           1M (1%)           1 / 1              0 / 0             30 / 0        
[12.228s][info][gc,reloc    ] GC(3) Y: Survivor 2         7M (3%)            0M (0%)           1 / 0              0 / 0              3 / 0        
[12.228s][info][gc,reloc    ] GC(3) Y: Survivor 3         2M (1%)            1M (1%)           2 / 1              0 / 0              0 / 0        
[12.228s][info][gc,heap     ] GC(3) Y: Min Capacity: 8M(3%)
[12.228s][info][gc,heap     ] GC(3) Y: Max Capacity: 256M(100%)
[12.228s][info][gc,heap     ] GC(3) Y: Soft Max Capacity: 256M(100%)
[12.228s][info][gc,heap     ] GC(3) Y: Heap Statistics:
[12.228s][info][gc,heap     ] GC(3) Y:                Mark Start          Mark End        Relocate Start      Relocate End           High               Low         
[12.228s][info][gc,heap     ] GC(3) Y:  Capacity:      128M (50%)         128M (50%)         128M (50%)         128M (50%)         128M (50%)         128M (50%)    
[12.228s][info][gc,heap     ] GC(3) Y:      Free:      154M (60%)         152M (59%)         154M (60%)         156M (61%)         156M (61%)         152M (59%)    
[12.228s][info][gc,heap     ] GC(3) Y:      Used:      102M (40%)         104M (41%)         102M (40%)         100M (39%)         104M (41%)         100M (39%)    
[12.228s][info][gc,heap     ] GC(3) Y: Young Generation Statistics:
[12.228s][info][gc,heap     ] GC(3) Y:                Mark Start          Mark End        Relocate Start      Relocate End    
[12.228s][info][gc,heap     ] GC(3) Y:      Used:      102M (40%)         104M (41%)          32M (12%)          28M (11%)    
[12.228s][info][gc,heap     ] GC(3) Y:      Live:         -                93M (37%)          24M (10%)          24M (9%)     
[12.228s][info][gc,heap     ] GC(3) Y:   Garbage:         -                 8M (3%)            5M (2%)            0M (0%)     
[12.228s][info][gc,heap     ] GC(3) Y: Allocated:         -                 2M (1%)            2M (1%)            3M (2%)     
[12.228s][info][gc,heap     ] GC(3) Y: Reclaimed:         -                  -                 2M (1%)            8M (3%)     
[12.228s][info][gc,heap     ] GC(3) Y:  Promoted:         -                  -                69M (27%)          69M (27%)    
[12.228s][info][gc,heap     ] GC(3) Y: Compacted:         -                  -                  -                 0M (0%)     
[12.228s][info][gc,phases   ] GC(3) Y: Young Generation 102M(40%)->100M(39%) 0.043s
[12.228s][info][gc,phases   ] GC(3) O: Old Generation
[12.229s][info][gc,phases   ] GC(3) O: Concurrent Mark 0.265ms
[12.229s][info][gc,phases   ] GC(3) O: Pause Mark End 0.013ms
[12.229s][info][gc,phases   ] GC(3) O: Concurrent Mark Free 0.002ms
[12.232s][info][gc,phases   ] GC(3) O: Concurrent Process Non-Strong 3.406ms
[12.232s][info][gc,phases   ] GC(3) O: Concurrent Reset Relocation Set 0.001ms
[12.232s][info][gc,phases   ] GC(3) O: Concurrent Select Relocation Set 0.029ms
[12.232s][info][gc,task     ] GC(3) O: Using 1 Workers for Old Generation
[12.234s][info][gc,task     ] GC(3) O: Using 1 Workers for Old Generation
[12.234s][info][gc,phases   ] GC(3) O: Concurrent Remap Roots 1.490ms
[12.234s][info][gc,phases   ] GC(3) O: Pause Relocate Start 0.012ms
[12.234s][info][gc,phases   ] GC(3) O: Concurrent Relocate 0.034ms
[12.234s][info][gc,alloc    ] GC(3) O:                         Mark Start        Mark End      Relocate Start    Relocate End   
[12.234s][info][gc,alloc    ] GC(3) O: Allocation Stalls:          0                0                0                0         
[12.234s][info][gc,load     ] GC(3) O: Load: 2.03 (51%) / 3.54 (89%) / 4.35 (109%)
[12.234s][info][gc,mmu      ] GC(3) O: MMU: 2ms/97.0%, 5ms/98.8%, 10ms/99.4%, 20ms/99.7%, 50ms/99.8%, 100ms/99.9%
[12.234s][info][gc,marking  ] GC(3) O: Mark: 1 stripe(s), 1 proactive flush(es), 1 terminate flush(es), 0 completion(s), 0 continuation(s) 
[12.234s][info][gc,nmethod  ] GC(3) O: NMethods: 1712 registered, 115 unregistered
[12.234s][info][gc,metaspace] GC(3) O: Metaspace: 9M used, 10M committed, 1088M reserved
[12.234s][info][gc,ref      ] GC(3) O:                       Encountered   Discovered     Enqueued 
[12.234s][info][gc,ref      ] GC(3) O: Soft References:              222            0            0 
[12.234s][info][gc,ref      ] GC(3) O: Weak References:             1224            0            0 
[12.234s][info][gc,ref      ] GC(3) O: Final References:               0            0            0 
[12.234s][info][gc,ref      ] GC(3) O: Phantom References:             2            0            0 
[12.234s][info][gc,heap     ] GC(3) O: Min Capacity: 8M(3%)
[12.234s][info][gc,heap     ] GC(3) O: Max Capacity: 256M(100%)
[12.234s][info][gc,heap     ] GC(3) O: Soft Max Capacity: 256M(100%)
[12.234s][info][gc,heap     ] GC(3) O: Heap Statistics:
[12.234s][info][gc,heap     ] GC(3) O:                Mark Start          Mark End        Relocate Start      Relocate End           High               Low         
[12.234s][info][gc,heap     ] GC(3) O:  Capacity:      128M (50%)         128M (50%)         128M (50%)         128M (50%)         128M (50%)         128M (50%)    
[12.235s][info][gc,heap     ] GC(3) O:      Free:      154M (60%)         156M (61%)         156M (61%)         156M (61%)         156M (61%)         152M (59%)    
[12.235s][info][gc,heap     ] GC(3) O:      Used:      102M (40%)         100M (39%)         100M (39%)         100M (39%)         104M (41%)         100M (39%)    
[12.235s][info][gc,heap     ] GC(3) O: Old Generation Statistics:
[12.235s][info][gc,heap     ] GC(3) O:                Mark Start          Mark End        Relocate Start      Relocate End    
[12.235s][info][gc,heap     ] GC(3) O:      Used:        0M (0%)           72M (28%)          72M (28%)          72M (28%)    
[12.235s][info][gc,heap     ] GC(3) O:      Live:         -                 0M (0%)            0M (0%)            0M (0%)     
[12.235s][info][gc,heap     ] GC(3) O:   Garbage:         -                 0M (0%)            0M (0%)            0M (0%)     
[12.235s][info][gc,heap     ] GC(3) O: Allocated:         -                72M (28%)          72M (28%)          72M (28%)    
[12.235s][info][gc,heap     ] GC(3) O: Reclaimed:         -                  -                 0M (0%)            0M (0%)     
[12.235s][info][gc,heap     ] GC(3) O: Compacted:         -                  -                  -                 0M (0%)     
[12.235s][info][gc,phases   ] GC(3) O: Old Generation 100M(39%)->100M(39%) 0.006s
[12.235s][info][gc          ] GC(3) Major Collection (Proactive) 102M(40%)->100M(39%) 0.051s
[15.701s][info][gc          ] GC(4) Major Collection (Proactive)
[15.701s][info][gc,task     ] GC(4) Using 1 Workers for Young Generation
[15.701s][info][gc,task     ] GC(4) Using 1 Workers for Old Generation
[15.701s][info][gc,phases   ] GC(4) Y: Young Generation
[15.701s][info][gc,phases   ] GC(4) Y: Pause Mark Start (Major) 0.021ms
[15.704s][info][gc,phases   ] GC(4) Y: Concurrent Mark 3.482ms
[15.705s][info][gc,phases   ] GC(4) Y: Pause Mark End 0.017ms
[15.705s][info][gc,phases   ] GC(4) Y: Concurrent Mark Free 0.003ms
[15.705s][info][gc,phases   ] GC(4) Y: Concurrent Reset Relocation Set 0.076ms
[15.705s][info][gc,reloc    ] GC(4) Y: Using tenuring threshold: 2 (Computed)
[15.705s][info][gc,phases   ] GC(4) Y: Concurrent Select Relocation Set 0.191ms
[15.705s][info][gc,phases   ] GC(4) Y: Pause Relocate Start 0.013ms
[15.705s][info][gc,phases   ] GC(4) Y: Concurrent Relocate 0.088ms
[15.705s][info][gc,alloc    ] GC(4) Y:                         Mark Start        Mark End      Relocate Start    Relocate End   
[15.705s][info][gc,alloc    ] GC(4) Y: Allocation Stalls:          0                0                0                0         
[15.705s][info][gc,load     ] GC(4) Y: Load: 2.03 (51%) / 3.54 (89%) / 4.35 (109%)
[15.705s][info][gc,mmu      ] GC(4) Y: MMU: 2ms/97.0%, 5ms/98.8%, 10ms/99.4%, 20ms/99.7%, 50ms/99.8%, 100ms/99.9%
[15.705s][info][gc,marking  ] GC(4) Y: Mark: 1 stripe(s), 1 proactive flush(es), 1 terminate flush(es), 0 completion(s), 0 continuation(s) 
[15.705s][info][gc,nmethod  ] GC(4) Y: NMethods: 1719 registered, 115 unregistered
[15.705s][info][gc,metaspace] GC(4) Y: Metaspace: 9M used, 10M committed, 1088M reserved
[15.706s][info][gc,reloc    ] GC(4) Y:                        Candidates     Selected     In-Place         Size        Empty    Relocated 
[15.706s][info][gc,reloc    ] GC(4) Y: Small Pages:                    2            0            0           4M           2M           0M 
[15.706s][info][gc,reloc    ] GC(4) Y: Medium Pages:                   0            0            0           0M           0M           0M 
[15.706s][info][gc,reloc    ] GC(4) Y: Large Pages:                   25            0            0          50M           0M           0M 
[15.706s][info][gc,reloc    ] GC(4) Y: Forwarding Usage: 0M
[15.706s][info][gc,reloc    ] GC(4) Y: Age Table:
[15.706s][info][gc,reloc    ] GC(4) Y:                    Live             Garbage             Small              Medium             Large        
[15.706s][info][gc,reloc    ] GC(4) Y: Eden              26M (10%)           1M (1%)           1 / 0              0 / 0             13 / 0        
[15.706s][info][gc,reloc    ] GC(4) Y: Survivor 1        24M (9%)            2M (1%)           1 / 0              0 / 0             12 / 0        
[15.706s][info][gc,heap     ] GC(4) Y: Min Capacity: 8M(3%)
[15.706s][info][gc,heap     ] GC(4) Y: Max Capacity: 256M(100%)
[15.706s][info][gc,heap     ] GC(4) Y: Soft Max Capacity: 256M(100%)
[15.706s][info][gc,heap     ] GC(4) Y: Heap Statistics:
[15.706s][info][gc,heap     ] GC(4) Y:                Mark Start          Mark End        Relocate Start      Relocate End           High               Low         
[15.706s][info][gc,heap     ] GC(4) Y:  Capacity:      128M (50%)         128M (50%)         128M (50%)         128M (50%)         128M (50%)         128M (50%)    
[15.706s][info][gc,heap     ] GC(4) Y:      Free:      130M (51%)         130M (51%)         132M (52%)         132M (52%)         132M (52%)         130M (51%)    
[15.706s][info][gc,heap     ] GC(4) Y:      Used:      126M (49%)         126M (49%)         124M (48%)         124M (48%)         126M (49%)         124M (48%)    
[15.706s][info][gc,heap     ] GC(4) Y: Young Generation Statistics:
[15.706s][info][gc,heap     ] GC(4) Y:                Mark Start          Mark End        Relocate Start      Relocate End    
[15.706s][info][gc,heap     ] GC(4) Y:      Used:       54M (21%)          54M (21%)          52M (20%)          52M (20%)    
[15.706s][info][gc,heap     ] GC(4) Y:      Live:         -                50M (20%)          50M (20%)          50M (20%)    
[15.706s][info][gc,heap     ] GC(4) Y:   Garbage:         -                 3M (2%)            1M (1%)            1M (1%)     
[15.706s][info][gc,heap     ] GC(4) Y: Allocated:         -                 0M (0%)            0M (0%)            0M (0%)     
[15.706s][info][gc,heap     ] GC(4) Y: Reclaimed:         -                  -                 2M (1%)            2M (1%)     
[15.706s][info][gc,heap     ] GC(4) Y:  Promoted:         -                  -                 0M (0%)            0M (0%)     
[15.706s][info][gc,heap     ] GC(4) Y: Compacted:         -                  -                  -                 0M (0%)     
[15.706s][info][gc,phases   ] GC(4) Y: Young Generation 126M(49%)->124M(48%) 0.005s
[15.706s][info][gc,phases   ] GC(4) O: Old Generation
[15.722s][info][gc,phases   ] GC(4) O: Concurrent Mark 15.467ms
[15.722s][info][gc,phases   ] GC(4) O: Pause Mark End 0.016ms
[15.722s][info][gc,phases   ] GC(4) O: Concurrent Mark Free 0.002ms
[15.726s][info][gc,phases   ] GC(4) O: Concurrent Process Non-Strong 4.004ms
[15.726s][info][gc,phases   ] GC(4) O: Concurrent Reset Relocation Set 0.001ms
[15.726s][info][gc,phases   ] GC(4) O: Concurrent Select Relocation Set 0.046ms
[15.726s][info][gc,task     ] GC(4) O: Using 1 Workers for Old Generation
[15.728s][info][gc,task     ] GC(4) O: Using 1 Workers for Old Generation
[15.728s][info][gc,phases   ] GC(4) O: Concurrent Remap Roots 2.245ms
[15.728s][info][gc,phases   ] GC(4) O: Pause Relocate Start 0.014ms
[15.728s][info][gc,phases   ] GC(4) O: Concurrent Relocate 0.039ms
[15.728s][info][gc,alloc    ] GC(4) O:                         Mark Start        Mark End      Relocate Start    Relocate End   
[15.728s][info][gc,alloc    ] GC(4) O: Allocation Stalls:          0                0                0                0         
[15.728s][info][gc,load     ] GC(4) O: Load: 2.03 (51%) / 3.54 (89%) / 4.35 (109%)
[15.728s][info][gc,mmu      ] GC(4) O: MMU: 2ms/97.0%, 5ms/98.8%, 10ms/99.4%, 20ms/99.7%, 50ms/99.8%, 100ms/99.9%
[15.728s][info][gc,marking  ] GC(4) O: Mark: 1 stripe(s), 1 proactive flush(es), 1 terminate flush(es), 0 completion(s), 0 continuation(s) 
[15.728s][info][gc,nmethod  ] GC(4) O: NMethods: 1721 registered, 117 unregistered
[15.728s][info][gc,metaspace] GC(4) O: Metaspace: 9M used, 10M committed, 1088M reserved
[15.728s][info][gc,ref      ] GC(4) O:                       Encountered   Discovered     Enqueued 
[15.729s][info][gc,ref      ] GC(4) O: Soft References:              222            0            0 
[15.729s][info][gc,ref      ] GC(4) O: Weak References:             1224         1157          296 
[15.729s][info][gc,ref      ] GC(4) O: Final References:               0            0            0 
[15.729s][info][gc,ref      ] GC(4) O: Phantom References:             2            2            0 
[15.729s][info][gc,reloc    ] GC(4) O:                        Candidates     Selected     In-Place         Size        Empty    Relocated 
[15.729s][info][gc,reloc    ] GC(4) O: Small Pages:                    3            0            0           6M           0M           0M 
[15.729s][info][gc,reloc    ] GC(4) O: Medium Pages:                   0            0            0           0M           0M           0M 
[15.729s][info][gc,reloc    ] GC(4) O: Large Pages:                   33            0            0          66M           0M           0M 
[15.729s][info][gc,reloc    ] GC(4) O: Forwarding Usage: 0M
[15.729s][info][gc,heap     ] GC(4) O: Min Capacity: 8M(3%)
[15.729s][info][gc,heap     ] GC(4) O: Max Capacity: 256M(100%)
[15.729s][info][gc,heap     ] GC(4) O: Soft Max Capacity: 256M(100%)
[15.729s][info][gc,heap     ] GC(4) O: Heap Statistics:
[15.729s][info][gc,heap     ] GC(4) O:                Mark Start          Mark End        Relocate Start      Relocate End           High               Low         
[15.729s][info][gc,heap     ] GC(4) O:  Capacity:      128M (50%)         128M (50%)         128M (50%)         128M (50%)         128M (50%)         128M (50%)    
[15.729s][info][gc,heap     ] GC(4) O:      Free:      130M (51%)         132M (52%)         132M (52%)         132M (52%)         132M (52%)         130M (51%)    
[15.729s][info][gc,heap     ] GC(4) O:      Used:      126M (49%)         124M (48%)         124M (48%)         124M (48%)         126M (49%)         124M (48%)    
[15.729s][info][gc,heap     ] GC(4) O: Old Generation Statistics:
[15.729s][info][gc,heap     ] GC(4) O:                Mark Start          Mark End        Relocate Start      Relocate End    
[15.729s][info][gc,heap     ] GC(4) O:      Used:       72M (28%)          72M (28%)          72M (28%)          72M (28%)    
[15.729s][info][gc,heap     ] GC(4) O:      Live:         -                69M (27%)          69M (27%)          69M (27%)    
[15.729s][info][gc,heap     ] GC(4) O:   Garbage:         -                 2M (1%)            2M (1%)            2M (1%)     
[15.729s][info][gc,heap     ] GC(4) O: Allocated:         -                 0M (0%)            0M (0%)            0M (0%)     
[15.729s][info][gc,heap     ] GC(4) O: Reclaimed:         -                  -                 0M (0%)            0M (0%)     
[15.729s][info][gc,heap     ] GC(4) O: Compacted:         -                  -                  -                 0M (0%)     
[15.729s][info][gc,phases   ] GC(4) O: Old Generation 124M(48%)->124M(48%) 0.022s
[15.729s][info][gc          ] GC(4) Major Collection (Proactive) 126M(49%)->124M(48%) 0.028s
[21.172s][info][gc          ] GC(5) Major Collection (Proactive)
[21.172s][info][gc,task     ] GC(5) Using 1 Workers for Young Generation
[21.172s][info][gc,task     ] GC(5) Using 1 Workers for Old Generation
[21.172s][info][gc,phases   ] GC(5) Y: Young Generation
[21.172s][info][gc,phases   ] GC(5) Y: Pause Mark Start (Major) 0.021ms
[21.175s][info][gc,phases   ] GC(5) Y: Concurrent Mark 2.981ms
[21.175s][info][gc,phases   ] GC(5) Y: Pause Mark End 0.015ms
[21.176s][info][gc,phases   ] GC(5) Y: Concurrent Mark Free 0.003ms
[21.176s][info][gc,phases   ] GC(5) Y: Concurrent Reset Relocation Set 0.001ms
[21.176s][info][gc,reloc    ] GC(5) Y: Using tenuring threshold: 2 (Computed)
[21.176s][info][gc,phases   ] GC(5) Y: Concurrent Select Relocation Set 0.369ms
[21.176s][info][gc,phases   ] GC(5) Y: Pause Relocate Start 0.013ms
[21.176s][info][gc,phases   ] GC(5) Y: Concurrent Relocate 0.072ms
[21.176s][info][gc,alloc    ] GC(5) Y:                         Mark Start        Mark End      Relocate Start    Relocate End   
[21.176s][info][gc,alloc    ] GC(5) Y: Allocation Stalls:          0                0                0                0         
[21.176s][info][gc,load     ] GC(5) Y: Load: 1.87 (47%) / 3.48 (87%) / 4.32 (108%)
[21.176s][info][gc,mmu      ] GC(5) Y: MMU: 2ms/97.0%, 5ms/98.8%, 10ms/99.4%, 20ms/99.7%, 50ms/99.8%, 100ms/99.9%
[21.176s][info][gc,marking  ] GC(5) Y: Mark: 1 stripe(s), 1 proactive flush(es), 1 terminate flush(es), 0 completion(s), 0 continuation(s) 
[21.176s][info][gc,nmethod  ] GC(5) Y: NMethods: 1731 registered, 117 unregistered
[21.176s][info][gc,metaspace] GC(5) Y: Metaspace: 9M used, 10M committed, 1088M reserved
[21.176s][info][gc,reloc    ] GC(5) Y:                        Candidates     Selected     In-Place         Size        Empty    Relocated 
[21.177s][info][gc,reloc    ] GC(5) Y: Small Pages:                    2            0            0           4M           2M           0M 
[21.177s][info][gc,reloc    ] GC(5) Y: Medium Pages:                   0            0            0           0M           0M           0M 
[21.177s][info][gc,reloc    ] GC(5) Y: Large Pages:                   47            0            0          94M           0M           0M 
[21.177s][info][gc,reloc    ] GC(5) Y: Forwarding Usage: 0M
[21.177s][info][gc,reloc    ] GC(5) Y: Age Table:
[21.177s][info][gc,reloc    ] GC(5) Y:                    Live             Garbage             Small              Medium             Large        
[21.177s][info][gc,reloc    ] GC(5) Y: Eden              44M (17%)           1M (1%)           1 / 0              0 / 0             22 / 0        
[21.177s][info][gc,reloc    ] GC(5) Y: Survivor 1        26M (10%)           2M (1%)           1 / 0              0 / 0             13 / 0        
[21.177s][info][gc,reloc    ] GC(5) Y: Survivor 2        24M (9%)            0M (0%)           0 / 0              0 / 0             12 / 0        
[21.177s][info][gc,heap     ] GC(5) Y: Min Capacity: 8M(3%)
[21.177s][info][gc,heap     ] GC(5) Y: Max Capacity: 256M(100%)
[21.177s][info][gc,heap     ] GC(5) Y: Soft Max Capacity: 256M(100%)
[21.177s][info][gc,heap     ] GC(5) Y: Heap Statistics:
[21.177s][info][gc,heap     ] GC(5) Y:                Mark Start          Mark End        Relocate Start      Relocate End           High               Low         
[21.177s][info][gc,heap     ] GC(5) Y:  Capacity:      170M (66%)         170M (66%)         170M (66%)         170M (66%)         170M (66%)         170M (66%)    
[21.177s][info][gc,heap     ] GC(5) Y:      Free:       86M (34%)          86M (34%)          88M (34%)          88M (34%)          88M (34%)          86M (34%)    
[21.177s][info][gc,heap     ] GC(5) Y:      Used:      170M (66%)         170M (66%)         168M (66%)         168M (66%)         170M (66%)         168M (66%)    
[21.177s][info][gc,heap     ] GC(5) Y: Young Generation Statistics:
[21.177s][info][gc,heap     ] GC(5) Y:                Mark Start          Mark End        Relocate Start      Relocate End    
[21.177s][info][gc,heap     ] GC(5) Y:      Used:       98M (38%)          98M (38%)          72M (28%)          72M (28%)    
[21.177s][info][gc,heap     ] GC(5) Y:      Live:         -                94M (37%)          70M (27%)          70M (27%)    
[21.177s][info][gc,heap     ] GC(5) Y:   Garbage:         -                 3M (2%)            1M (1%)            1M (1%)     
[21.177s][info][gc,heap     ] GC(5) Y: Allocated:         -                 0M (0%)            0M (0%)            0M (0%)     
[21.177s][info][gc,heap     ] GC(5) Y: Reclaimed:         -                  -                 2M (1%)            2M (1%)     
[21.177s][info][gc,heap     ] GC(5) Y:  Promoted:         -                  -                24M (9%)           24M (9%)     
[21.177s][info][gc,heap     ] GC(5) Y: Compacted:         -                  -                  -                 0M (0%)     
[21.177s][info][gc,phases   ] GC(5) Y: Young Generation 170M(66%)->168M(66%) 0.004s
[21.177s][info][gc,phases   ] GC(5) O: Old Generation
[21.194s][info][gc,phases   ] GC(5) O: Concurrent Mark 17.148ms
[21.194s][info][gc,phases   ] GC(5) O: Pause Mark End 0.014ms
[21.194s][info][gc,phases   ] GC(5) O: Concurrent Mark Free 0.003ms
[21.198s][info][gc,phases   ] GC(5) O: Concurrent Process Non-Strong 3.817ms
[21.198s][info][gc,phases   ] GC(5) O: Concurrent Reset Relocation Set 0.001ms
[21.198s][info][gc,phases   ] GC(5) O: Concurrent Select Relocation Set 0.038ms
[21.198s][info][gc,task     ] GC(5) O: Using 1 Workers for Old Generation
[21.200s][info][gc,task     ] GC(5) O: Using 1 Workers for Old Generation
[21.200s][info][gc,phases   ] GC(5) O: Concurrent Remap Roots 1.372ms
[21.200s][info][gc,phases   ] GC(5) O: Pause Relocate Start 0.013ms
[21.200s][info][gc,phases   ] GC(5) O: Concurrent Relocate 0.028ms
[21.200s][info][gc,alloc    ] GC(5) O:                         Mark Start        Mark End      Relocate Start    Relocate End   
[21.200s][info][gc,alloc    ] GC(5) O: Allocation Stalls:          0                0                0                0         
[21.200s][info][gc,load     ] GC(5) O: Load: 1.87 (47%) / 3.48 (87%) / 4.32 (108%)
[21.200s][info][gc,mmu      ] GC(5) O: MMU: 2ms/97.0%, 5ms/98.8%, 10ms/99.4%, 20ms/99.7%, 50ms/99.8%, 100ms/99.9%
[21.200s][info][gc,marking  ] GC(5) O: Mark: 1 stripe(s), 1 proactive flush(es), 1 terminate flush(es), 0 completion(s), 0 continuation(s) 
[21.200s][info][gc,nmethod  ] GC(5) O: NMethods: 1729 registered, 119 unregistered
[21.200s][info][gc,metaspace] GC(5) O: Metaspace: 9M used, 10M committed, 1088M reserved
[21.200s][info][gc,ref      ] GC(5) O:                       Encountered   Discovered     Enqueued 
[21.200s][info][gc,ref      ] GC(5) O: Soft References:              222            0            0 
[21.200s][info][gc,ref      ] GC(5) O: Weak References:              928          861            0 
[21.200s][info][gc,ref      ] GC(5) O: Final References:               0            0            0 
[21.200s][info][gc,ref      ] GC(5) O: Phantom References:             2            2            0 
[21.200s][info][gc,reloc    ] GC(5) O:                        Candidates     Selected     In-Place         Size        Empty    Relocated 
[21.200s][info][gc,reloc    ] GC(5) O: Small Pages:                    3            0            0           6M           0M           0M 
[21.200s][info][gc,reloc    ] GC(5) O: Medium Pages:                   0            0            0           0M           0M           0M 
[21.200s][info][gc,reloc    ] GC(5) O: Large Pages:                   33            0            0          66M           0M           0M 
[21.200s][info][gc,reloc    ] GC(5) O: Forwarding Usage: 0M
[21.200s][info][gc,heap     ] GC(5) O: Min Capacity: 8M(3%)
[21.200s][info][gc,heap     ] GC(5) O: Max Capacity: 256M(100%)
[21.200s][info][gc,heap     ] GC(5) O: Soft Max Capacity: 256M(100%)
[21.200s][info][gc,heap     ] GC(5) O: Heap Statistics:
[21.200s][info][gc,heap     ] GC(5) O:                Mark Start          Mark End        Relocate Start      Relocate End           High               Low         
[21.200s][info][gc,heap     ] GC(5) O:  Capacity:      170M (66%)         170M (66%)         170M (66%)         170M (66%)         170M (66%)         170M (66%)    
[21.200s][info][gc,heap     ] GC(5) O:      Free:       86M (34%)          88M (34%)          88M (34%)          88M (34%)          88M (34%)          86M (34%)    
[21.200s][info][gc,heap     ] GC(5) O:      Used:      170M (66%)         168M (66%)         168M (66%)         168M (66%)         170M (66%)         168M (66%)    
[21.200s][info][gc,heap     ] GC(5) O: Old Generation Statistics:
[21.200s][info][gc,heap     ] GC(5) O:                Mark Start          Mark End        Relocate Start      Relocate End    
[21.200s][info][gc,heap     ] GC(5) O:      Used:       72M (28%)          96M (38%)          96M (38%)          96M (38%)    
[21.200s][info][gc,heap     ] GC(5) O:      Live:         -                69M (27%)          69M (27%)          69M (27%)    
[21.200s][info][gc,heap     ] GC(5) O:   Garbage:         -                 2M (1%)            2M (1%)            2M (1%)     
[21.200s][info][gc,heap     ] GC(5) O: Allocated:         -                24M (9%)           24M (9%)           24M (9%)     
[21.200s][info][gc,heap     ] GC(5) O: Reclaimed:         -                  -                 0M (0%)            0M (0%)     
[21.200s][info][gc,heap     ] GC(5) O: Compacted:         -                  -                  -                 0M (0%)     
[21.200s][info][gc,phases   ] GC(5) O: Old Generation 168M(66%)->168M(66%) 0.023s
[21.200s][info][gc          ] GC(5) Major Collection (Proactive) 170M(66%)->168M(66%) 0.028s
[25.032s][info][gc          ] GC(6) Major Collection (Proactive)
[25.032s][info][gc,task     ] GC(6) Using 1 Workers for Young Generation
[25.032s][info][gc,task     ] GC(6) Using 1 Workers for Old Generation
[25.032s][info][gc,phases   ] GC(6) Y: Young Generation
[25.032s][info][gc,phases   ] GC(6) Y: Pause Mark Start (Major) 0.022ms
[25.036s][info][gc,phases   ] GC(6) Y: Concurrent Mark 3.370ms
[25.036s][info][gc,phases   ] GC(6) Y: Pause Mark End 0.019ms
[25.036s][info][gc,phases   ] GC(6) Y: Concurrent Mark Free 0.003ms
[25.036s][info][gc,phases   ] GC(6) Y: Concurrent Reset Relocation Set 0.012ms
[25.036s][info][gc,reloc    ] GC(6) Y: Using tenuring threshold: 1 (Computed)
[25.039s][info][gc,phases   ] GC(6) Y: Concurrent Select Relocation Set 2.841ms
[25.039s][info][gc,phases   ] GC(6) Y: Pause Relocate Start 0.013ms
[25.039s][info][gc,phases   ] GC(6) Y: Concurrent Relocate 0.124ms
[25.039s][info][gc,alloc    ] GC(6) Y:                         Mark Start        Mark End      Relocate Start    Relocate End   
[25.039s][info][gc,alloc    ] GC(6) Y: Allocation Stalls:          0                0                0                0         
[25.039s][info][gc,load     ] GC(6) Y: Load: 1.80 (45%) / 3.44 (86%) / 4.30 (108%)
[25.039s][info][gc,mmu      ] GC(6) Y: MMU: 2ms/97.0%, 5ms/98.8%, 10ms/99.4%, 20ms/99.7%, 50ms/99.8%, 100ms/99.9%
[25.039s][info][gc,marking  ] GC(6) Y: Mark: 1 stripe(s), 1 proactive flush(es), 1 terminate flush(es), 0 completion(s), 0 continuation(s) 
[25.039s][info][gc,nmethod  ] GC(6) Y: NMethods: 1732 registered, 119 unregistered
[25.039s][info][gc,metaspace] GC(6) Y: Metaspace: 9M used, 10M committed, 1088M reserved
[25.039s][info][gc,reloc    ] GC(6) Y:                        Candidates     Selected     In-Place         Size        Empty    Relocated 
[25.039s][info][gc,reloc    ] GC(6) Y: Small Pages:                    2            0            0           4M           2M           0M 
[25.039s][info][gc,reloc    ] GC(6) Y: Medium Pages:                   0            0            0           0M           0M           0M 
[25.040s][info][gc,reloc    ] GC(6) Y: Large Pages:                   50            0            0         100M           0M           0M 
[25.040s][info][gc,reloc    ] GC(6) Y: Forwarding Usage: 0M
[25.040s][info][gc,reloc    ] GC(6) Y: Age Table:
[25.040s][info][gc,reloc    ] GC(6) Y:                    Live             Garbage             Small              Medium             Large        
[25.040s][info][gc,reloc    ] GC(6) Y: Eden              30M (12%)           2M (1%)           1 / 0              0 / 0             15 / 0        
[25.040s][info][gc,reloc    ] GC(6) Y: Survivor 1        44M (17%)           1M (1%)           1 / 0              0 / 0             22 / 0        
[25.040s][info][gc,reloc    ] GC(6) Y: Survivor 2        26M (10%)           0M (0%)           0 / 0              0 / 0             13 / 0        
[25.040s][info][gc,heap     ] GC(6) Y: Min Capacity: 8M(3%)
[25.040s][info][gc,heap     ] GC(6) Y: Max Capacity: 256M(100%)
[25.040s][info][gc,heap     ] GC(6) Y: Soft Max Capacity: 256M(100%)
[25.040s][info][gc,heap     ] GC(6) Y: Heap Statistics:
[25.040s][info][gc,heap     ] GC(6) Y:                Mark Start          Mark End        Relocate Start      Relocate End           High               Low         
[25.040s][info][gc,heap     ] GC(6) Y:  Capacity:      200M (78%)         200M (78%)         200M (78%)         200M (78%)         200M (78%)         200M (78%)    
[25.040s][info][gc,heap     ] GC(6) Y:      Free:       56M (22%)          56M (22%)          58M (23%)          58M (23%)          58M (23%)          56M (22%)    
[25.040s][info][gc,heap     ] GC(6) Y:      Used:      200M (78%)         200M (78%)         198M (77%)         198M (77%)         200M (78%)         198M (77%)    
[25.040s][info][gc,heap     ] GC(6) Y: Young Generation Statistics:
[25.040s][info][gc,heap     ] GC(6) Y:                Mark Start          Mark End        Relocate Start      Relocate End    
[25.040s][info][gc,heap     ] GC(6) Y:      Used:      104M (41%)         104M (41%)          30M (12%)          30M (12%)    
[25.040s][info][gc,heap     ] GC(6) Y:      Live:         -               100M (39%)          30M (12%)          30M (12%)    
[25.040s][info][gc,heap     ] GC(6) Y:   Garbage:         -                 3M (2%)            0M (0%)            0M (0%)     
[25.040s][info][gc,heap     ] GC(6) Y: Allocated:         -                 0M (0%)            0M (0%)            0M (0%)     
[25.040s][info][gc,heap     ] GC(6) Y: Reclaimed:         -                  -                 3M (2%)            3M (2%)     
[25.040s][info][gc,heap     ] GC(6) Y:  Promoted:         -                  -                70M (27%)          70M (27%)    
[25.040s][info][gc,heap     ] GC(6) Y: Compacted:         -                  -                  -                 0M (0%)     
[25.040s][info][gc,phases   ] GC(6) Y: Young Generation 200M(78%)->198M(77%) 0.007s
[25.040s][info][gc,phases   ] GC(6) O: Old Generation
[25.053s][info][gc,phases   ] GC(6) O: Concurrent Mark 13.264ms
[25.053s][info][gc,phases   ] GC(6) O: Pause Mark End 0.015ms
[25.053s][info][gc,phases   ] GC(6) O: Concurrent Mark Free 0.003ms
[25.057s][info][gc,phases   ] GC(6) O: Concurrent Process Non-Strong 3.584ms
[25.057s][info][gc,phases   ] GC(6) O: Concurrent Reset Relocation Set 0.001ms
[25.057s][info][gc,phases   ] GC(6) O: Concurrent Select Relocation Set 0.035ms
[25.057s][info][gc,task     ] GC(6) O: Using 1 Workers for Old Generation
[25.059s][info][gc,task     ] GC(6) O: Using 1 Workers for Old Generation
[25.059s][info][gc,phases   ] GC(6) O: Concurrent Remap Roots 1.418ms
[25.059s][info][gc,phases   ] GC(6) O: Pause Relocate Start 0.012ms
[25.059s][info][gc,phases   ] GC(6) O: Concurrent Relocate 0.028ms
[25.059s][info][gc,alloc    ] GC(6) O:                         Mark Start        Mark End      Relocate Start    Relocate End   
[25.059s][info][gc,alloc    ] GC(6) O: Allocation Stalls:          0                0                0                0         
[25.059s][info][gc,load     ] GC(6) O: Load: 1.80 (45%) / 3.44 (86%) / 4.30 (108%)
[25.059s][info][gc,mmu      ] GC(6) O: MMU: 2ms/97.0%, 5ms/98.8%, 10ms/99.4%, 20ms/99.7%, 50ms/99.8%, 100ms/99.9%
[25.059s][info][gc,marking  ] GC(6) O: Mark: 1 stripe(s), 1 proactive flush(es), 1 terminate flush(es), 0 completion(s), 0 continuation(s) 
[25.059s][info][gc,nmethod  ] GC(6) O: NMethods: 1732 registered, 119 unregistered
[25.059s][info][gc,metaspace] GC(6) O: Metaspace: 9M used, 10M committed, 1088M reserved
[25.059s][info][gc,ref      ] GC(6) O:                       Encountered   Discovered     Enqueued 
[25.059s][info][gc,ref      ] GC(6) O: Soft References:              222            0            0 
[25.059s][info][gc,ref      ] GC(6) O: Weak References:              928          861            0 
[25.059s][info][gc,ref      ] GC(6) O: Final References:               0            0            0 
[25.059s][info][gc,ref      ] GC(6) O: Phantom References:             2            2            0 
[25.059s][info][gc,reloc    ] GC(6) O:                        Candidates     Selected     In-Place         Size        Empty    Relocated 
[25.059s][info][gc,reloc    ] GC(6) O: Small Pages:                    3            0            0           6M           0M           0M 
[25.059s][info][gc,reloc    ] GC(6) O: Medium Pages:                   0            0            0           0M           0M           0M 
[25.059s][info][gc,reloc    ] GC(6) O: Large Pages:                   45            0            0          90M           0M           0M 
[25.059s][info][gc,reloc    ] GC(6) O: Forwarding Usage: 0M
[25.059s][info][gc,heap     ] GC(6) O: Min Capacity: 8M(3%)
[25.059s][info][gc,heap     ] GC(6) O: Max Capacity: 256M(100%)
[25.059s][info][gc,heap     ] GC(6) O: Soft Max Capacity: 256M(100%)
[25.059s][info][gc,heap     ] GC(6) O: Heap Statistics:
[25.059s][info][gc,heap     ] GC(6) O:                Mark Start          Mark End        Relocate Start      Relocate End           High               Low         
[25.059s][info][gc,heap     ] GC(6) O:  Capacity:      200M (78%)         200M (78%)         200M (78%)         200M (78%)         200M (78%)         200M (78%)    
[25.059s][info][gc,heap     ] GC(6) O:      Free:       56M (22%)          58M (23%)          58M (23%)          58M (23%)          58M (23%)          56M (22%)    
[25.059s][info][gc,heap     ] GC(6) O:      Used:      200M (78%)         198M (77%)         198M (77%)         198M (77%)         200M (78%)         198M (77%)    
[25.059s][info][gc,heap     ] GC(6) O: Old Generation Statistics:
[25.059s][info][gc,heap     ] GC(6) O:                Mark Start          Mark End        Relocate Start      Relocate End    
[25.059s][info][gc,heap     ] GC(6) O:      Used:       96M (38%)         168M (66%)         168M (66%)         168M (66%)    
[25.059s][info][gc,heap     ] GC(6) O:      Live:         -                93M (37%)          93M (37%)          93M (37%)    
[25.059s][info][gc,heap     ] GC(6) O:   Garbage:         -                 2M (1%)            2M (1%)            2M (1%)     
[25.059s][info][gc,heap     ] GC(6) O: Allocated:         -                72M (28%)          72M (28%)          72M (28%)    
[25.059s][info][gc,heap     ] GC(6) O: Reclaimed:         -                  -                 0M (0%)            0M (0%)     
[25.059s][info][gc,heap     ] GC(6) O: Compacted:         -                  -                  -                 0M (0%)     
[25.059s][info][gc,phases   ] GC(6) O: Old Generation 198M(77%)->198M(77%) 0.019s
[25.059s][info][gc          ] GC(6) Major Collection (Proactive) 200M(78%)->198M(77%) 0.027s
[28.007s][info][gc          ] GC(7) Major Collection (Proactive)
[28.007s][info][gc,task     ] GC(7) Using 1 Workers for Young Generation
[28.007s][info][gc,task     ] GC(7) Using 1 Workers for Old Generation
[28.007s][info][gc,phases   ] GC(7) Y: Young Generation
[28.007s][info][gc,phases   ] GC(7) Y: Pause Mark Start (Major) 0.023ms
[28.011s][info][gc,phases   ] GC(7) Y: Concurrent Mark 3.848ms
[28.011s][info][gc,phases   ] GC(7) Y: Pause Mark End 0.020ms
[28.012s][info][gc,phases   ] GC(7) Y: Concurrent Mark Free 0.004ms
[28.012s][info][gc,phases   ] GC(7) Y: Concurrent Reset Relocation Set 0.036ms
[28.012s][info][gc,reloc    ] GC(7) Y: Using tenuring threshold: 1 (Computed)
[28.013s][info][gc,phases   ] GC(7) Y: Concurrent Select Relocation Set 1.362ms
[28.013s][info][gc,phases   ] GC(7) Y: Pause Relocate Start 0.013ms
[28.013s][info][gc,phases   ] GC(7) Y: Concurrent Relocate 0.072ms
[28.013s][info][gc,alloc    ] GC(7) Y:                         Mark Start        Mark End      Relocate Start    Relocate End   
[28.013s][info][gc,alloc    ] GC(7) Y: Allocation Stalls:          0                0                0                0         
[28.013s][info][gc,load     ] GC(7) Y: Load: 1.89 (47%) / 3.43 (86%) / 4.30 (107%)
[28.013s][info][gc,mmu      ] GC(7) Y: MMU: 2ms/97.0%, 5ms/98.8%, 10ms/99.4%, 20ms/99.7%, 50ms/99.8%, 100ms/99.9%
[28.013s][info][gc,marking  ] GC(7) Y: Mark: 1 stripe(s), 2 proactive flush(es), 1 terminate flush(es), 0 completion(s), 0 continuation(s) 
[28.013s][info][gc,nmethod  ] GC(7) Y: NMethods: 1733 registered, 119 unregistered
[28.013s][info][gc,metaspace] GC(7) Y: Metaspace: 9M used, 10M committed, 1088M reserved
[28.013s][info][gc,reloc    ] GC(7) Y:                        Candidates     Selected     In-Place         Size        Empty    Relocated 
[28.013s][info][gc,reloc    ] GC(7) Y: Small Pages:                    1            0            0           2M           2M           0M 
[28.013s][info][gc,reloc    ] GC(7) Y: Medium Pages:                   0            0            0           0M           0M           0M 
[28.014s][info][gc,reloc    ] GC(7) Y: Large Pages:                   27            0            0          54M           0M           0M 
[28.014s][info][gc,reloc    ] GC(7) Y: Forwarding Usage: 0M
[28.014s][info][gc,reloc    ] GC(7) Y: Age Table:
[28.014s][info][gc,reloc    ] GC(7) Y:                    Live             Garbage             Small              Medium             Large        
[28.014s][info][gc,reloc    ] GC(7) Y: Eden              24M (9%)            2M (1%)           1 / 0              0 / 0             12 / 0        
[28.014s][info][gc,reloc    ] GC(7) Y: Survivor 1        30M (12%)           0M (0%)           0 / 0              0 / 0             15 / 0        
[28.014s][info][gc,heap     ] GC(7) Y: Min Capacity: 8M(3%)
[28.014s][info][gc,heap     ] GC(7) Y: Max Capacity: 256M(100%)
[28.014s][info][gc,heap     ] GC(7) Y: Soft Max Capacity: 256M(100%)
[28.014s][info][gc,heap     ] GC(7) Y: Heap Statistics:
[28.014s][info][gc,heap     ] GC(7) Y:                Mark Start          Mark End        Relocate Start      Relocate End           High               Low         
[28.014s][info][gc,heap     ] GC(7) Y:  Capacity:      224M (88%)         226M (88%)         226M (88%)         226M (88%)         226M (88%)         224M (88%)    
[28.014s][info][gc,heap     ] GC(7) Y:      Free:       32M (12%)          30M (12%)          32M (12%)          32M (12%)          32M (12%)          30M (12%)    
[28.014s][info][gc,heap     ] GC(7) Y:      Used:      224M (88%)         226M (88%)         224M (88%)         224M (88%)         226M (88%)         224M (88%)    
[28.014s][info][gc,heap     ] GC(7) Y: Young Generation Statistics:
[28.014s][info][gc,heap     ] GC(7) Y:                Mark Start          Mark End        Relocate Start      Relocate End    
[28.014s][info][gc,heap     ] GC(7) Y:      Used:       56M (22%)          58M (23%)          26M (10%)          26M (10%)    
[28.014s][info][gc,heap     ] GC(7) Y:      Live:         -                54M (21%)          24M (9%)           24M (9%)     
[28.014s][info][gc,heap     ] GC(7) Y:   Garbage:         -                 2M (1%)            0M (0%)            0M (0%)     
[28.014s][info][gc,heap     ] GC(7) Y: Allocated:         -                 2M (1%)            2M (1%)            2M (1%)     
[28.014s][info][gc,heap     ] GC(7) Y: Reclaimed:         -                  -                 2M (1%)            2M (1%)     
[28.014s][info][gc,heap     ] GC(7) Y:  Promoted:         -                  -                30M (12%)          30M (12%)    
[28.014s][info][gc,heap     ] GC(7) Y: Compacted:         -                  -                  -                 0M (0%)     
[28.014s][info][gc,phases   ] GC(7) Y: Young Generation 224M(88%)->224M(88%) 0.006s
[28.014s][info][gc,phases   ] GC(7) O: Old Generation
[28.040s][info][gc,phases   ] GC(7) O: Concurrent Mark 25.969ms
[28.040s][info][gc,phases   ] GC(7) O: Pause Mark End 0.018ms
[28.040s][info][gc,phases   ] GC(7) O: Concurrent Mark Free 0.006ms
[28.044s][info][gc,phases   ] GC(7) O: Concurrent Process Non-Strong 3.652ms
[28.044s][info][gc,phases   ] GC(7) O: Concurrent Reset Relocation Set 0.003ms
[28.044s][info][gc,phases   ] GC(7) O: Concurrent Select Relocation Set 0.070ms
[28.044s][info][gc,task     ] GC(7) O: Using 1 Workers for Old Generation
[28.046s][info][gc,task     ] GC(7) O: Using 1 Workers for Old Generation
[28.046s][info][gc,phases   ] GC(7) O: Concurrent Remap Roots 1.844ms
[28.046s][info][gc,phases   ] GC(7) O: Pause Relocate Start 0.015ms
[28.048s][info][gc,phases   ] GC(7) O: Concurrent Relocate 2.052ms
[28.048s][info][gc,alloc    ] GC(7) O:                         Mark Start        Mark End      Relocate Start    Relocate End   
[28.048s][info][gc,alloc    ] GC(7) O: Allocation Stalls:          0                0                0                0         
[28.048s][info][gc,load     ] GC(7) O: Load: 1.89 (47%) / 3.43 (86%) / 4.30 (107%)
[28.048s][info][gc,mmu      ] GC(7) O: MMU: 2ms/97.0%, 5ms/98.8%, 10ms/99.4%, 20ms/99.7%, 50ms/99.8%, 100ms/99.9%
[28.048s][info][gc,marking  ] GC(7) O: Mark: 1 stripe(s), 2 proactive flush(es), 1 terminate flush(es), 0 completion(s), 0 continuation(s) 
[28.048s][info][gc,nmethod  ] GC(7) O: NMethods: 1732 registered, 120 unregistered
[28.048s][info][gc,metaspace] GC(7) O: Metaspace: 9M used, 10M committed, 1088M reserved
[28.048s][info][gc,ref      ] GC(7) O:                       Encountered   Discovered     Enqueued 
[28.048s][info][gc,ref      ] GC(7) O: Soft References:              222            0            0 
[28.048s][info][gc,ref      ] GC(7) O: Weak References:              928          861            0 
[28.048s][info][gc,ref      ] GC(7) O: Final References:               0            0            0 
[28.048s][info][gc,ref      ] GC(7) O: Phantom References:             2            2            0 
[28.048s][info][gc,reloc    ] GC(7) O:                        Candidates     Selected     In-Place         Size        Empty    Relocated 
[28.048s][info][gc,reloc    ] GC(7) O: Small Pages:                    4            1            0           8M           0M           0M 
[28.048s][info][gc,reloc    ] GC(7) O: Medium Pages:                   0            0            0           0M           0M           0M 
[28.048s][info][gc,reloc    ] GC(7) O: Large Pages:                   80            0            0         160M           0M           0M 
[28.049s][info][gc,reloc    ] GC(7) O: Forwarding Usage: 0M
[28.049s][info][gc,heap     ] GC(7) O: Min Capacity: 8M(3%)
[28.049s][info][gc,heap     ] GC(7) O: Max Capacity: 256M(100%)
[28.049s][info][gc,heap     ] GC(7) O: Soft Max Capacity: 256M(100%)
[28.049s][info][gc,heap     ] GC(7) O: Heap Statistics:
[28.049s][info][gc,heap     ] GC(7) O:                Mark Start          Mark End        Relocate Start      Relocate End           High               Low         
[28.049s][info][gc,heap     ] GC(7) O:  Capacity:      224M (88%)         226M (88%)         226M (88%)         226M (88%)         226M (88%)         224M (88%)    
[28.049s][info][gc,heap     ] GC(7) O:      Free:       32M (12%)          32M (12%)          32M (12%)          34M (13%)          34M (13%)          30M (12%)    
[28.049s][info][gc,heap     ] GC(7) O:      Used:      224M (88%)         224M (88%)         224M (88%)         222M (87%)         226M (88%)         222M (87%)    
[28.049s][info][gc,heap     ] GC(7) O: Old Generation Statistics:
[28.049s][info][gc,heap     ] GC(7) O:                Mark Start          Mark End        Relocate Start      Relocate End    
[28.049s][info][gc,heap     ] GC(7) O:      Used:      168M (66%)         198M (77%)         198M (77%)         196M (77%)    
[28.049s][info][gc,heap     ] GC(7) O:      Live:         -               163M (64%)         163M (64%)         163M (64%)    
[28.049s][info][gc,heap     ] GC(7) O:   Garbage:         -                 4M (2%)            4M (2%)            0M (0%)     
[28.049s][info][gc,heap     ] GC(7) O: Allocated:         -                30M (12%)          30M (12%)          31M (12%)    
[28.049s][info][gc,heap     ] GC(7) O: Reclaimed:         -                  -                 0M (0%)            3M (1%)     
[28.049s][info][gc,heap     ] GC(7) O: Compacted:         -                  -                  -                 0M (0%)     
[28.049s][info][gc,phases   ] GC(7) O: Old Generation 224M(88%)->222M(87%) 0.034s
[28.049s][info][gc          ] GC(7) Major Collection (Proactive) 224M(88%)->222M(87%) 0.042s
[29.529s][info][gc          ] GC(8) Minor Collection (High Usage)
[29.529s][info][gc,task     ] GC(8) Using 1 Workers for Young Generation
[29.529s][info][gc,phases   ] GC(8) y: Young Generation
[29.530s][info][gc,phases   ] GC(8) y: Pause Mark Start 0.027ms
[29.534s][info][gc,phases   ] GC(8) y: Concurrent Mark 4.181ms
[29.534s][info][gc,phases   ] GC(8) y: Pause Mark End 0.015ms
[29.534s][info][gc,phases   ] GC(8) y: Concurrent Mark Free 0.003ms
[29.534s][info][gc,phases   ] GC(8) y: Concurrent Reset Relocation Set 0.011ms
[29.534s][info][gc,reloc    ] GC(8) y: Using tenuring threshold: 1 (Computed)
[29.535s][info][gc,phases   ] GC(8) y: Concurrent Select Relocation Set 0.749ms
[29.535s][info][gc,phases   ] GC(8) y: Pause Relocate Start 0.008ms
[29.535s][info][gc,phases   ] GC(8) y: Concurrent Relocate 0.054ms
[29.535s][info][gc,alloc    ] GC(8) y:                         Mark Start        Mark End      Relocate Start    Relocate End   
[29.535s][info][gc,alloc    ] GC(8) y: Allocation Stalls:          0                0                0                0         
[29.535s][info][gc,load     ] GC(8) y: Load: 1.89 (47%) / 3.43 (86%) / 4.30 (107%)
[29.535s][info][gc,mmu      ] GC(8) y: MMU: 2ms/97.0%, 5ms/98.8%, 10ms/99.4%, 20ms/99.7%, 50ms/99.8%, 100ms/99.9%
[29.535s][info][gc,marking  ] GC(8) y: Mark: 1 stripe(s), 2 proactive flush(es), 1 terminate flush(es), 0 completion(s), 0 continuation(s) 
[29.535s][info][gc,nmethod  ] GC(8) y: NMethods: 1732 registered, 120 unregistered
[29.535s][info][gc,metaspace] GC(8) y: Metaspace: 9M used, 10M committed, 1088M reserved
[29.535s][info][gc,reloc    ] GC(8) y:                        Candidates     Selected     In-Place         Size        Empty    Relocated 
[29.535s][info][gc,reloc    ] GC(8) y: Small Pages:                    1            0            0           2M           0M           0M 
[29.535s][info][gc,reloc    ] GC(8) y: Medium Pages:                   0            0            0           0M           0M           0M 
[29.535s][info][gc,reloc    ] GC(8) y: Large Pages:                   18            0            0          36M           0M           0M 
[29.535s][info][gc,reloc    ] GC(8) y: Forwarding Usage: 0M
[29.535s][info][gc,reloc    ] GC(8) y: Age Table:
[29.535s][info][gc,reloc    ] GC(8) y:                    Live             Garbage             Small              Medium             Large        
[29.535s][info][gc,reloc    ] GC(8) y: Eden              12M (5%)            1M (1%)           1 / 0              0 / 0              6 / 0        
[29.536s][info][gc,reloc    ] GC(8) y: Survivor 1        24M (9%)            0M (0%)           0 / 0              0 / 0             12 / 0        
[29.536s][info][gc,heap     ] GC(8) y: Min Capacity: 8M(3%)
[29.536s][info][gc,heap     ] GC(8) y: Max Capacity: 256M(100%)
[29.536s][info][gc,heap     ] GC(8) y: Soft Max Capacity: 256M(100%)
[29.536s][info][gc,heap     ] GC(8) y: Heap Statistics:
[29.536s][info][gc,heap     ] GC(8) y:                Mark Start          Mark End        Relocate Start      Relocate End           High               Low         
[29.536s][info][gc,heap     ] GC(8) y:  Capacity:      234M (91%)         236M (92%)         236M (92%)         236M (92%)         236M (92%)         234M (91%)    
[29.536s][info][gc,heap     ] GC(8) y:      Free:       22M (9%)           20M (8%)           20M (8%)           20M (8%)           22M (9%)           20M (8%)     
[29.536s][info][gc,heap     ] GC(8) y:      Used:      234M (91%)         236M (92%)         236M (92%)         236M (92%)         236M (92%)         234M (91%)    
[29.536s][info][gc,heap     ] GC(8) y: Young Generation Statistics:
[29.536s][info][gc,heap     ] GC(8) y:                Mark Start          Mark End        Relocate Start      Relocate End    
[29.536s][info][gc,heap     ] GC(8) y:      Used:       38M (15%)          40M (16%)          16M (6%)           16M (6%)     
[29.536s][info][gc,heap     ] GC(8) y:      Live:         -                36M (14%)          12M (5%)           12M (5%)     
[29.536s][info][gc,heap     ] GC(8) y:   Garbage:         -                 1M (1%)            1M (1%)            1M (1%)     
[29.536s][info][gc,heap     ] GC(8) y: Allocated:         -                 2M (1%)            2M (1%)            2M (1%)     
[29.536s][info][gc,heap     ] GC(8) y: Reclaimed:         -                  -                 0M (0%)            0M (0%)     
[29.536s][info][gc,heap     ] GC(8) y:  Promoted:         -                  -                24M (9%)           24M (9%)     
[29.536s][info][gc,heap     ] GC(8) y: Compacted:         -                  -                  -                 0M (0%)     
[29.536s][info][gc,phases   ] GC(8) y: Young Generation 234M(91%)->236M(92%) 0.006s
[29.536s][info][gc          ] GC(8) Minor Collection (High Usage) 234M(91%)->236M(92%) 0.007s
[29.536s][info][gc          ] GC(9) Major Collection (Allocation Rate)
[29.536s][info][gc,task     ] GC(9) Using 1 Workers for Young Generation
[29.536s][info][gc,task     ] GC(9) Using 1 Workers for Old Generation
[29.536s][info][gc,phases   ] GC(9) Y: Young Generation
[29.536s][info][gc,phases   ] GC(9) Y: Pause Mark Start (Major) 0.010ms
[29.540s][info][gc,phases   ] GC(9) Y: Concurrent Mark 4.209ms
[29.543s][info][gc,phases   ] GC(9) Y: Pause Mark End 0.016ms
[29.544s][info][gc,phases   ] GC(9) Y: Concurrent Mark Free 0.004ms
[29.545s][info][gc,phases   ] GC(9) Y: Concurrent Reset Relocation Set 0.032ms
[29.545s][info][gc,reloc    ] GC(9) Y: Using tenuring threshold: 2 (Computed)
[29.545s][info][gc,phases   ] GC(9) Y: Concurrent Select Relocation Set 0.116ms
[29.546s][info][gc,phases   ] GC(9) Y: Pause Relocate Start 0.250ms
[29.546s][info][gc,phases   ] GC(9) Y: Concurrent Relocate 0.047ms
[29.546s][info][gc,alloc    ] GC(9) Y:                         Mark Start        Mark End      Relocate Start    Relocate End   
[29.546s][info][gc,alloc    ] GC(9) Y: Allocation Stalls:          0                0                0                0         
[29.546s][info][gc,load     ] GC(9) Y: Load: 1.89 (47%) / 3.43 (86%) / 4.30 (107%)
[29.546s][info][gc,mmu      ] GC(9) Y: MMU: 2ms/87.5%, 5ms/94.7%, 10ms/97.2%, 20ms/98.4%, 50ms/99.3%, 100ms/99.7%
[29.546s][info][gc,marking  ] GC(9) Y: Mark: 1 stripe(s), 1 proactive flush(es), 1 terminate flush(es), 0 completion(s), 0 continuation(s) 
[29.546s][info][gc,nmethod  ] GC(9) Y: NMethods: 1732 registered, 120 unregistered
[29.546s][info][gc,metaspace] GC(9) Y: Metaspace: 9M used, 10M committed, 1088M reserved
[29.546s][info][gc,reloc    ] GC(9) Y:                        Candidates     Selected     In-Place         Size        Empty    Relocated 
[29.546s][info][gc,reloc    ] GC(9) Y: Small Pages:                    2            0            0           4M           2M           0M 
[29.546s][info][gc,reloc    ] GC(9) Y: Medium Pages:                   0            0            0           0M           0M           0M 
[29.546s][info][gc,reloc    ] GC(9) Y: Large Pages:                    6            0            0          12M           0M           0M 
[29.546s][info][gc,reloc    ] GC(9) Y: Forwarding Usage: 0M
[29.546s][info][gc,reloc    ] GC(9) Y: Age Table:
[29.546s][info][gc,reloc    ] GC(9) Y:                    Live             Garbage             Small              Medium             Large        
[29.546s][info][gc,reloc    ] GC(9) Y: Eden                -                 2M (1%)           1 / 0              0 / 0              0 / 0        
[29.546s][info][gc,reloc    ] GC(9) Y: Survivor 1        12M (5%)            1M (1%)           1 / 0              0 / 0              6 / 0        
[29.546s][info][gc,heap     ] GC(9) Y: Min Capacity: 8M(3%)
[29.546s][info][gc,heap     ] GC(9) Y: Max Capacity: 256M(100%)
[29.546s][info][gc,heap     ] GC(9) Y: Soft Max Capacity: 256M(100%)
[29.546s][info][gc,heap     ] GC(9) Y: Heap Statistics:
[29.546s][info][gc,heap     ] GC(9) Y:                Mark Start          Mark End        Relocate Start      Relocate End           High               Low         
[29.546s][info][gc,heap     ] GC(9) Y:  Capacity:      236M (92%)         236M (92%)         236M (92%)         236M (92%)         236M (92%)         236M (92%)    
[29.546s][info][gc,heap     ] GC(9) Y:      Free:       20M (8%)           20M (8%)           22M (9%)           22M (9%)           22M (9%)           20M (8%)     
[29.546s][info][gc,heap     ] GC(9) Y:      Used:      236M (92%)         236M (92%)         234M (91%)         234M (91%)         236M (92%)         234M (91%)    
[29.546s][info][gc,heap     ] GC(9) Y: Young Generation Statistics:
[29.546s][info][gc,heap     ] GC(9) Y:                Mark Start          Mark End        Relocate Start      Relocate End    
[29.546s][info][gc,heap     ] GC(9) Y:      Used:       16M (6%)           16M (6%)           14M (5%)           14M (5%)     
[29.546s][info][gc,heap     ] GC(9) Y:      Live:         -                12M (5%)           12M (5%)           12M (5%)     
[29.546s][info][gc,heap     ] GC(9) Y:   Garbage:         -                 3M (2%)            1M (1%)            1M (1%)     
[29.546s][info][gc,heap     ] GC(9) Y: Allocated:         -                 0M (0%)            0M (0%)            0M (0%)     
[29.546s][info][gc,heap     ] GC(9) Y: Reclaimed:         -                  -                 2M (1%)            2M (1%)     
[29.546s][info][gc,heap     ] GC(9) Y:  Promoted:         -                  -                 0M (0%)            0M (0%)     
[29.546s][info][gc,heap     ] GC(9) Y: Compacted:         -                  -                  -                 0M (0%)     
[29.546s][info][gc,phases   ] GC(9) Y: Young Generation 236M(92%)->234M(91%) 0.010s
[29.546s][info][gc,phases   ] GC(9) O: Old Generation
[29.548s][info][gc          ] GC(10) Minor Collection (High Usage)
[29.548s][info][gc,task     ] GC(10) Using 1 Workers for Young Generation
[29.548s][info][gc,phases   ] GC(10) y: Young Generation
[29.550s][info][gc,phases   ] GC(10) y: Pause Mark Start 0.029ms
[29.554s][info][gc,phases   ] GC(10) y: Concurrent Mark 4.242ms
[29.554s][info][gc,phases   ] GC(10) y: Pause Mark End 0.015ms
[29.554s][info][gc,phases   ] GC(10) y: Concurrent Mark Free 0.003ms
[29.555s][info][gc,phases   ] GC(10) y: Concurrent Reset Relocation Set 0.001ms
[29.555s][info][gc,reloc    ] GC(10) y: Using tenuring threshold: 3 (Computed)
[29.555s][info][gc,phases   ] GC(10) y: Concurrent Select Relocation Set 0.115ms
[29.555s][info][gc,phases   ] GC(10) y: Pause Relocate Start 0.009ms
[29.555s][info][gc,phases   ] GC(10) y: Concurrent Relocate 0.058ms
[29.555s][info][gc,alloc    ] GC(10) y:                         Mark Start        Mark End      Relocate Start    Relocate End   
[29.555s][info][gc,alloc    ] GC(10) y: Allocation Stalls:          0                0                0                0         
[29.555s][info][gc,load     ] GC(10) y: Load: 1.89 (47%) / 3.43 (86%) / 4.30 (107%)
[29.555s][info][gc,mmu      ] GC(10) y: MMU: 2ms/87.5%, 5ms/94.4%, 10ms/97.0%, 20ms/98.3%, 50ms/99.2%, 100ms/99.6%
[29.555s][info][gc,marking  ] GC(10) y: Mark: 1 stripe(s), 1 proactive flush(es), 1 terminate flush(es), 0 completion(s), 0 continuation(s) 
[29.555s][info][gc,nmethod  ] GC(10) y: NMethods: 1732 registered, 120 unregistered
[29.555s][info][gc,metaspace] GC(10) y: Metaspace: 9M used, 10M committed, 1088M reserved
[29.555s][info][gc,reloc    ] GC(10) y:                        Candidates     Selected     In-Place         Size        Empty    Relocated 
[29.555s][info][gc,reloc    ] GC(10) y: Small Pages:                    1            0            0           2M           0M           0M 
[29.555s][info][gc,reloc    ] GC(10) y: Medium Pages:                   0            0            0           0M           0M           0M 
[29.555s][info][gc,reloc    ] GC(10) y: Large Pages:                    6            0            0          12M           0M           0M 
[29.555s][info][gc,reloc    ] GC(10) y: Forwarding Usage: 0M
[29.555s][info][gc,reloc    ] GC(10) y: Age Table:
[29.555s][info][gc,reloc    ] GC(10) y:                    Live             Garbage             Small              Medium             Large        
[29.555s][info][gc,reloc    ] GC(10) y: Eden                -                 0M (0%)           0 / 0              0 / 0              0 / 0        
[29.555s][info][gc,reloc    ] GC(10) y: Survivor 1          -                 0M (0%)           0 / 0              0 / 0              0 / 0        
[29.555s][info][gc,reloc    ] GC(10) y: Survivor 2        12M (5%)            1M (1%)           1 / 0              0 / 0              6 / 0        
[29.555s][info][gc,heap     ] GC(10) y: Min Capacity: 8M(3%)
[29.555s][info][gc,heap     ] GC(10) y: Max Capacity: 256M(100%)
[29.555s][info][gc,heap     ] GC(10) y: Soft Max Capacity: 256M(100%)
[29.555s][info][gc,heap     ] GC(10) y: Heap Statistics:
[29.555s][info][gc,heap     ] GC(10) y:                Mark Start          Mark End        Relocate Start      Relocate End           High               Low         
[29.555s][info][gc,heap     ] GC(10) y:  Capacity:      236M (92%)         236M (92%)         236M (92%)         236M (92%)         236M (92%)         236M (92%)    
[29.555s][info][gc,heap     ] GC(10) y:      Free:       22M (9%)           22M (9%)           22M (9%)           22M (9%)           22M (9%)           22M (9%)     
[29.555s][info][gc,heap     ] GC(10) y:      Used:      234M (91%)         234M (91%)         234M (91%)         234M (91%)         234M (91%)         234M (91%)    
[29.555s][info][gc,heap     ] GC(10) y: Young Generation Statistics:
[29.555s][info][gc,heap     ] GC(10) y:                Mark Start          Mark End        Relocate Start      Relocate End    
[29.555s][info][gc,heap     ] GC(10) y:      Used:       14M (5%)           14M (5%)           14M (5%)           14M (5%)     
[29.555s][info][gc,heap     ] GC(10) y:      Live:         -                12M (5%)           12M (5%)           12M (5%)     
[29.556s][info][gc,heap     ] GC(10) y:   Garbage:         -                 1M (1%)            1M (1%)            1M (1%)     
[29.556s][info][gc,heap     ] GC(10) y: Allocated:         -                 0M (0%)            0M (0%)            0M (0%)     
[29.556s][info][gc,heap     ] GC(10) y: Reclaimed:         -                  -                 0M (0%)            0M (0%)     
[29.556s][info][gc,heap     ] GC(10) y:  Promoted:         -                  -                 0M (0%)            0M (0%)     
[29.556s][info][gc,heap     ] GC(10) y: Compacted:         -                  -                  -                 0M (0%)     
[29.556s][info][gc,phases   ] GC(10) y: Young Generation 234M(91%)->234M(91%) 0.007s
[29.556s][info][gc          ] GC(10) Minor Collection (High Usage) 234M(91%)->234M(91%) 0.008s
[29.556s][info][gc          ] GC(11) Minor Collection (High Usage)
[29.556s][info][gc,task     ] GC(11) Using 1 Workers for Young Generation
[29.556s][info][gc,phases   ] GC(11) y: Young Generation
[29.556s][info][gc,phases   ] GC(11) y: Pause Mark Start 0.009ms
[29.559s][info][gc,phases   ] GC(11) y: Concurrent Mark 2.978ms
[29.559s][info][gc,phases   ] GC(11) y: Pause Mark End 0.015ms
[29.559s][info][gc,phases   ] GC(11) y: Concurrent Mark Free 0.002ms
[29.559s][info][gc,phases   ] GC(11) y: Concurrent Reset Relocation Set 0.001ms
[29.559s][info][gc,reloc    ] GC(11) y: Using tenuring threshold: 4 (Computed)
[29.559s][info][gc,phases   ] GC(11) y: Concurrent Select Relocation Set 0.085ms
[29.559s][info][gc,phases   ] GC(11) y: Pause Relocate Start 0.010ms
[29.559s][info][gc,phases   ] GC(11) y: Concurrent Relocate 0.059ms
[29.559s][info][gc,alloc    ] GC(11) y:                         Mark Start        Mark End      Relocate Start    Relocate End   
[29.559s][info][gc,alloc    ] GC(11) y: Allocation Stalls:          0                0                0                0         
[29.559s][info][gc,load     ] GC(11) y: Load: 1.89 (47%) / 3.43 (86%) / 4.30 (107%)
[29.559s][info][gc,mmu      ] GC(11) y: MMU: 2ms/87.5%, 5ms/94.4%, 10ms/97.0%, 20ms/98.2%, 50ms/99.2%, 100ms/99.6%
[29.559s][info][gc,marking  ] GC(11) y: Mark: 1 stripe(s), 1 proactive flush(es), 1 terminate flush(es), 0 completion(s), 0 continuation(s) 
[29.560s][info][gc,nmethod  ] GC(11) y: NMethods: 1732 registered, 120 unregistered
[29.560s][info][gc,metaspace] GC(11) y: Metaspace: 9M used, 10M committed, 1088M reserved
[29.560s][info][gc,reloc    ] GC(11) y:                        Candidates     Selected     In-Place         Size        Empty    Relocated 
[29.560s][info][gc,reloc    ] GC(11) y: Small Pages:                    1            0            0           2M           0M           0M 
[29.560s][info][gc,reloc    ] GC(11) y: Medium Pages:                   0            0            0           0M           0M           0M 
[29.560s][info][gc,reloc    ] GC(11) y: Large Pages:                    6            0            0          12M           0M           0M 
[29.560s][info][gc,reloc    ] GC(11) y: Forwarding Usage: 0M
[29.560s][info][gc,reloc    ] GC(11) y: Age Table:
[29.560s][info][gc,reloc    ] GC(11) y:                    Live             Garbage             Small              Medium             Large        
[29.560s][info][gc,reloc    ] GC(11) y: Eden                -                 0M (0%)           0 / 0              0 / 0              0 / 0        
[29.560s][info][gc,reloc    ] GC(11) y: Survivor 1          -                 0M (0%)           0 / 0              0 / 0              0 / 0        
[29.560s][info][gc,reloc    ] GC(11) y: Survivor 2          -                 0M (0%)           0 / 0              0 / 0              0 / 0        
[29.560s][info][gc,reloc    ] GC(11) y: Survivor 3        12M (5%)            1M (1%)           1 / 0              0 / 0              6 / 0        
[29.560s][info][gc,heap     ] GC(11) y: Min Capacity: 8M(3%)
[29.560s][info][gc,heap     ] GC(11) y: Max Capacity: 256M(100%)
[29.560s][info][gc,heap     ] GC(11) y: Soft Max Capacity: 256M(100%)
[29.560s][info][gc,heap     ] GC(11) y: Heap Statistics:
[29.560s][info][gc,heap     ] GC(11) y:                Mark Start          Mark End        Relocate Start      Relocate End           High               Low         
[29.560s][info][gc,heap     ] GC(11) y:  Capacity:      236M (92%)         236M (92%)         236M (92%)         236M (92%)         236M (92%)         236M (92%)    
[29.560s][info][gc,heap     ] GC(11) y:      Free:       22M (9%)           22M (9%)           22M (9%)           22M (9%)           22M (9%)           22M (9%)     
[29.560s][info][gc,heap     ] GC(11) y:      Used:      234M (91%)         234M (91%)         234M (91%)         234M (91%)         234M (91%)         234M (91%)    
[29.560s][info][gc,heap     ] GC(11) y: Young Generation Statistics:
[29.560s][info][gc,heap     ] GC(11) y:                Mark Start          Mark End        Relocate Start      Relocate End    
[29.560s][info][gc,heap     ] GC(11) y:      Used:       14M (5%)           14M (5%)           14M (5%)           14M (5%)     
[29.560s][info][gc,heap     ] GC(11) y:      Live:         -                12M (5%)           12M (5%)           12M (5%)     
[29.560s][info][gc,heap     ] GC(11) y:   Garbage:         -                 1M (1%)            1M (1%)            1M (1%)     
[29.560s][info][gc,heap     ] GC(11) y: Allocated:         -                 0M (0%)            0M (0%)            0M (0%)     
[29.560s][info][gc,heap     ] GC(11) y: Reclaimed:         -                  -                 0M (0%)            0M (0%)     
[29.560s][info][gc,heap     ] GC(11) y:  Promoted:         -                  -                 0M (0%)            0M (0%)     
[29.560s][info][gc,heap     ] GC(11) y: Compacted:         -                  -                  -                 0M (0%)     
[29.560s][info][gc,phases   ] GC(11) y: Young Generation 234M(91%)->234M(91%) 0.004s
[29.560s][info][gc          ] GC(11) Minor Collection (High Usage) 234M(91%)->234M(91%) 0.004s
[29.560s][info][gc          ] GC(12) Minor Collection (High Usage)
[29.560s][info][gc,task     ] GC(12) Using 1 Workers for Young Generation
[29.560s][info][gc,phases   ] GC(12) y: Young Generation
[29.560s][info][gc,phases   ] GC(12) y: Pause Mark Start 0.013ms
[29.562s][info][gc,phases   ] GC(12) y: Concurrent Mark 2.207ms
[29.562s][info][gc,phases   ] GC(12) y: Pause Mark End 0.010ms
[29.563s][info][gc,phases   ] GC(12) y: Concurrent Mark Free 0.002ms
[29.563s][info][gc,phases   ] GC(12) y: Concurrent Reset Relocation Set 0.000ms
[29.563s][info][gc,reloc    ] GC(12) y: Using tenuring threshold: 4 (Computed)
[29.563s][info][gc,phases   ] GC(12) y: Concurrent Select Relocation Set 0.132ms
[29.563s][info][gc,phases   ] GC(12) y: Pause Relocate Start 0.008ms
[29.563s][info][gc,phases   ] GC(12) y: Concurrent Relocate 0.078ms
[29.563s][info][gc,alloc    ] GC(12) y:                         Mark Start        Mark End      Relocate Start    Relocate End   
[29.563s][info][gc,alloc    ] GC(12) y: Allocation Stalls:          0                0                0                0         
[29.563s][info][gc,load     ] GC(12) y: Load: 1.89 (47%) / 3.43 (86%) / 4.30 (107%)
[29.563s][info][gc,mmu      ] GC(12) y: MMU: 2ms/87.5%, 5ms/94.4%, 10ms/97.0%, 20ms/98.1%, 50ms/99.1%, 100ms/99.6%
[29.563s][info][gc,marking  ] GC(12) y: Mark: 1 stripe(s), 1 proactive flush(es), 1 terminate flush(es), 0 completion(s), 0 continuation(s) 
[29.563s][info][gc,nmethod  ] GC(12) y: NMethods: 1732 registered, 120 unregistered
[29.563s][info][gc,metaspace] GC(12) y: Metaspace: 9M used, 10M committed, 1088M reserved
[29.563s][info][gc,reloc    ] GC(12) y:                        Candidates     Selected     In-Place         Size        Empty    Relocated 
[29.563s][info][gc,reloc    ] GC(12) y: Small Pages:                    1            0            0           2M           0M           0M 
[29.563s][info][gc,reloc    ] GC(12) y: Medium Pages:                   0            0            0           0M           0M           0M 
[29.563s][info][gc,reloc    ] GC(12) y: Large Pages:                    6            0            0          12M           0M           0M 
[29.563s][info][gc,reloc    ] GC(12) y: Forwarding Usage: 0M
[29.563s][info][gc,reloc    ] GC(12) y: Age Table:
[29.563s][info][gc,reloc    ] GC(12) y:                    Live             Garbage             Small              Medium             Large        
[29.563s][info][gc,reloc    ] GC(12) y: Eden                -                 0M (0%)           0 / 0              0 / 0              0 / 0        
[29.563s][info][gc,reloc    ] GC(12) y: Survivor 1          -                 0M (0%)           0 / 0              0 / 0              0 / 0        
[29.563s][info][gc,reloc    ] GC(12) y: Survivor 2          -                 0M (0%)           0 / 0              0 / 0              0 / 0        
[29.563s][info][gc,reloc    ] GC(12) y: Survivor 3          -                 0M (0%)           0 / 0              0 / 0              0 / 0        
[29.563s][info][gc,reloc    ] GC(12) y: Survivor 4        12M (5%)            1M (1%)           1 / 0              0 / 0              6 / 0        
[29.563s][info][gc,heap     ] GC(12) y: Min Capacity: 8M(3%)
[29.563s][info][gc,heap     ] GC(12) y: Max Capacity: 256M(100%)
[29.563s][info][gc,heap     ] GC(12) y: Soft Max Capacity: 256M(100%)
[29.563s][info][gc,heap     ] GC(12) y: Heap Statistics:
[29.563s][info][gc,heap     ] GC(12) y:                Mark Start          Mark End        Relocate Start      Relocate End           High               Low         
[29.563s][info][gc,heap     ] GC(12) y:  Capacity:      236M (92%)         236M (92%)         236M (92%)         236M (92%)         236M (92%)         236M (92%)    
[29.563s][info][gc,heap     ] GC(12) y:      Free:       22M (9%)           22M (9%)           22M (9%)           22M (9%)           22M (9%)           22M (9%)     
[29.563s][info][gc,heap     ] GC(12) y:      Used:      234M (91%)         234M (91%)         234M (91%)         234M (91%)         234M (91%)         234M (91%)    
[29.563s][info][gc,heap     ] GC(12) y: Young Generation Statistics:
[29.563s][info][gc,heap     ] GC(12) y:                Mark Start          Mark End        Relocate Start      Relocate End    
[29.563s][info][gc,heap     ] GC(12) y:      Used:       14M (5%)           14M (5%)            0M (0%)            0M (0%)     
[29.563s][info][gc,heap     ] GC(12) y:      Live:         -                12M (5%)            0M (0%)            0M (0%)     
[29.563s][info][gc,heap     ] GC(12) y:   Garbage:         -                 1M (1%)            0M (0%)            0M (0%)     
[29.563s][info][gc,heap     ] GC(12) y: Allocated:         -                 0M (0%)            0M (0%)            0M (0%)     
[29.563s][info][gc,heap     ] GC(12) y: Reclaimed:         -                  -                 1M (1%)            1M (1%)     
[29.563s][info][gc,heap     ] GC(12) y:  Promoted:         -                  -                12M (5%)           12M (5%)     
[29.563s][info][gc,heap     ] GC(12) y: Compacted:         -                  -                  -                 0M (0%)     
[29.563s][info][gc,phases   ] GC(12) y: Young Generation 234M(91%)->234M(91%) 0.003s
[29.563s][info][gc          ] GC(12) Minor Collection (High Usage) 234M(91%)->234M(91%) 0.003s
[29.570s][info][gc,phases   ] GC(9) O: Concurrent Mark 23.925ms
[29.570s][info][gc,phases   ] GC(9) O: Pause Mark End 0.014ms
[29.570s][info][gc,phases   ] GC(9) O: Concurrent Mark Free 0.002ms
[29.575s][info][gc,phases   ] GC(9) O: Concurrent Process Non-Strong 4.639ms
[29.575s][info][gc,phases   ] GC(9) O: Concurrent Reset Relocation Set 0.001ms
[29.575s][info][gc,phases   ] GC(9) O: Concurrent Select Relocation Set 0.043ms
[29.575s][info][gc,task     ] GC(9) O: Using 1 Workers for Old Generation
[29.577s][info][gc,task     ] GC(9) O: Using 1 Workers for Old Generation
[29.577s][info][gc,phases   ] GC(9) O: Concurrent Remap Roots 2.047ms
[29.577s][info][gc,phases   ] GC(9) O: Pause Relocate Start 0.012ms
[29.577s][info][gc,phases   ] GC(9) O: Concurrent Relocate 0.030ms
[29.577s][info][gc,alloc    ] GC(9) O:                         Mark Start        Mark End      Relocate Start    Relocate End   
[29.577s][info][gc,alloc    ] GC(9) O: Allocation Stalls:          0                0                0                0         
[29.577s][info][gc,load     ] GC(9) O: Load: 1.89 (47%) / 3.43 (86%) / 4.30 (107%)
[29.577s][info][gc,mmu      ] GC(9) O: MMU: 2ms/87.5%, 5ms/94.4%, 10ms/97.0%, 20ms/98.1%, 50ms/99.1%, 100ms/99.5%
[29.577s][info][gc,marking  ] GC(9) O: Mark: 1 stripe(s), 1 proactive flush(es), 1 terminate flush(es), 0 completion(s), 0 continuation(s) 
[29.577s][info][gc,nmethod  ] GC(9) O: NMethods: 1732 registered, 120 unregistered
[29.577s][info][gc,metaspace] GC(9) O: Metaspace: 9M used, 10M committed, 1088M reserved
[29.577s][info][gc,ref      ] GC(9) O:                       Encountered   Discovered     Enqueued 
[29.577s][info][gc,ref      ] GC(9) O: Soft References:              222            0            0 
[29.577s][info][gc,ref      ] GC(9) O: Weak References:              928          861            0 
[29.577s][info][gc,ref      ] GC(9) O: Final References:               0            0            0 
[29.577s][info][gc,ref      ] GC(9) O: Phantom References:             2            2            0 
[29.577s][info][gc,reloc    ] GC(9) O:                        Candidates     Selected     In-Place         Size        Empty    Relocated 
[29.578s][info][gc,reloc    ] GC(9) O: Small Pages:                    3            0            0           6M           0M           0M 
[29.578s][info][gc,reloc    ] GC(9) O: Medium Pages:                   0            0            0           0M           0M           0M 
[29.578s][info][gc,reloc    ] GC(9) O: Large Pages:                  107            0            0         214M           0M           0M 
[29.578s][info][gc,reloc    ] GC(9) O: Forwarding Usage: 0M
[29.578s][info][gc,heap     ] GC(9) O: Min Capacity: 8M(3%)
[29.578s][info][gc,heap     ] GC(9) O: Max Capacity: 256M(100%)
[29.578s][info][gc,heap     ] GC(9) O: Soft Max Capacity: 256M(100%)
[29.578s][info][gc,heap     ] GC(9) O: Heap Statistics:
[29.578s][info][gc,heap     ] GC(9) O:                Mark Start          Mark End        Relocate Start      Relocate End           High               Low         
[29.578s][info][gc,heap     ] GC(9) O:  Capacity:      236M (92%)         236M (92%)         236M (92%)         236M (92%)         236M (92%)         236M (92%)    
[29.578s][info][gc,heap     ] GC(9) O:      Free:       20M (8%)           22M (9%)           22M (9%)           22M (9%)           22M (9%)           20M (8%)     
[29.578s][info][gc,heap     ] GC(9) O:      Used:      236M (92%)         234M (91%)         234M (91%)         234M (91%)         236M (92%)         234M (91%)    
[29.578s][info][gc,heap     ] GC(9) O: Old Generation Statistics:
[29.578s][info][gc,heap     ] GC(9) O:                Mark Start          Mark End        Relocate Start      Relocate End    
[29.578s][info][gc,heap     ] GC(9) O:      Used:      220M (86%)         234M (91%)         234M (91%)         234M (91%)    
[29.578s][info][gc,heap     ] GC(9) O:      Live:         -               217M (85%)         217M (85%)         217M (85%)    
[29.578s][info][gc,heap     ] GC(9) O:   Garbage:         -                 2M (1%)            2M (1%)            2M (1%)     
[29.578s][info][gc,heap     ] GC(9) O: Allocated:         -                14M (5%)           14M (5%)           14M (5%)     
[29.578s][info][gc,heap     ] GC(9) O: Reclaimed:         -                  -                 0M (0%)            0M (0%)     
[29.578s][info][gc,heap     ] GC(9) O: Compacted:         -                  -                  -                 0M (0%)     
[29.578s][info][gc,phases   ] GC(9) O: Old Generation 234M(91%)->234M(91%) 0.031s
[29.578s][info][gc          ] GC(9) Major Collection (Allocation Rate) 236M(92%)->234M(91%) 0.042s
[31.060s][info][gc          ] GC(13) Major Collection (Allocation Rate)
[31.060s][info][gc,task     ] GC(13) Using 1 Workers for Young Generation
[31.061s][info][gc,task     ] GC(13) Using 1 Workers for Old Generation
[31.061s][info][gc,phases   ] GC(13) Y: Young Generation
[31.061s][info][gc,phases   ] GC(13) Y: Pause Mark Start (Major) 0.033ms
[31.066s][info][gc,phases   ] GC(13) Y: Concurrent Mark 5.151ms
[31.066s][info][gc,phases   ] GC(13) Y: Pause Mark End 0.035ms
[31.067s][info][gc,phases   ] GC(13) Y: Concurrent Mark Free 0.003ms
[31.067s][info][gc,phases   ] GC(13) Y: Concurrent Reset Relocation Set 0.013ms
[31.067s][info][gc,reloc    ] GC(13) Y: Using tenuring threshold: 1 (Computed)
[31.067s][info][gc,phases   ] GC(13) Y: Concurrent Select Relocation Set 0.223ms
[31.067s][info][gc,phases   ] GC(13) Y: Pause Relocate Start 0.010ms
[31.067s][info][gc,phases   ] GC(13) Y: Concurrent Relocate 0.045ms
[31.067s][info][gc,alloc    ] GC(13) Y:                         Mark Start        Mark End      Relocate Start    Relocate End   
[31.067s][info][gc,alloc    ] GC(13) Y: Allocation Stalls:          0                0                0                0         
[31.067s][info][gc,load     ] GC(13) Y: Load: 1.89 (47%) / 3.43 (86%) / 4.30 (107%)
[31.067s][info][gc,mmu      ] GC(13) Y: MMU: 2ms/87.5%, 5ms/94.4%, 10ms/97.0%, 20ms/98.1%, 50ms/99.1%, 100ms/99.5%
[31.067s][info][gc,marking  ] GC(13) Y: Mark: 1 stripe(s), 2 proactive flush(es), 1 terminate flush(es), 0 completion(s), 0 continuation(s) 
[31.067s][info][gc,nmethod  ] GC(13) Y: NMethods: 1732 registered, 120 unregistered
[31.067s][info][gc,metaspace] GC(13) Y: Metaspace: 9M used, 10M committed, 1088M reserved
[31.067s][info][gc,reloc    ] GC(13) Y:                        Candidates     Selected     In-Place         Size        Empty    Relocated 
[31.067s][info][gc,reloc    ] GC(13) Y: Small Pages:                    1            0            0           2M           2M           0M 
[31.067s][info][gc,reloc    ] GC(13) Y: Medium Pages:                   0            0            0           0M           0M           0M 
[31.067s][info][gc,reloc    ] GC(13) Y: Large Pages:                    6            0            0          12M           0M           0M 
[31.067s][info][gc,reloc    ] GC(13) Y: Forwarding Usage: 0M
[31.067s][info][gc,reloc    ] GC(13) Y: Age Table:
[31.067s][info][gc,reloc    ] GC(13) Y:                    Live             Garbage             Small              Medium             Large        
[31.067s][info][gc,reloc    ] GC(13) Y: Eden              12M (5%)            2M (1%)           1 / 0              0 / 0              6 / 0        
[31.067s][info][gc,heap     ] GC(13) Y: Min Capacity: 8M(3%)
[31.067s][info][gc,heap     ] GC(13) Y: Max Capacity: 256M(100%)
[31.067s][info][gc,heap     ] GC(13) Y: Soft Max Capacity: 256M(100%)
[31.067s][info][gc,heap     ] GC(13) Y: Heap Statistics:
[31.067s][info][gc,heap     ] GC(13) Y:                Mark Start          Mark End        Relocate Start      Relocate End           High               Low         
[31.067s][info][gc,heap     ] GC(13) Y:  Capacity:      248M (97%)         250M (98%)         250M (98%)         250M (98%)         250M (98%)         248M (97%)    
[31.067s][info][gc,heap     ] GC(13) Y:      Free:        8M (3%)            6M (2%)            8M (3%)            8M (3%)            8M (3%)            6M (2%)     
[31.067s][info][gc,heap     ] GC(13) Y:      Used:      248M (97%)         250M (98%)         248M (97%)         248M (97%)         250M (98%)         248M (97%)    
[31.067s][info][gc,heap     ] GC(13) Y: Young Generation Statistics:
[31.067s][info][gc,heap     ] GC(13) Y:                Mark Start          Mark End        Relocate Start      Relocate End    
[31.067s][info][gc,heap     ] GC(13) Y:      Used:       14M (5%)           16M (6%)           14M (5%)           14M (5%)     
[31.067s][info][gc,heap     ] GC(13) Y:      Live:         -                12M (5%)           12M (5%)           12M (5%)     
[31.067s][info][gc,heap     ] GC(13) Y:   Garbage:         -                 2M (1%)            0M (0%)            0M (0%)     
[31.067s][info][gc,heap     ] GC(13) Y: Allocated:         -                 2M (1%)            2M (1%)            2M (1%)     
[31.067s][info][gc,heap     ] GC(13) Y: Reclaimed:         -                  -                 2M (1%)            2M (1%)     
[31.067s][info][gc,heap     ] GC(13) Y:  Promoted:         -                  -                 0M (0%)            0M (0%)     
[31.068s][info][gc,heap     ] GC(13) Y: Compacted:         -                  -                  -                 0M (0%)     
[31.068s][info][gc,phases   ] GC(13) Y: Young Generation 248M(97%)->248M(97%) 0.006s
[31.068s][info][gc,phases   ] GC(13) O: Old Generation
[31.075s][info][gc          ] GC(14) Minor Collection (Allocation Rate)
[31.076s][info][gc,task     ] GC(14) Using 1 Workers for Young Generation
[31.076s][info][gc,phases   ] GC(14) y: Young Generation
[31.076s][info][gc,phases   ] GC(14) y: Pause Mark Start 0.040ms
[31.083s][info][gc,phases   ] GC(14) y: Concurrent Mark 6.869ms
[31.083s][info][gc,phases   ] GC(14) y: Pause Mark End 0.014ms
[31.083s][info][gc,phases   ] GC(14) y: Concurrent Mark Free 0.002ms
[31.083s][info][gc,phases   ] GC(14) y: Concurrent Reset Relocation Set 0.001ms
[31.083s][info][gc,reloc    ] GC(14) y: Using tenuring threshold: 2 (Computed)
[31.083s][info][gc,phases   ] GC(14) y: Concurrent Select Relocation Set 0.120ms
[31.083s][info][gc,phases   ] GC(14) y: Pause Relocate Start 0.008ms
[31.083s][info][gc,phases   ] GC(14) y: Concurrent Relocate 0.047ms
[31.083s][info][gc,alloc    ] GC(14) y:                         Mark Start        Mark End      Relocate Start    Relocate End   
[31.083s][info][gc,alloc    ] GC(14) y: Allocation Stalls:          0                0                0                0         
[31.083s][info][gc,load     ] GC(14) y: Load: 1.89 (47%) / 3.43 (86%) / 4.30 (107%)
[31.083s][info][gc,mmu      ] GC(14) y: MMU: 2ms/87.5%, 5ms/94.4%, 10ms/97.0%, 20ms/98.1%, 50ms/99.1%, 100ms/99.5%
[31.083s][info][gc,marking  ] GC(14) y: Mark: 1 stripe(s), 1 proactive flush(es), 1 terminate flush(es), 0 completion(s), 0 continuation(s) 
[31.083s][info][gc,nmethod  ] GC(14) y: NMethods: 1732 registered, 120 unregistered
[31.083s][info][gc,metaspace] GC(14) y: Metaspace: 9M used, 10M committed, 1088M reserved
[31.083s][info][gc,reloc    ] GC(14) y:                        Candidates     Selected     In-Place         Size        Empty    Relocated 
[31.084s][info][gc,reloc    ] GC(14) y: Small Pages:                    1            0            0           2M           2M           0M 
[31.084s][info][gc,reloc    ] GC(14) y: Medium Pages:                   0            0            0           0M           0M           0M 
[31.084s][info][gc,reloc    ] GC(14) y: Large Pages:                    6            0            0          12M           0M           0M 
[31.084s][info][gc,reloc    ] GC(14) y: Forwarding Usage: 0M
[31.084s][info][gc,reloc    ] GC(14) y: Age Table:
[31.084s][info][gc,reloc    ] GC(14) y:                    Live             Garbage             Small              Medium             Large        
[31.084s][info][gc,reloc    ] GC(14) y: Eden                -                 2M (1%)           1 / 0              0 / 0              0 / 0        
[31.084s][info][gc,reloc    ] GC(14) y: Survivor 1        12M (5%)            0M (0%)           0 / 0              0 / 0              6 / 0        
[31.084s][info][gc,heap     ] GC(14) y: Min Capacity: 8M(3%)
[31.084s][info][gc,heap     ] GC(14) y: Max Capacity: 256M(100%)
[31.084s][info][gc,heap     ] GC(14) y: Soft Max Capacity: 256M(100%)
[31.084s][info][gc,heap     ] GC(14) y: Heap Statistics:
[31.084s][info][gc,heap     ] GC(14) y:                Mark Start          Mark End        Relocate Start      Relocate End           High               Low         
[31.084s][info][gc,heap     ] GC(14) y:  Capacity:      250M (98%)         250M (98%)         250M (98%)         250M (98%)         250M (98%)         250M (98%)    
[31.084s][info][gc,heap     ] GC(14) y:      Free:        8M (3%)            8M (3%)           10M (4%)           10M (4%)           10M (4%)            8M (3%)     
[31.084s][info][gc,heap     ] GC(14) y:      Used:      248M (97%)         248M (97%)         246M (96%)         246M (96%)         248M (97%)         246M (96%)    
[31.084s][info][gc,heap     ] GC(14) y: Young Generation Statistics:
[31.084s][info][gc,heap     ] GC(14) y:                Mark Start          Mark End        Relocate Start      Relocate End    
[31.084s][info][gc,heap     ] GC(14) y:      Used:       14M (5%)           14M (5%)           12M (5%)           12M (5%)     
[31.084s][info][gc,heap     ] GC(14) y:      Live:         -                12M (5%)           12M (5%)           12M (5%)     
[31.084s][info][gc,heap     ] GC(14) y:   Garbage:         -                 2M (1%)            0M (0%)            0M (0%)     
[31.084s][info][gc,heap     ] GC(14) y: Allocated:         -                 0M (0%)            0M (0%)            0M (0%)     
[31.084s][info][gc,heap     ] GC(14) y: Reclaimed:         -                  -                 2M (1%)            2M (1%)     
[31.084s][info][gc,heap     ] GC(14) y:  Promoted:         -                  -                 0M (0%)            0M (0%)     
[31.084s][info][gc,heap     ] GC(14) y: Compacted:         -                  -                  -                 0M (0%)     
[31.084s][info][gc,phases   ] GC(14) y: Young Generation 248M(97%)->246M(96%) 0.008s
[31.084s][info][gc          ] GC(14) Minor Collection (Allocation Rate) 248M(97%)->246M(96%) 0.009s
[31.087s][info][gc,phases   ] GC(13) O: Concurrent Mark 19.672ms
[31.087s][info][gc,phases   ] GC(13) O: Pause Mark End 0.013ms
[31.087s][info][gc,phases   ] GC(13) O: Concurrent Mark Free 0.003ms
[31.093s][info][gc,phases   ] GC(13) O: Concurrent Process Non-Strong 5.644ms
[31.095s][info][gc,phases   ] GC(13) O: Concurrent Reset Relocation Set 0.003ms
[31.096s][info][gc,phases   ] GC(13) O: Concurrent Select Relocation Set 0.809ms
[31.096s][info][gc,task     ] GC(13) O: Using 1 Workers for Old Generation
[31.098s][info][gc,task     ] GC(13) O: Using 1 Workers for Old Generation
[31.098s][info][gc,phases   ] GC(13) O: Concurrent Remap Roots 1.942ms
[31.098s][info][gc,phases   ] GC(13) O: Pause Relocate Start 0.013ms
[31.099s][info][gc,phases   ] GC(13) O: Concurrent Relocate 1.508ms
[31.099s][info][gc,alloc    ] GC(13) O:                         Mark Start        Mark End      Relocate Start    Relocate End   
[31.099s][info][gc,alloc    ] GC(13) O: Allocation Stalls:          0                0                0                0         
[31.099s][info][gc,load     ] GC(13) O: Load: 1.89 (47%) / 3.43 (86%) / 4.30 (107%)
[31.099s][info][gc,mmu      ] GC(13) O: MMU: 2ms/87.5%, 5ms/94.4%, 10ms/97.0%, 20ms/98.1%, 50ms/99.1%, 100ms/99.5%
[31.099s][info][gc,marking  ] GC(13) O: Mark: 1 stripe(s), 2 proactive flush(es), 1 terminate flush(es), 0 completion(s), 0 continuation(s) 
[31.099s][info][gc,nmethod  ] GC(13) O: NMethods: 1732 registered, 120 unregistered
[31.099s][info][gc,metaspace] GC(13) O: Metaspace: 9M used, 10M committed, 1088M reserved
[31.099s][info][gc,ref      ] GC(13) O:                       Encountered   Discovered     Enqueued 
[31.099s][info][gc,ref      ] GC(13) O: Soft References:              212          144           72 
[31.099s][info][gc,ref      ] GC(13) O: Weak References:              928          858           27 
[31.099s][info][gc,ref      ] GC(13) O: Final References:               0            0            0 
[31.099s][info][gc,ref      ] GC(13) O: Phantom References:             2            2            0 
[31.099s][info][gc,reloc    ] GC(13) O:                        Candidates     Selected     In-Place         Size        Empty    Relocated 
[31.099s][info][gc,reloc    ] GC(13) O: Small Pages:                    4            1            0           8M           0M           0M 
[31.099s][info][gc,reloc    ] GC(13) O: Medium Pages:                   0            0            0           0M           0M           0M 
[31.099s][info][gc,reloc    ] GC(13) O: Large Pages:                  113            0            0         226M           0M           0M 
[31.099s][info][gc,reloc    ] GC(13) O: Forwarding Usage: 0M
[31.099s][info][gc,heap     ] GC(13) O: Min Capacity: 8M(3%)
[31.100s][info][gc,heap     ] GC(13) O: Max Capacity: 256M(100%)
[31.100s][info][gc,heap     ] GC(13) O: Soft Max Capacity: 256M(100%)
[31.100s][info][gc,heap     ] GC(13) O: Heap Statistics:
[31.100s][info][gc,heap     ] GC(13) O:                Mark Start          Mark End        Relocate Start      Relocate End           High               Low         
[31.100s][info][gc,heap     ] GC(13) O:  Capacity:      248M (97%)         250M (98%)         250M (98%)         250M (98%)         250M (98%)         248M (97%)    
[31.100s][info][gc,heap     ] GC(13) O:      Free:        8M (3%)           10M (4%)           10M (4%)           12M (5%)           12M (5%)            6M (2%)     
[31.100s][info][gc,heap     ] GC(13) O:      Used:      248M (97%)         246M (96%)         246M (96%)         244M (95%)         250M (98%)         244M (95%)    
[31.100s][info][gc,heap     ] GC(13) O: Old Generation Statistics:
[31.100s][info][gc,heap     ] GC(13) O:                Mark Start          Mark End        Relocate Start      Relocate End    
[31.100s][info][gc,heap     ] GC(13) O:      Used:      234M (91%)         234M (91%)         234M (91%)         232M (91%)    
[31.100s][info][gc,heap     ] GC(13) O:      Live:         -               229M (90%)         229M (90%)         229M (90%)    
[31.100s][info][gc,heap     ] GC(13) O:   Garbage:         -                 4M (2%)            4M (2%)            0M (0%)     
[31.100s][info][gc,heap     ] GC(13) O: Allocated:         -                 0M (0%)            0M (0%)            1M (1%)     
[31.100s][info][gc,heap     ] GC(13) O: Reclaimed:         -                  -                 0M (0%)            3M (1%)     
[31.100s][info][gc,heap     ] GC(13) O: Compacted:         -                  -                  -                 0M (0%)     
[31.100s][info][gc,phases   ] GC(13) O: Old Generation 248M(97%)->244M(95%) 0.032s
[31.100s][info][gc          ] GC(13) Major Collection (Allocation Rate) 248M(97%)->244M(95%) 0.039s
[31.314s][info][gc          ] GC(15) Minor Collection (Allocation Rate)
[31.314s][info][gc,task     ] GC(15) Using 1 Workers for Young Generation
[31.314s][info][gc,phases   ] GC(15) y: Young Generation
[31.314s][info][gc,phases   ] GC(15) y: Pause Mark Start 0.022ms
[31.319s][info][gc,phases   ] GC(15) y: Concurrent Mark 4.515ms
[31.319s][info][gc,phases   ] GC(15) y: Pause Mark End 0.019ms
[31.319s][info][gc,phases   ] GC(15) y: Concurrent Mark Free 0.003ms
[31.319s][info][gc,phases   ] GC(15) y: Concurrent Reset Relocation Set 0.001ms
[31.319s][info][gc,reloc    ] GC(15) y: Using tenuring threshold: 1 (Computed)
[31.320s][info][gc,phases   ] GC(15) y: Concurrent Select Relocation Set 0.638ms
[31.320s][info][gc,phases   ] GC(15) y: Pause Relocate Start 0.013ms
[31.320s][info][gc,phases   ] GC(15) y: Concurrent Relocate 0.088ms
[31.320s][info][gc,alloc    ] GC(15) y:                         Mark Start        Mark End      Relocate Start    Relocate End   
[31.320s][info][gc,alloc    ] GC(15) y: Allocation Stalls:          0                0                0                0         
[31.320s][info][gc,load     ] GC(15) y: Load: 1.89 (47%) / 3.43 (86%) / 4.30 (107%)
[31.320s][info][gc,mmu      ] GC(15) y: MMU: 2ms/87.5%, 5ms/94.4%, 10ms/97.0%, 20ms/98.1%, 50ms/99.1%, 100ms/99.5%
[31.320s][info][gc,marking  ] GC(15) y: Mark: 1 stripe(s), 2 proactive flush(es), 1 terminate flush(es), 0 completion(s), 0 continuation(s) 
[31.320s][info][gc,nmethod  ] GC(15) y: NMethods: 1732 registered, 120 unregistered
[31.320s][info][gc,metaspace] GC(15) y: Metaspace: 9M used, 10M committed, 1088M reserved
[31.320s][info][gc,reloc    ] GC(15) y:                        Candidates     Selected     In-Place         Size        Empty    Relocated 
[31.320s][info][gc,reloc    ] GC(15) y: Small Pages:                    0            0            0           0M           0M           0M 
[31.320s][info][gc,reloc    ] GC(15) y: Medium Pages:                   0            0            0           0M           0M           0M 
[31.320s][info][gc,reloc    ] GC(15) y: Large Pages:                    7            0            0          14M           0M           0M 
[31.320s][info][gc,reloc    ] GC(15) y: Forwarding Usage: 0M
[31.320s][info][gc,reloc    ] GC(15) y: Age Table:
[31.320s][info][gc,reloc    ] GC(15) y:                    Live             Garbage             Small              Medium             Large        
[31.320s][info][gc,reloc    ] GC(15) y: Eden               2M (1%)            0M (0%)           0 / 0              0 / 0              1 / 0        
[31.320s][info][gc,reloc    ] GC(15) y: Survivor 1          -                 0M (0%)           0 / 0              0 / 0              0 / 0        
[31.320s][info][gc,reloc    ] GC(15) y: Survivor 2        12M (5%)            0M (0%)           0 / 0              0 / 0              6 / 0        
[31.320s][info][gc,heap     ] GC(15) y: Min Capacity: 8M(3%)
[31.320s][info][gc,heap     ] GC(15) y: Max Capacity: 256M(100%)
[31.320s][info][gc,heap     ] GC(15) y: Soft Max Capacity: 256M(100%)
[31.320s][info][gc,heap     ] GC(15) y: Heap Statistics:
[31.320s][info][gc,heap     ] GC(15) y:                Mark Start          Mark End        Relocate Start      Relocate End           High               Low         
[31.320s][info][gc,heap     ] GC(15) y:  Capacity:      250M (98%)         250M (98%)         250M (98%)         250M (98%)         250M (98%)         250M (98%)    
[31.320s][info][gc,heap     ] GC(15) y:      Free:       10M (4%)            8M (3%)            8M (3%)            8M (3%)           10M (4%)            8M (3%)     
[31.320s][info][gc,heap     ] GC(15) y:      Used:      246M (96%)         248M (97%)         248M (97%)         248M (97%)         248M (97%)         246M (96%)    
[31.320s][info][gc,heap     ] GC(15) y: Young Generation Statistics:
[31.320s][info][gc,heap     ] GC(15) y:                Mark Start          Mark End        Relocate Start      Relocate End    
[31.320s][info][gc,heap     ] GC(15) y:      Used:       14M (5%)           16M (6%)            4M (2%)            4M (2%)     
[31.320s][info][gc,heap     ] GC(15) y:      Live:         -                14M (5%)            2M (1%)            2M (1%)     
[31.320s][info][gc,heap     ] GC(15) y:   Garbage:         -                 0M (0%)            0M (0%)            0M (0%)     
[31.321s][info][gc,heap     ] GC(15) y: Allocated:         -                 2M (1%)            2M (1%)            2M (1%)     
[31.321s][info][gc,heap     ] GC(15) y: Reclaimed:         -                  -                 0M (0%)            0M (0%)     
[31.321s][info][gc,heap     ] GC(15) y:  Promoted:         -                  -                12M (5%)           12M (5%)     
[31.321s][info][gc,heap     ] GC(15) y: Compacted:         -                  -                  -                 0M (0%)     
[31.321s][info][gc,phases   ] GC(15) y: Young Generation 246M(96%)->248M(97%) 0.006s
[31.321s][info][gc          ] GC(15) Minor Collection (Allocation Rate) 246M(96%)->248M(97%) 0.007s
[32.589s][info][gc          ] GC(16) Minor Collection (Allocation Stall)
[32.590s][info][gc,task     ] GC(16) Using 1 Workers for Young Generation
[32.590s][info][gc,phases   ] GC(16) y: Young Generation
[32.590s][info][gc,phases   ] GC(16) y: Pause Mark Start 0.023ms
[32.594s][info][gc,phases   ] GC(16) y: Concurrent Mark 3.649ms
[32.594s][info][gc,phases   ] GC(16) y: Pause Mark End 0.016ms
[32.594s][info][gc,phases   ] GC(16) y: Concurrent Mark Free 0.003ms
[32.594s][info][gc,phases   ] GC(16) y: Concurrent Reset Relocation Set 0.009ms
[32.594s][info][gc,reloc    ] GC(16) y: Using tenuring threshold: 2 (Computed)
[32.594s][info][gc          ] Allocation Stall (main) 4.755ms
[32.594s][info][gc,phases   ] GC(16) y: Concurrent Select Relocation Set 0.140ms
[32.594s][info][gc,phases   ] GC(16) y: Pause Relocate Start 0.013ms
[32.594s][info][gc,phases   ] GC(16) y: Concurrent Relocate 0.090ms
[32.595s][info][gc,alloc    ] GC(16) y:                         Mark Start        Mark End      Relocate Start    Relocate End   
[32.595s][info][gc,alloc    ] GC(16) y: Allocation Stalls:          1                1                0                0         
[32.595s][info][gc,load     ] GC(16) y: Load: 1.74 (44%) / 3.38 (84%) / 4.27 (107%)
[32.595s][info][gc,mmu      ] GC(16) y: MMU: 2ms/87.5%, 5ms/94.4%, 10ms/97.0%, 20ms/98.1%, 50ms/99.1%, 100ms/99.5%
[32.595s][info][gc,marking  ] GC(16) y: Mark: 1 stripe(s), 1 proactive flush(es), 1 terminate flush(es), 0 completion(s), 0 continuation(s) 
[32.595s][info][gc,nmethod  ] GC(16) y: NMethods: 1732 registered, 120 unregistered
[32.595s][info][gc,metaspace] GC(16) y: Metaspace: 9M used, 10M committed, 1088M reserved
[32.595s][info][gc,reloc    ] GC(16) y:                        Candidates     Selected     In-Place         Size        Empty    Relocated 
[32.595s][info][gc,reloc    ] GC(16) y: Small Pages:                    1            0            0           2M           2M           0M 
[32.595s][info][gc,reloc    ] GC(16) y: Medium Pages:                   0            0            0           0M           0M           0M 
[32.595s][info][gc,reloc    ] GC(16) y: Large Pages:                    5            0            0          10M           0M           0M 
[32.595s][info][gc,reloc    ] GC(16) y: Forwarding Usage: 0M
[32.595s][info][gc,reloc    ] GC(16) y: Age Table:
[32.595s][info][gc,reloc    ] GC(16) y:                    Live             Garbage             Small              Medium             Large        
[32.595s][info][gc,reloc    ] GC(16) y: Eden               8M (3%)            2M (1%)           1 / 0              0 / 0              4 / 0        
[32.595s][info][gc,reloc    ] GC(16) y: Survivor 1         2M (1%)            0M (0%)           0 / 0              0 / 0              1 / 0        
[32.595s][info][gc,heap     ] GC(16) y: Min Capacity: 8M(3%)
[32.595s][info][gc,heap     ] GC(16) y: Max Capacity: 256M(100%)
[32.595s][info][gc,heap     ] GC(16) y: Soft Max Capacity: 256M(100%)
[32.595s][info][gc,heap     ] GC(16) y: Heap Statistics:
[32.595s][info][gc,heap     ] GC(16) y:                Mark Start          Mark End        Relocate Start      Relocate End           High               Low         
[32.595s][info][gc,heap     ] GC(16) y:  Capacity:      256M (100%)        256M (100%)        256M (100%)        256M (100%)        256M (100%)        256M (100%)   
[32.595s][info][gc,heap     ] GC(16) y:      Free:        0M (0%)            0M (0%)            0M (0%)            0M (0%)            2M (1%)            0M (0%)     
[32.595s][info][gc,heap     ] GC(16) y:      Used:      256M (100%)        256M (100%)        256M (100%)        256M (100%)        256M (100%)        254M (99%)    
[32.595s][info][gc,heap     ] GC(16) y: Young Generation Statistics:
[32.595s][info][gc,heap     ] GC(16) y:                Mark Start          Mark End        Relocate Start      Relocate End    
[32.595s][info][gc,heap     ] GC(16) y:      Used:       12M (5%)           12M (5%)           12M (5%)           12M (5%)     
[32.595s][info][gc,heap     ] GC(16) y:      Live:         -                10M (4%)           10M (4%)           10M (4%)     
[32.595s][info][gc,heap     ] GC(16) y:   Garbage:         -                 2M (1%)            0M (0%)            0M (0%)     
[32.595s][info][gc,heap     ] GC(16) y: Allocated:         -                 0M (0%)            2M (1%)            2M (1%)     
[32.595s][info][gc,heap     ] GC(16) y: Reclaimed:         -                  -                 2M (1%)            2M (1%)     
[32.595s][info][gc,heap     ] GC(16) y:  Promoted:         -                  -                 0M (0%)            0M (0%)     
[32.595s][info][gc,heap     ] GC(16) y: Compacted:         -                  -                  -                 0M (0%)     
[32.595s][info][gc,phases   ] GC(16) y: Young Generation 256M(100%)->256M(100%) 0.005s
[32.595s][info][gc          ] GC(16) Minor Collection (Allocation Stall) 256M(100%)->256M(100%) 0.006s
[32.595s][info][gc          ] GC(17) Minor Collection (Allocation Stall)
[32.596s][info][gc,task     ] GC(17) Using 1 Workers for Young Generation
[32.596s][info][gc,phases   ] GC(17) y: Young Generation
[32.596s][info][gc,phases   ] GC(17) y: Pause Mark Start 0.010ms
[32.599s][info][gc,phases   ] GC(17) y: Concurrent Mark 2.845ms
[32.599s][info][gc,phases   ] GC(17) y: Pause Mark End 0.009ms
[32.599s][info][gc,phases   ] GC(17) y: Concurrent Mark Free 0.002ms
[32.599s][info][gc,phases   ] GC(17) y: Concurrent Reset Relocation Set 0.000ms
[32.599s][info][gc,reloc    ] GC(17) y: Using tenuring threshold: 2 (Computed)
[32.599s][info][gc,phases   ] GC(17) y: Concurrent Select Relocation Set 0.114ms
[32.599s][info][gc,phases   ] GC(17) y: Pause Relocate Start 0.008ms
[32.599s][info][gc,phases   ] GC(17) y: Concurrent Relocate 0.062ms
[32.599s][info][gc,alloc    ] GC(17) y:                         Mark Start        Mark End      Relocate Start    Relocate End   
[32.599s][info][gc,alloc    ] GC(17) y: Allocation Stalls:          1                1                1                1         
[32.599s][info][gc,load     ] GC(17) y: Load: 1.74 (44%) / 3.38 (84%) / 4.27 (107%)
[32.599s][info][gc,mmu      ] GC(17) y: MMU: 2ms/87.5%, 5ms/94.4%, 10ms/97.0%, 20ms/98.1%, 50ms/99.1%, 100ms/99.5%
[32.599s][info][gc,marking  ] GC(17) y: Mark: 1 stripe(s), 1 proactive flush(es), 1 terminate flush(es), 0 completion(s), 0 continuation(s) 
[32.599s][info][gc,nmethod  ] GC(17) y: NMethods: 1732 registered, 120 unregistered
[32.599s][info][gc,metaspace] GC(17) y: Metaspace: 9M used, 10M committed, 1088M reserved
[32.599s][info][gc,reloc    ] GC(17) y:                        Candidates     Selected     In-Place         Size        Empty    Relocated 
[32.599s][info][gc,reloc    ] GC(17) y: Small Pages:                    0            0            0           0M           0M           0M 
[32.599s][info][gc,reloc    ] GC(17) y: Medium Pages:                   0            0            0           0M           0M           0M 
[32.599s][info][gc,reloc    ] GC(17) y: Large Pages:                    6            0            0          12M           0M           0M 
[32.599s][info][gc,reloc    ] GC(17) y: Forwarding Usage: 0M
[32.599s][info][gc,reloc    ] GC(17) y: Age Table:
[32.599s][info][gc,reloc    ] GC(17) y:                    Live             Garbage             Small              Medium             Large        
[32.599s][info][gc,reloc    ] GC(17) y: Eden               2M (1%)            0M (0%)           0 / 0              0 / 0              1 / 0        
[32.599s][info][gc,reloc    ] GC(17) y: Survivor 1         8M (3%)            0M (0%)           0 / 0              0 / 0              4 / 0        
[32.599s][info][gc,reloc    ] GC(17) y: Survivor 2         2M (1%)            0M (0%)           0 / 0              0 / 0              1 / 0        
[32.599s][info][gc,heap     ] GC(17) y: Min Capacity: 8M(3%)
[32.599s][info][gc,heap     ] GC(17) y: Max Capacity: 256M(100%)
[32.599s][info][gc,heap     ] GC(17) y: Soft Max Capacity: 256M(100%)
[32.599s][info][gc,heap     ] GC(17) y: Heap Statistics:
[32.599s][info][gc,heap     ] GC(17) y:                Mark Start          Mark End        Relocate Start      Relocate End           High               Low         
[32.599s][info][gc,heap     ] GC(17) y:  Capacity:      256M (100%)        256M (100%)        256M (100%)        256M (100%)        256M (100%)        256M (100%)   
[32.599s][info][gc,heap     ] GC(17) y:      Free:        0M (0%)            0M (0%)            0M (0%)            0M (0%)            0M (0%)            0M (0%)     
[32.599s][info][gc,heap     ] GC(17) y:      Used:      256M (100%)        256M (100%)        256M (100%)        256M (100%)        256M (100%)        256M (100%)   
[32.599s][info][gc,heap     ] GC(17) y: Young Generation Statistics:
[32.599s][info][gc,heap     ] GC(17) y:                Mark Start          Mark End        Relocate Start      Relocate End    
[32.599s][info][gc,heap     ] GC(17) y:      Used:       12M (5%)           12M (5%)           10M (4%)           10M (4%)     
[32.599s][info][gc,heap     ] GC(17) y:      Live:         -                12M (5%)           10M (4%)           10M (4%)     
[32.599s][info][gc,heap     ] GC(17) y:   Garbage:         -                 0M (0%)            0M (0%)            0M (0%)     
[32.599s][info][gc,heap     ] GC(17) y: Allocated:         -                 0M (0%)            0M (0%)            0M (0%)     
[32.599s][info][gc,heap     ] GC(17) y: Reclaimed:         -                  -                 0M (0%)            0M (0%)     
[32.600s][info][gc,heap     ] GC(17) y:  Promoted:         -                  -                 2M (1%)            2M (1%)     
[32.600s][info][gc,heap     ] GC(17) y: Compacted:         -                  -                  -                 0M (0%)     
[32.600s][info][gc,phases   ] GC(17) y: Young Generation 256M(100%)->256M(100%) 0.003s
[32.600s][info][gc          ] GC(17) Minor Collection (Allocation Stall) 256M(100%)->256M(100%) 0.004s
[32.600s][info][gc          ] GC(18) Major Collection (Allocation Stall)
[32.600s][info][gc,task     ] GC(18) Using 1 Workers for Young Generation
[32.600s][info][gc,task     ] GC(18) Using 1 Workers for Old Generation
[32.600s][info][gc,phases   ] GC(18) Y: Young Generation (Promote All)
[32.600s][info][gc,phases   ] GC(18) Y: Pause Mark Start 0.010ms
[32.602s][info][gc,phases   ] GC(18) Y: Concurrent Mark 2.365ms
[32.602s][info][gc,phases   ] GC(18) Y: Pause Mark End 0.007ms
[32.602s][info][gc,phases   ] GC(18) Y: Concurrent Mark Free 0.001ms
[32.602s][info][gc,phases   ] GC(18) Y: Concurrent Reset Relocation Set 0.002ms
[32.602s][info][gc,reloc    ] GC(18) Y: Using tenuring threshold: 0 (Promote All)
[32.603s][info][gc,phases   ] GC(18) Y: Concurrent Select Relocation Set 0.301ms
[32.603s][info][gc,phases   ] GC(18) Y: Pause Relocate Start 0.006ms
[32.603s][info][gc,phases   ] GC(18) Y: Concurrent Relocate 0.039ms
[32.603s][info][gc,alloc    ] GC(18) Y:                         Mark Start        Mark End      Relocate Start    Relocate End   
[32.603s][info][gc,alloc    ] GC(18) Y: Allocation Stalls:          1                1                1                1         
[32.603s][info][gc,load     ] GC(18) Y: Load: 1.74 (44%) / 3.38 (84%) / 4.27 (107%)
[32.603s][info][gc,mmu      ] GC(18) Y: MMU: 2ms/87.5%, 5ms/94.4%, 10ms/97.0%, 20ms/98.1%, 50ms/99.1%, 100ms/99.5%
[32.603s][info][gc,marking  ] GC(18) Y: Mark: 1 stripe(s), 1 proactive flush(es), 1 terminate flush(es), 0 completion(s), 0 continuation(s) 
[32.603s][info][gc,nmethod  ] GC(18) Y: NMethods: 1732 registered, 120 unregistered
[32.603s][info][gc,metaspace] GC(18) Y: Metaspace: 9M used, 10M committed, 1088M reserved
[32.603s][info][gc,reloc    ] GC(18) Y:                        Candidates     Selected     In-Place         Size        Empty    Relocated 
[32.603s][info][gc,reloc    ] GC(18) Y: Small Pages:                    0            0            0           0M           0M           0M 
[32.603s][info][gc,reloc    ] GC(18) Y: Medium Pages:                   0            0            0           0M           0M           0M 
[32.603s][info][gc,reloc    ] GC(18) Y: Large Pages:                    5            0            0          10M           0M           0M 
[32.603s][info][gc,reloc    ] GC(18) Y: Forwarding Usage: 0M
[32.603s][info][gc,reloc    ] GC(18) Y: Age Table:
[32.603s][info][gc,reloc    ] GC(18) Y:                    Live             Garbage             Small              Medium             Large        
[32.603s][info][gc,reloc    ] GC(18) Y: Eden                -                 0M (0%)           0 / 0              0 / 0              0 / 0        
[32.603s][info][gc,reloc    ] GC(18) Y: Survivor 1         2M (1%)            0M (0%)           0 / 0              0 / 0              1 / 0        
[32.603s][info][gc,reloc    ] GC(18) Y: Survivor 2         8M (3%)            0M (0%)           0 / 0              0 / 0              4 / 0        
[32.603s][info][gc,heap     ] GC(18) Y: Min Capacity: 8M(3%)
[32.603s][info][gc,heap     ] GC(18) Y: Max Capacity: 256M(100%)
[32.603s][info][gc,heap     ] GC(18) Y: Soft Max Capacity: 256M(100%)
[32.603s][info][gc,heap     ] GC(18) Y: Heap Statistics:
[32.603s][info][gc,heap     ] GC(18) Y:                Mark Start          Mark End        Relocate Start      Relocate End           High               Low         
[32.603s][info][gc,heap     ] GC(18) Y:  Capacity:      256M (100%)        256M (100%)        256M (100%)        256M (100%)        256M (100%)        256M (100%)   
[32.603s][info][gc,heap     ] GC(18) Y:      Free:        0M (0%)            0M (0%)            0M (0%)            0M (0%)            0M (0%)            0M (0%)     
[32.603s][info][gc,heap     ] GC(18) Y:      Used:      256M (100%)        256M (100%)        256M (100%)        256M (100%)        256M (100%)        256M (100%)   
[32.603s][info][gc,heap     ] GC(18) Y: Young Generation Statistics:
[32.603s][info][gc,heap     ] GC(18) Y:                Mark Start          Mark End        Relocate Start      Relocate End    
[32.603s][info][gc,heap     ] GC(18) Y:      Used:       10M (4%)           10M (4%)            0M (0%)            0M (0%)     
[32.603s][info][gc,heap     ] GC(18) Y:      Live:         -                10M (4%)            0M (0%)            0M (0%)     
[32.603s][info][gc,heap     ] GC(18) Y:   Garbage:         -                 0M (0%)            0M (0%)            0M (0%)     
[32.603s][info][gc,heap     ] GC(18) Y: Allocated:         -                 0M (0%)            0M (0%)            0M (0%)     
[32.603s][info][gc,heap     ] GC(18) Y: Reclaimed:         -                  -                 0M (0%)            0M (0%)     
[32.603s][info][gc,heap     ] GC(18) Y:  Promoted:         -                  -                10M (4%)           10M (4%)     
[32.603s][info][gc,heap     ] GC(18) Y: Compacted:         -                  -                  -                 0M (0%)     
[32.603s][info][gc,phases   ] GC(18) Y: Young Generation (Promote All) 256M(100%)->256M(100%) 0.003s
[32.603s][info][gc,phases   ] GC(18) Y: Young Generation (Collect Roots)
[32.603s][info][gc,phases   ] GC(18) Y: Pause Mark Start (Major) 0.008ms
[32.605s][info][gc,phases   ] GC(18) Y: Concurrent Mark 2.128ms
[32.606s][info][gc,phases   ] GC(18) Y: Pause Mark End 0.038ms
[32.606s][info][gc,phases   ] GC(18) Y: Concurrent Mark Free 0.002ms
[32.606s][info][gc,phases   ] GC(18) Y: Concurrent Reset Relocation Set 0.004ms
[32.606s][info][gc,reloc    ] GC(18) Y: Using tenuring threshold: 0 (Computed)
[32.606s][info][gc,phases   ] GC(18) Y: Concurrent Select Relocation Set 0.071ms
[32.606s][info][gc,phases   ] GC(18) Y: Pause Relocate Start 0.006ms
[32.606s][info][gc,phases   ] GC(18) Y: Concurrent Relocate 0.047ms
[32.606s][info][gc,alloc    ] GC(18) Y:                         Mark Start        Mark End      Relocate Start    Relocate End   
[32.606s][info][gc,alloc    ] GC(18) Y: Allocation Stalls:          1                1                1                1         
[32.606s][info][gc,load     ] GC(18) Y: Load: 1.74 (44%) / 3.38 (84%) / 4.27 (107%)
[32.606s][info][gc,mmu      ] GC(18) Y: MMU: 2ms/87.5%, 5ms/94.4%, 10ms/97.0%, 20ms/98.1%, 50ms/99.1%, 100ms/99.5%
[32.606s][info][gc,marking  ] GC(18) Y: Mark: 1 stripe(s), 1 proactive flush(es), 1 terminate flush(es), 0 completion(s), 0 continuation(s) 
[32.606s][info][gc,nmethod  ] GC(18) Y: NMethods: 1732 registered, 120 unregistered
[32.606s][info][gc,metaspace] GC(18) Y: Metaspace: 9M used, 10M committed, 1088M reserved
[32.606s][info][gc,heap     ] GC(18) Y: Min Capacity: 8M(3%)
[32.606s][info][gc,heap     ] GC(18) Y: Max Capacity: 256M(100%)
[32.606s][info][gc,heap     ] GC(18) Y: Soft Max Capacity: 256M(100%)
[32.606s][info][gc,heap     ] GC(18) Y: Heap Statistics:
[32.606s][info][gc,heap     ] GC(18) Y:                Mark Start          Mark End        Relocate Start      Relocate End           High               Low         
[32.606s][info][gc,heap     ] GC(18) Y:  Capacity:      256M (100%)        256M (100%)        256M (100%)        256M (100%)        256M (100%)        256M (100%)   
[32.606s][info][gc,heap     ] GC(18) Y:      Free:        0M (0%)            0M (0%)            0M (0%)            0M (0%)            0M (0%)            0M (0%)     
[32.606s][info][gc,heap     ] GC(18) Y:      Used:      256M (100%)        256M (100%)        256M (100%)        256M (100%)        256M (100%)        256M (100%)   
[32.606s][info][gc,heap     ] GC(18) Y: Young Generation Statistics:
[32.606s][info][gc,heap     ] GC(18) Y:                Mark Start          Mark End        Relocate Start      Relocate End    
[32.606s][info][gc,heap     ] GC(18) Y:      Used:        0M (0%)            0M (0%)            0M (0%)            0M (0%)     
[32.606s][info][gc,heap     ] GC(18) Y:      Live:         -                 0M (0%)            0M (0%)            0M (0%)     
[32.606s][info][gc,heap     ] GC(18) Y:   Garbage:         -                 0M (0%)            0M (0%)            0M (0%)     
[32.606s][info][gc,heap     ] GC(18) Y: Allocated:         -                 0M (0%)            0M (0%)            0M (0%)     
[32.606s][info][gc,heap     ] GC(18) Y: Reclaimed:         -                  -                 0M (0%)            0M (0%)     
[32.606s][info][gc,heap     ] GC(18) Y:  Promoted:         -                  -                 0M (0%)            0M (0%)     
[32.606s][info][gc,heap     ] GC(18) Y: Compacted:         -                  -                  -                 0M (0%)     
[32.606s][info][gc,phases   ] GC(18) Y: Young Generation (Collect Roots) 256M(100%)->256M(100%) 0.003s
[32.606s][info][gc,phases   ] GC(18) O: Old Generation
[32.621s][info][gc,phases   ] GC(18) O: Concurrent Mark 15.015ms
[32.621s][info][gc,phases   ] GC(18) O: Pause Mark End 0.014ms
[32.621s][info][gc,phases   ] GC(18) O: Concurrent Mark Free 0.003ms
[32.621s][info][gc,ref      ] GC(18) O: Clearing All SoftReferences
[32.625s][info][gc,phases   ] GC(18) O: Concurrent Process Non-Strong 3.415ms
[32.625s][info][gc,phases   ] GC(18) O: Concurrent Reset Relocation Set 0.001ms
[32.625s][info][gc,phases   ] GC(18) O: Concurrent Select Relocation Set 0.071ms
[32.625s][info][gc,task     ] GC(18) O: Using 1 Workers for Old Generation
[32.627s][info][gc,task     ] GC(18) O: Using 1 Workers for Old Generation
[32.627s][info][gc,phases   ] GC(18) O: Concurrent Remap Roots 1.634ms
[32.627s][info][gc,phases   ] GC(18) O: Pause Relocate Start 0.012ms
[32.627s][info][gc,phases   ] GC(18) O: Concurrent Relocate 0.034ms
[32.627s][info][gc,alloc    ] GC(18) O:                         Mark Start        Mark End      Relocate Start    Relocate End   
[32.627s][info][gc,alloc    ] GC(18) O: Allocation Stalls:          1                1                1                1         
[32.627s][info][gc,load     ] GC(18) O: Load: 1.74 (44%) / 3.38 (84%) / 4.27 (107%)
[32.627s][info][gc,mmu      ] GC(18) O: MMU: 2ms/87.5%, 5ms/94.4%, 10ms/97.0%, 20ms/98.1%, 50ms/99.1%, 100ms/99.5%
[32.627s][info][gc,marking  ] GC(18) O: Mark: 1 stripe(s), 1 proactive flush(es), 1 terminate flush(es), 0 completion(s), 0 continuation(s) 
[32.627s][info][gc,nmethod  ] GC(18) O: NMethods: 1732 registered, 120 unregistered
[32.627s][info][gc,metaspace] GC(18) O: Metaspace: 9M used, 10M committed, 1088M reserved
[32.627s][info][gc,ref      ] GC(18) O:                       Encountered   Discovered     Enqueued 
[32.627s][info][gc,ref      ] GC(18) O: Soft References:              140           72            0 
[32.627s][info][gc,ref      ] GC(18) O: Weak References:              901          828            0 
[32.627s][info][gc,ref      ] GC(18) O: Final References:               0            0            0 
[32.627s][info][gc,ref      ] GC(18) O: Phantom References:             2            2            0 
[32.627s][info][gc,reloc    ] GC(18) O:                        Candidates     Selected     In-Place         Size        Empty    Relocated 
[32.627s][info][gc,reloc    ] GC(18) O: Small Pages:                    3            0            0           6M           0M           0M 
[32.627s][info][gc,reloc    ] GC(18) O: Medium Pages:                   0            0            0           0M           0M           0M 
[32.627s][info][gc,reloc    ] GC(18) O: Large Pages:                  125            0            0         250M           0M           0M 
[32.627s][info][gc,reloc    ] GC(18) O: Forwarding Usage: 0M
[32.627s][info][gc,heap     ] GC(18) O: Min Capacity: 8M(3%)
[32.627s][info][gc,heap     ] GC(18) O: Max Capacity: 256M(100%)
[32.627s][info][gc,heap     ] GC(18) O: Soft Max Capacity: 256M(100%)
[32.627s][info][gc,heap     ] GC(18) O: Heap Statistics:
[32.627s][info][gc,heap     ] GC(18) O:                Mark Start          Mark End        Relocate Start      Relocate End           High               Low         
[32.627s][info][gc,heap     ] GC(18) O:  Capacity:      256M (100%)        256M (100%)        256M (100%)        256M (100%)        256M (100%)        256M (100%)   
[32.627s][info][gc,heap     ] GC(18) O:      Free:        0M (0%)            0M (0%)            0M (0%)            0M (0%)            0M (0%)            0M (0%)     
[32.627s][info][gc,heap     ] GC(18) O:      Used:      256M (100%)        256M (100%)        256M (100%)        256M (100%)        256M (100%)        256M (100%)   
[32.627s][info][gc,heap     ] GC(18) O: Old Generation Statistics:
[32.627s][info][gc,heap     ] GC(18) O:                Mark Start          Mark End        Relocate Start      Relocate End    
[32.627s][info][gc,heap     ] GC(18) O:      Used:      256M (100%)        256M (100%)        256M (100%)        256M (100%)   
[32.627s][info][gc,heap     ] GC(18) O:      Live:         -               253M (99%)         253M (99%)         253M (99%)    
[32.627s][info][gc,heap     ] GC(18) O:   Garbage:         -                 2M (1%)            2M (1%)            2M (1%)     
[32.627s][info][gc,heap     ] GC(18) O: Allocated:         -                 0M (0%)            0M (0%)            0M (0%)     
[32.627s][info][gc,heap     ] GC(18) O: Reclaimed:         -                  -                 0M (0%)            0M (0%)     
[32.627s][info][gc,heap     ] GC(18) O: Compacted:         -                  -                  -                 0M (0%)     
[32.627s][info][gc,phases   ] GC(18) O: Old Generation 256M(100%)->256M(100%) 0.021s
[32.627s][info][gc          ] GC(18) Major Collection (Allocation Stall) 256M(100%)->256M(100%) 0.028s
[32.627s][info][gc          ] Allocation Stall (main) 31.693ms
[32.627s][info][gc          ] GC(19) Minor Collection (Allocation Stall)
[32.627s][info][gc,task     ] GC(19) Using 1 Workers for Young Generation
[32.627s][info][gc,phases   ] GC(19) y: Young Generation
[32.627s][info][gc,phases   ] GC(19) y: Pause Mark Start 0.007ms
[32.630s][info][gc,phases   ] GC(19) y: Concurrent Mark 2.406ms
[32.630s][info][gc,phases   ] GC(19) y: Pause Mark End 0.009ms
[32.630s][info][gc,phases   ] GC(19) y: Concurrent Mark Free 0.002ms
[32.630s][info][gc,phases   ] GC(19) y: Concurrent Reset Relocation Set 0.000ms
[32.630s][info][gc,reloc    ] GC(19) y: Using tenuring threshold: 0 (Computed)
[32.630s][info][gc,phases   ] GC(19) y: Concurrent Select Relocation Set 0.067ms
[32.630s][info][gc,phases   ] GC(19) y: Pause Relocate Start 0.005ms
[32.630s][info][gc,phases   ] GC(19) y: Concurrent Relocate 0.042ms
[32.630s][info][gc,alloc    ] GC(19) y:                         Mark Start        Mark End      Relocate Start    Relocate End   
[32.630s][info][gc,alloc    ] GC(19) y: Allocation Stalls:          1                1                1                1         
[32.630s][info][gc,load     ] GC(19) y: Load: 1.74 (44%) / 3.38 (84%) / 4.27 (107%)
[32.630s][info][gc,mmu      ] GC(19) y: MMU: 2ms/87.5%, 5ms/94.4%, 10ms/97.0%, 20ms/98.1%, 50ms/99.1%, 100ms/99.5%
[32.630s][info][gc,marking  ] GC(19) y: Mark: 1 stripe(s), 1 proactive flush(es), 1 terminate flush(es), 0 completion(s), 0 continuation(s) 
[32.630s][info][gc,nmethod  ] GC(19) y: NMethods: 1732 registered, 120 unregistered
[32.630s][info][gc,metaspace] GC(19) y: Metaspace: 9M used, 10M committed, 1088M reserved
[32.630s][info][gc,heap     ] GC(19) y: Min Capacity: 8M(3%)
[32.630s][info][gc,heap     ] GC(19) y: Max Capacity: 256M(100%)
[32.630s][info][gc,heap     ] GC(19) y: Soft Max Capacity: 256M(100%)
[32.630s][info][gc,heap     ] GC(19) y: Heap Statistics:
[32.630s][info][gc,heap     ] GC(19) y:                Mark Start          Mark End        Relocate Start      Relocate End           High               Low         
[32.630s][info][gc,heap     ] GC(19) y:  Capacity:      256M (100%)        256M (100%)        256M (100%)        256M (100%)        256M (100%)        256M (100%)   
[32.630s][info][gc,heap     ] GC(19) y:      Free:        0M (0%)            0M (0%)            0M (0%)            0M (0%)            0M (0%)            0M (0%)     
[32.630s][info][gc,heap     ] GC(19) y:      Used:      256M (100%)        256M (100%)        256M (100%)        256M (100%)        256M (100%)        256M (100%)   
[32.630s][info][gc,heap     ] GC(19) y: Young Generation Statistics:
[32.630s][info][gc,heap     ] GC(19) y:                Mark Start          Mark End        Relocate Start      Relocate End    
[32.630s][info][gc,heap     ] GC(19) y:      Used:        0M (0%)            0M (0%)            0M (0%)            0M (0%)     
[32.630s][info][gc,heap     ] GC(19) y:      Live:         -                 0M (0%)            0M (0%)            0M (0%)     
[32.630s][info][gc,heap     ] GC(19) y:   Garbage:         -                 0M (0%)            0M (0%)            0M (0%)     
[32.630s][info][gc,heap     ] GC(19) y: Allocated:         -                 0M (0%)            0M (0%)            0M (0%)     
[32.630s][info][gc,heap     ] GC(19) y: Reclaimed:         -                  -                 0M (0%)            0M (0%)     
[32.630s][info][gc,heap     ] GC(19) y:  Promoted:         -                  -                 0M (0%)            0M (0%)     
[32.630s][info][gc,heap     ] GC(19) y: Compacted:         -                  -                  -                 0M (0%)     
[32.630s][info][gc,phases   ] GC(19) y: Young Generation 256M(100%)->256M(100%) 0.003s
[32.630s][info][gc          ] GC(19) Minor Collection (Allocation Stall) 256M(100%)->256M(100%) 0.003s
[32.630s][info][gc          ] GC(20) Major Collection (Allocation Stall)
[32.630s][info][gc,task     ] GC(20) Using 1 Workers for Young Generation
[32.630s][info][gc,task     ] GC(20) Using 1 Workers for Old Generation
[32.630s][info][gc,phases   ] GC(20) Y: Young Generation (Promote All)
[32.630s][info][gc,phases   ] GC(20) Y: Pause Mark Start 0.008ms
[32.633s][info][gc,phases   ] GC(20) Y: Concurrent Mark 2.041ms
[32.633s][info][gc,phases   ] GC(20) Y: Pause Mark End 0.007ms
[32.633s][info][gc,phases   ] GC(20) Y: Concurrent Mark Free 0.001ms
[32.633s][info][gc,phases   ] GC(20) Y: Concurrent Reset Relocation Set 0.000ms
[32.633s][info][gc,reloc    ] GC(20) Y: Using tenuring threshold: 0 (Promote All)
[32.633s][info][gc,phases   ] GC(20) Y: Concurrent Select Relocation Set 0.085ms
[32.633s][info][gc,phases   ] GC(20) Y: Pause Relocate Start 0.005ms
[32.633s][info][gc,phases   ] GC(20) Y: Concurrent Relocate 0.041ms
[32.633s][info][gc,alloc    ] GC(20) Y:                         Mark Start        Mark End      Relocate Start    Relocate End   
[32.633s][info][gc,alloc    ] GC(20) Y: Allocation Stalls:          1                1                1                1         
[32.633s][info][gc,load     ] GC(20) Y: Load: 1.74 (44%) / 3.38 (84%) / 4.27 (107%)
[32.633s][info][gc,mmu      ] GC(20) Y: MMU: 2ms/87.5%, 5ms/94.4%, 10ms/97.0%, 20ms/98.1%, 50ms/99.1%, 100ms/99.5%
[32.633s][info][gc,marking  ] GC(20) Y: Mark: 1 stripe(s), 1 proactive flush(es), 1 terminate flush(es), 0 completion(s), 0 continuation(s) 
[32.633s][info][gc,nmethod  ] GC(20) Y: NMethods: 1732 registered, 120 unregistered
[32.633s][info][gc,metaspace] GC(20) Y: Metaspace: 9M used, 10M committed, 1088M reserved
[32.633s][info][gc,heap     ] GC(20) Y: Min Capacity: 8M(3%)
[32.633s][info][gc,heap     ] GC(20) Y: Max Capacity: 256M(100%)
[32.633s][info][gc,heap     ] GC(20) Y: Soft Max Capacity: 256M(100%)
[32.633s][info][gc,heap     ] GC(20) Y: Heap Statistics:
[32.633s][info][gc,heap     ] GC(20) Y:                Mark Start          Mark End        Relocate Start      Relocate End           High               Low         
[32.633s][info][gc,heap     ] GC(20) Y:  Capacity:      256M (100%)        256M (100%)        256M (100%)        256M (100%)        256M (100%)        256M (100%)   
[32.633s][info][gc,heap     ] GC(20) Y:      Free:        0M (0%)            0M (0%)            0M (0%)            0M (0%)            0M (0%)            0M (0%)     
[32.633s][info][gc,heap     ] GC(20) Y:      Used:      256M (100%)        256M (100%)        256M (100%)        256M (100%)        256M (100%)        256M (100%)   
[32.633s][info][gc,heap     ] GC(20) Y: Young Generation Statistics:
[32.633s][info][gc,heap     ] GC(20) Y:                Mark Start          Mark End        Relocate Start      Relocate End    
[32.633s][info][gc,heap     ] GC(20) Y:      Used:        0M (0%)            0M (0%)            0M (0%)            0M (0%)     
[32.633s][info][gc,heap     ] GC(20) Y:      Live:         -                 0M (0%)            0M (0%)            0M (0%)     
[32.633s][info][gc,heap     ] GC(20) Y:   Garbage:         -                 0M (0%)            0M (0%)            0M (0%)     
[32.633s][info][gc,heap     ] GC(20) Y: Allocated:         -                 0M (0%)            0M (0%)            0M (0%)     
[32.633s][info][gc,heap     ] GC(20) Y: Reclaimed:         -                  -                 0M (0%)            0M (0%)     
[32.633s][info][gc,heap     ] GC(20) Y:  Promoted:         -                  -                 0M (0%)            0M (0%)     
[32.633s][info][gc,heap     ] GC(20) Y: Compacted:         -                  -                  -                 0M (0%)     
[32.633s][info][gc,phases   ] GC(20) Y: Young Generation (Promote All) 256M(100%)->256M(100%) 0.002s
[32.633s][info][gc,phases   ] GC(20) Y: Young Generation (Collect Roots)
[32.633s][info][gc,phases   ] GC(20) Y: Pause Mark Start (Major) 0.007ms
[32.635s][info][gc,phases   ] GC(20) Y: Concurrent Mark 1.887ms
[32.635s][info][gc,phases   ] GC(20) Y: Pause Mark End 0.006ms
[32.635s][info][gc,phases   ] GC(20) Y: Concurrent Mark Free 0.001ms
[32.635s][info][gc,phases   ] GC(20) Y: Concurrent Reset Relocation Set 0.000ms
[32.635s][info][gc,reloc    ] GC(20) Y: Using tenuring threshold: 0 (Computed)
[32.635s][info][gc,phases   ] GC(20) Y: Concurrent Select Relocation Set 0.109ms
[32.635s][info][gc,phases   ] GC(20) Y: Pause Relocate Start 0.007ms
[32.635s][info][gc,phases   ] GC(20) Y: Concurrent Relocate 0.036ms
[32.636s][info][gc,alloc    ] GC(20) Y:                         Mark Start        Mark End      Relocate Start    Relocate End   
[32.636s][info][gc,alloc    ] GC(20) Y: Allocation Stalls:          1                1                1                1         
[32.636s][info][gc,load     ] GC(20) Y: Load: 1.74 (44%) / 3.38 (84%) / 4.27 (107%)
[32.636s][info][gc,mmu      ] GC(20) Y: MMU: 2ms/87.5%, 5ms/94.4%, 10ms/97.0%, 20ms/98.1%, 50ms/99.1%, 100ms/99.5%
[32.636s][info][gc,marking  ] GC(20) Y: Mark: 1 stripe(s), 1 proactive flush(es), 1 terminate flush(es), 0 completion(s), 0 continuation(s) 
[32.636s][info][gc,nmethod  ] GC(20) Y: NMethods: 1732 registered, 120 unregistered
[32.636s][info][gc,metaspace] GC(20) Y: Metaspace: 9M used, 10M committed, 1088M reserved
[32.636s][info][gc,heap     ] GC(20) Y: Min Capacity: 8M(3%)
[32.636s][info][gc,heap     ] GC(20) Y: Max Capacity: 256M(100%)
[32.636s][info][gc,heap     ] GC(20) Y: Soft Max Capacity: 256M(100%)
[32.636s][info][gc,heap     ] GC(20) Y: Heap Statistics:
[32.636s][info][gc,heap     ] GC(20) Y:                Mark Start          Mark End        Relocate Start      Relocate End           High               Low         
[32.636s][info][gc,heap     ] GC(20) Y:  Capacity:      256M (100%)        256M (100%)        256M (100%)        256M (100%)        256M (100%)        256M (100%)   
[32.636s][info][gc,heap     ] GC(20) Y:      Free:        0M (0%)            0M (0%)            0M (0%)            0M (0%)            0M (0%)            0M (0%)     
[32.636s][info][gc,heap     ] GC(20) Y:      Used:      256M (100%)        256M (100%)        256M (100%)        256M (100%)        256M (100%)        256M (100%)   
[32.636s][info][gc,heap     ] GC(20) Y: Young Generation Statistics:
[32.636s][info][gc,heap     ] GC(20) Y:                Mark Start          Mark End        Relocate Start      Relocate End    
[32.636s][info][gc,heap     ] GC(20) Y:      Used:        0M (0%)            0M (0%)            0M (0%)            0M (0%)     
[32.636s][info][gc,heap     ] GC(20) Y:      Live:         -                 0M (0%)            0M (0%)            0M (0%)     
[32.636s][info][gc,heap     ] GC(20) Y:   Garbage:         -                 0M (0%)            0M (0%)            0M (0%)     
[32.636s][info][gc,heap     ] GC(20) Y: Allocated:         -                 0M (0%)            0M (0%)            0M (0%)     
[32.636s][info][gc,heap     ] GC(20) Y: Reclaimed:         -                  -                 0M (0%)            0M (0%)     
[32.636s][info][gc,heap     ] GC(20) Y:  Promoted:         -                  -                 0M (0%)            0M (0%)     
[32.636s][info][gc,heap     ] GC(20) Y: Compacted:         -                  -                  -                 0M (0%)     
[32.636s][info][gc,phases   ] GC(20) Y: Young Generation (Collect Roots) 256M(100%)->256M(100%) 0.002s
[32.636s][info][gc,phases   ] GC(20) O: Old Generation
[32.647s][info][gc,phases   ] GC(20) O: Concurrent Mark 10.836ms
[32.647s][info][gc,phases   ] GC(20) O: Pause Mark End 0.013ms
[32.647s][info][gc,phases   ] GC(20) O: Concurrent Mark Free 0.003ms
[32.647s][info][gc,ref      ] GC(20) O: Clearing All SoftReferences
[32.650s][info][gc,phases   ] GC(20) O: Concurrent Process Non-Strong 3.475ms
[32.650s][info][gc,phases   ] GC(20) O: Concurrent Reset Relocation Set 0.001ms
[32.650s][info][gc,phases   ] GC(20) O: Concurrent Select Relocation Set 0.040ms
[32.650s][info][gc,task     ] GC(20) O: Using 1 Workers for Old Generation
[32.652s][info][gc,task     ] GC(20) O: Using 1 Workers for Old Generation
[32.652s][info][gc,phases   ] GC(20) O: Concurrent Remap Roots 1.638ms
[32.652s][info][gc,phases   ] GC(20) O: Pause Relocate Start 0.012ms
[32.652s][info][gc,phases   ] GC(20) O: Concurrent Relocate 0.032ms
[32.652s][info][gc,alloc    ] GC(20) O:                         Mark Start        Mark End      Relocate Start    Relocate End   
[32.652s][info][gc,alloc    ] GC(20) O: Allocation Stalls:          1                1                1                1         
[32.652s][info][gc,load     ] GC(20) O: Load: 1.74 (44%) / 3.38 (84%) / 4.27 (107%)
[32.652s][info][gc,mmu      ] GC(20) O: MMU: 2ms/87.5%, 5ms/94.4%, 10ms/97.0%, 20ms/98.1%, 50ms/99.1%, 100ms/99.5%
[32.652s][info][gc,marking  ] GC(20) O: Mark: 1 stripe(s), 1 proactive flush(es), 1 terminate flush(es), 0 completion(s), 0 continuation(s) 
[32.652s][info][gc,nmethod  ] GC(20) O: NMethods: 1732 registered, 120 unregistered
[32.652s][info][gc,metaspace] GC(20) O: Metaspace: 9M used, 10M committed, 1088M reserved
[32.652s][info][gc,ref      ] GC(20) O:                       Encountered   Discovered     Enqueued 
[32.652s][info][gc,ref      ] GC(20) O: Soft References:              140           72            0 
[32.652s][info][gc,ref      ] GC(20) O: Weak References:              901          828            0 
[32.652s][info][gc,ref      ] GC(20) O: Final References:               0            0            0 
[32.652s][info][gc,ref      ] GC(20) O: Phantom References:             2            2            0 
[32.652s][info][gc,reloc    ] GC(20) O:                        Candidates     Selected     In-Place         Size        Empty    Relocated 
[32.652s][info][gc,reloc    ] GC(20) O: Small Pages:                    3            0            0           6M           0M           0M 
[32.652s][info][gc,reloc    ] GC(20) O: Medium Pages:                   0            0            0           0M           0M           0M 
[32.652s][info][gc,reloc    ] GC(20) O: Large Pages:                  125            0            0         250M           0M           0M 
[32.652s][info][gc,reloc    ] GC(20) O: Forwarding Usage: 0M
[32.652s][info][gc,heap     ] GC(20) O: Min Capacity: 8M(3%)
[32.652s][info][gc,heap     ] GC(20) O: Max Capacity: 256M(100%)
[32.652s][info][gc,heap     ] GC(20) O: Soft Max Capacity: 256M(100%)
[32.652s][info][gc,heap     ] GC(20) O: Heap Statistics:
[32.652s][info][gc,heap     ] GC(20) O:                Mark Start          Mark End        Relocate Start      Relocate End           High               Low         
[32.652s][info][gc,heap     ] GC(20) O:  Capacity:      256M (100%)        256M (100%)        256M (100%)        256M (100%)        256M (100%)        256M (100%)   
[32.652s][info][gc,heap     ] GC(20) O:      Free:        0M (0%)            0M (0%)            0M (0%)            0M (0%)            0M (0%)            0M (0%)     
[32.652s][info][gc,heap     ] GC(20) O:      Used:      256M (100%)        256M (100%)        256M (100%)        256M (100%)        256M (100%)        256M (100%)   
[32.652s][info][gc,heap     ] GC(20) O: Old Generation Statistics:
[32.652s][info][gc,heap     ] GC(20) O:                Mark Start          Mark End        Relocate Start      Relocate End    
[32.653s][info][gc,heap     ] GC(20) O:      Used:      256M (100%)        256M (100%)        256M (100%)        256M (100%)   
[32.653s][info][gc,heap     ] GC(20) O:      Live:         -               253M (99%)         253M (99%)         253M (99%)    
[32.653s][info][gc,heap     ] GC(20) O:   Garbage:         -                 2M (1%)            2M (1%)            2M (1%)     
[32.653s][info][gc,heap     ] GC(20) O: Allocated:         -                 0M (0%)            0M (0%)            0M (0%)     
[32.653s][info][gc,heap     ] GC(20) O: Reclaimed:         -                  -                 0M (0%)            0M (0%)     
[32.653s][info][gc,heap     ] GC(20) O: Compacted:         -                  -                  -                 0M (0%)     
[32.653s][info][gc,phases   ] GC(20) O: Old Generation 256M(100%)->256M(100%) 0.016s
[32.653s][info][gc          ] GC(20) Major Collection (Allocation Stall) 256M(100%)->256M(100%) 0.022s
[32.653s][info][gc          ] Allocation Stall (main) 25.428ms
[32.653s][info][gc          ] Out Of Memory (main)
[32.653s][info][gc          ] GC(21) Minor Collection (Allocation Stall)
[32.653s][info][gc,task     ] GC(21) Using 1 Workers for Young Generation
[32.653s][info][gc,phases   ] GC(21) y: Young Generation
[32.653s][info][gc,phases   ] GC(21) y: Pause Mark Start 0.010ms
[32.656s][info][gc,phases   ] GC(21) y: Concurrent Mark 2.597ms
[32.656s][info][gc,phases   ] GC(21) y: Pause Mark End 0.015ms
[32.656s][info][gc,phases   ] GC(21) y: Concurrent Mark Free 0.002ms
[32.656s][info][gc,phases   ] GC(21) y: Concurrent Reset Relocation Set 0.000ms
[32.656s][info][gc,reloc    ] GC(21) y: Using tenuring threshold: 0 (Computed)
[32.656s][info][gc,phases   ] GC(21) y: Concurrent Select Relocation Set 0.062ms
[32.656s][info][gc,phases   ] GC(21) y: Pause Relocate Start 0.010ms
[32.656s][info][gc,phases   ] GC(21) y: Concurrent Relocate 0.054ms
[32.656s][info][gc,alloc    ] GC(21) y:                         Mark Start        Mark End      Relocate Start    Relocate End   
[32.656s][info][gc,alloc    ] GC(21) y: Allocation Stalls:          1                1                1                1         
[32.656s][info][gc,load     ] GC(21) y: Load: 1.74 (44%) / 3.38 (84%) / 4.27 (107%)
[32.656s][info][gc,mmu      ] GC(21) y: MMU: 2ms/87.5%, 5ms/94.4%, 10ms/97.0%, 20ms/98.1%, 50ms/99.1%, 100ms/99.5%
[32.656s][info][gc,marking  ] GC(21) y: Mark: 1 stripe(s), 1 proactive flush(es), 1 terminate flush(es), 0 completion(s), 0 continuation(s) 
[32.656s][info][gc,nmethod  ] GC(21) y: NMethods: 1732 registered, 120 unregistered
[32.656s][info][gc,metaspace] GC(21) y: Metaspace: 9M used, 10M committed, 1088M reserved
[32.656s][info][gc,heap     ] GC(21) y: Min Capacity: 8M(3%)
[32.656s][info][gc,heap     ] GC(21) y: Max Capacity: 256M(100%)
[32.656s][info][gc,heap     ] GC(21) y: Soft Max Capacity: 256M(100%)
[32.656s][info][gc,heap     ] GC(21) y: Heap Statistics:
[32.656s][info][gc,heap     ] GC(21) y:                Mark Start          Mark End        Relocate Start      Relocate End           High               Low         
[32.656s][info][gc,heap     ] GC(21) y:  Capacity:      256M (100%)        256M (100%)        256M (100%)        256M (100%)        256M (100%)        256M (100%)   
[32.656s][info][gc,heap     ] GC(21) y:      Free:        0M (0%)            0M (0%)            0M (0%)            0M (0%)            0M (0%)            0M (0%)     
[32.656s][info][gc,heap     ] GC(21) y:      Used:      256M (100%)        256M (100%)        256M (100%)        256M (100%)        256M (100%)        256M (100%)   
[32.656s][info][gc,heap     ] GC(21) y: Young Generation Statistics:
[32.656s][info][gc,heap     ] GC(21) y:                Mark Start          Mark End        Relocate Start      Relocate End    
[32.656s][info][gc,heap     ] GC(21) y:      Used:        0M (0%)            0M (0%)            0M (0%)            0M (0%)     
[32.656s][info][gc,heap     ] GC(21) y:      Live:         -                 0M (0%)            0M (0%)            0M (0%)     
[32.656s][info][gc,heap     ] GC(21) y:   Garbage:         -                 0M (0%)            0M (0%)            0M (0%)     
[32.656s][info][gc,heap     ] GC(21) y: Allocated:         -                 0M (0%)            0M (0%)            0M (0%)     
[32.656s][info][gc,heap     ] GC(21) y: Reclaimed:         -                  -                 0M (0%)            0M (0%)     
[32.656s][info][gc,heap     ] GC(21) y:  Promoted:         -                  -                 0M (0%)            0M (0%)     
[32.656s][info][gc,heap     ] GC(21) y: Compacted:         -                  -                  -                 0M (0%)     
[32.656s][info][gc,phases   ] GC(21) y: Young Generation 256M(100%)->256M(100%) 0.003s
[32.656s][info][gc          ] GC(21) Minor Collection (Allocation Stall) 256M(100%)->256M(100%) 0.004s
[32.656s][info][gc          ] GC(22) Major Collection (Allocation Stall)
[32.656s][info][gc,task     ] GC(22) Using 1 Workers for Young Generation
[32.656s][info][gc,task     ] GC(22) Using 1 Workers for Old Generation
[32.656s][info][gc,phases   ] GC(22) Y: Young Generation (Promote All)
[32.656s][info][gc,phases   ] GC(22) Y: Pause Mark Start 0.008ms
[32.660s][info][gc,phases   ] GC(22) Y: Concurrent Mark 3.604ms
[32.660s][info][gc,phases   ] GC(22) Y: Pause Mark End 0.016ms
[32.660s][info][gc,phases   ] GC(22) Y: Concurrent Mark Free 0.002ms
[32.660s][info][gc,phases   ] GC(22) Y: Concurrent Reset Relocation Set 0.000ms
[32.660s][info][gc,reloc    ] GC(22) Y: Using tenuring threshold: 0 (Promote All)
[32.660s][info][gc,phases   ] GC(22) Y: Concurrent Select Relocation Set 0.080ms
[32.660s][info][gc,phases   ] GC(22) Y: Pause Relocate Start 0.009ms
[32.661s][info][gc,phases   ] GC(22) Y: Concurrent Relocate 0.040ms
[32.661s][info][gc,alloc    ] GC(22) Y:                         Mark Start        Mark End      Relocate Start    Relocate End   
[32.661s][info][gc,alloc    ] GC(22) Y: Allocation Stalls:          1                1                1                1         
[32.661s][info][gc,load     ] GC(22) Y: Load: 1.74 (44%) / 3.38 (84%) / 4.27 (107%)
[32.661s][info][gc,mmu      ] GC(22) Y: MMU: 2ms/87.5%, 5ms/94.4%, 10ms/97.0%, 20ms/98.1%, 50ms/99.1%, 100ms/99.5%
[32.661s][info][gc,marking  ] GC(22) Y: Mark: 1 stripe(s), 1 proactive flush(es), 1 terminate flush(es), 0 completion(s), 0 continuation(s) 
[32.661s][info][gc,nmethod  ] GC(22) Y: NMethods: 1732 registered, 120 unregistered
[32.661s][info][gc,metaspace] GC(22) Y: Metaspace: 9M used, 10M committed, 1088M reserved
[32.661s][info][gc,heap     ] GC(22) Y: Min Capacity: 8M(3%)
[32.661s][info][gc,heap     ] GC(22) Y: Max Capacity: 256M(100%)
[32.661s][info][gc,heap     ] GC(22) Y: Soft Max Capacity: 256M(100%)
[32.661s][info][gc,heap     ] GC(22) Y: Heap Statistics:
[32.661s][info][gc,heap     ] GC(22) Y:                Mark Start          Mark End        Relocate Start      Relocate End           High               Low         
[32.661s][info][gc,heap     ] GC(22) Y:  Capacity:      256M (100%)        256M (100%)        256M (100%)        256M (100%)        256M (100%)        256M (100%)   
[32.661s][info][gc,heap     ] GC(22) Y:      Free:        0M (0%)            0M (0%)            0M (0%)            0M (0%)            0M (0%)            0M (0%)     
[32.661s][info][gc,heap     ] GC(22) Y:      Used:      256M (100%)        256M (100%)        256M (100%)        256M (100%)        256M (100%)        256M (100%)   
[32.661s][info][gc,heap     ] GC(22) Y: Young Generation Statistics:
[32.661s][info][gc,heap     ] GC(22) Y:                Mark Start          Mark End        Relocate Start      Relocate End    
[32.661s][info][gc,heap     ] GC(22) Y:      Used:        0M (0%)            0M (0%)            0M (0%)            0M (0%)     
[32.661s][info][gc,heap     ] GC(22) Y:      Live:         -                 0M (0%)            0M (0%)            0M (0%)     
[32.661s][info][gc,heap     ] GC(22) Y:   Garbage:         -                 0M (0%)            0M (0%)            0M (0%)     
[32.661s][info][gc,heap     ] GC(22) Y: Allocated:         -                 0M (0%)            0M (0%)            0M (0%)     
[32.661s][info][gc,heap     ] GC(22) Y: Reclaimed:         -                  -                 0M (0%)            0M (0%)     
[32.661s][info][gc,heap     ] GC(22) Y:  Promoted:         -                  -                 0M (0%)            0M (0%)     
[32.661s][info][gc,heap     ] GC(22) Y: Compacted:         -                  -                  -                 0M (0%)     
[32.661s][info][gc,phases   ] GC(22) Y: Young Generation (Promote All) 256M(100%)->256M(100%) 0.004s
[32.661s][info][gc,phases   ] GC(22) Y: Young Generation (Collect Roots)
[32.661s][info][gc,phases   ] GC(22) Y: Pause Mark Start (Major) 0.011ms
[32.665s][info][gc,phases   ] GC(22) Y: Concurrent Mark 4.316ms
[32.666s][info][gc,phases   ] GC(22) Y: Pause Mark End 0.018ms
[32.666s][info][gc,phases   ] GC(22) Y: Concurrent Mark Free 0.002ms
[32.666s][info][gc,phases   ] GC(22) Y: Concurrent Reset Relocation Set 0.001ms
[32.666s][info][gc,reloc    ] GC(22) Y: Using tenuring threshold: 0 (Computed)
[32.666s][info][gc,phases   ] GC(22) Y: Concurrent Select Relocation Set 0.090ms
[32.666s][info][gc,phases   ] GC(22) Y: Pause Relocate Start 0.014ms
[32.666s][info][gc,phases   ] GC(22) Y: Concurrent Relocate 0.052ms
[32.666s][info][gc,alloc    ] GC(22) Y:                         Mark Start        Mark End      Relocate Start    Relocate End   
[32.666s][info][gc,alloc    ] GC(22) Y: Allocation Stalls:          1                1                1                1         
[32.666s][info][gc,load     ] GC(22) Y: Load: 1.74 (44%) / 3.38 (84%) / 4.27 (107%)
[32.666s][info][gc,mmu      ] GC(22) Y: MMU: 2ms/87.5%, 5ms/94.4%, 10ms/97.0%, 20ms/98.1%, 50ms/99.1%, 100ms/99.5%
[32.666s][info][gc,marking  ] GC(22) Y: Mark: 1 stripe(s), 1 proactive flush(es), 1 terminate flush(es), 0 completion(s), 0 continuation(s) 
[32.666s][info][gc,nmethod  ] GC(22) Y: NMethods: 1732 registered, 120 unregistered
[32.666s][info][gc,metaspace] GC(22) Y: Metaspace: 9M used, 10M committed, 1088M reserved
[32.666s][info][gc,heap     ] GC(22) Y: Min Capacity: 8M(3%)
[32.666s][info][gc,heap     ] GC(22) Y: Max Capacity: 256M(100%)
[32.666s][info][gc,heap     ] GC(22) Y: Soft Max Capacity: 256M(100%)
[32.666s][info][gc,heap     ] GC(22) Y: Heap Statistics:
[32.666s][info][gc,heap     ] GC(22) Y:                Mark Start          Mark End        Relocate Start      Relocate End           High               Low         
[32.666s][info][gc,heap     ] GC(22) Y:  Capacity:      256M (100%)        256M (100%)        256M (100%)        256M (100%)        256M (100%)        256M (100%)   
[32.666s][info][gc,heap     ] GC(22) Y:      Free:        0M (0%)            0M (0%)            0M (0%)            0M (0%)            0M (0%)            0M (0%)     
[32.666s][info][gc,heap     ] GC(22) Y:      Used:      256M (100%)        256M (100%)        256M (100%)        256M (100%)        256M (100%)        256M (100%)   
[32.666s][info][gc,heap     ] GC(22) Y: Young Generation Statistics:
[32.666s][info][gc,heap     ] GC(22) Y:                Mark Start          Mark End        Relocate Start      Relocate End    
[32.666s][info][gc,heap     ] GC(22) Y:      Used:        0M (0%)            0M (0%)            0M (0%)            0M (0%)     
[32.666s][info][gc,heap     ] GC(22) Y:      Live:         -                 0M (0%)            0M (0%)            0M (0%)     
[32.666s][info][gc,heap     ] GC(22) Y:   Garbage:         -                 0M (0%)            0M (0%)            0M (0%)     
[32.666s][info][gc,heap     ] GC(22) Y: Allocated:         -                 0M (0%)            0M (0%)            0M (0%)     
[32.666s][info][gc,heap     ] GC(22) Y: Reclaimed:         -                  -                 0M (0%)            0M (0%)     
[32.666s][info][gc,heap     ] GC(22) Y:  Promoted:         -                  -                 0M (0%)            0M (0%)     
[32.666s][info][gc,heap     ] GC(22) Y: Compacted:         -                  -                  -                 0M (0%)     
[32.666s][info][gc,phases   ] GC(22) Y: Young Generation (Collect Roots) 256M(100%)->256M(100%) 0.005s
[32.667s][info][gc,phases   ] GC(22) O: Old Generation
[32.682s][info][gc,phases   ] GC(22) O: Concurrent Mark 15.213ms
[32.682s][info][gc,phases   ] GC(22) O: Pause Mark End 0.013ms
[32.682s][info][gc,phases   ] GC(22) O: Concurrent Mark Free 0.002ms
[32.682s][info][gc,ref      ] GC(22) O: Clearing All SoftReferences
[32.685s][info][gc,phases   ] GC(22) O: Concurrent Process Non-Strong 3.396ms
[32.685s][info][gc,phases   ] GC(22) O: Concurrent Reset Relocation Set 0.001ms
[32.685s][info][gc,phases   ] GC(22) O: Concurrent Select Relocation Set 0.035ms
[32.685s][info][gc,task     ] GC(22) O: Using 1 Workers for Old Generation
[32.687s][info][gc,task     ] GC(22) O: Using 1 Workers for Old Generation
[32.687s][info][gc,phases   ] GC(22) O: Concurrent Remap Roots 1.502ms
[32.687s][info][gc,phases   ] GC(22) O: Pause Relocate Start 0.011ms
[32.687s][info][gc,phases   ] GC(22) O: Concurrent Relocate 0.028ms
[32.687s][info][gc,alloc    ] GC(22) O:                         Mark Start        Mark End      Relocate Start    Relocate End   
[32.687s][info][gc,alloc    ] GC(22) O: Allocation Stalls:          1                1                1                1         
[32.687s][info][gc,load     ] GC(22) O: Load: 1.74 (44%) / 3.38 (84%) / 4.27 (107%)
[32.687s][info][gc,mmu      ] GC(22) O: MMU: 2ms/87.5%, 5ms/94.4%, 10ms/97.0%, 20ms/98.1%, 50ms/99.1%, 100ms/99.5%
[32.687s][info][gc,marking  ] GC(22) O: Mark: 1 stripe(s), 1 proactive flush(es), 1 terminate flush(es), 0 completion(s), 0 continuation(s) 
[32.687s][info][gc,nmethod  ] GC(22) O: NMethods: 1732 registered, 120 unregistered
[32.687s][info][gc,metaspace] GC(22) O: Metaspace: 9M used, 10M committed, 1088M reserved
[32.687s][info][gc,ref      ] GC(22) O:                       Encountered   Discovered     Enqueued 
[32.687s][info][gc,ref      ] GC(22) O: Soft References:              140           72            0 
[32.687s][info][gc,ref      ] GC(22) O: Weak References:              901          828            0 
[32.687s][info][gc,ref      ] GC(22) O: Final References:               0            0            0 
[32.687s][info][gc,ref      ] GC(22) O: Phantom References:             2            2            0 
[32.687s][info][gc,reloc    ] GC(22) O:                        Candidates     Selected     In-Place         Size        Empty    Relocated 
[32.687s][info][gc,reloc    ] GC(22) O: Small Pages:                    3            0            0           6M           0M           0M 
[32.687s][info][gc,reloc    ] GC(22) O: Medium Pages:                   0            0            0           0M           0M           0M 
[32.687s][info][gc,reloc    ] GC(22) O: Large Pages:                  125            0            0         250M           0M           0M 
[32.687s][info][gc,reloc    ] GC(22) O: Forwarding Usage: 0M
[32.687s][info][gc,heap     ] GC(22) O: Min Capacity: 8M(3%)
[32.687s][info][gc,heap     ] GC(22) O: Max Capacity: 256M(100%)
[32.687s][info][gc,heap     ] GC(22) O: Soft Max Capacity: 256M(100%)
[32.687s][info][gc,heap     ] GC(22) O: Heap Statistics:
[32.687s][info][gc,heap     ] GC(22) O:                Mark Start          Mark End        Relocate Start      Relocate End           High               Low         
[32.687s][info][gc,heap     ] GC(22) O:  Capacity:      256M (100%)        256M (100%)        256M (100%)        256M (100%)        256M (100%)        256M (100%)   
[32.687s][info][gc,heap     ] GC(22) O:      Free:        0M (0%)            0M (0%)            0M (0%)            0M (0%)            0M (0%)            0M (0%)     
[32.687s][info][gc,heap     ] GC(22) O:      Used:      256M (100%)        256M (100%)        256M (100%)        256M (100%)        256M (100%)        256M (100%)   
[32.687s][info][gc,heap     ] GC(22) O: Old Generation Statistics:
[32.687s][info][gc,heap     ] GC(22) O:                Mark Start          Mark End        Relocate Start      Relocate End    
[32.687s][info][gc,heap     ] GC(22) O:      Used:      256M (100%)        256M (100%)        256M (100%)        256M (100%)   
[32.687s][info][gc,heap     ] GC(22) O:      Live:         -               253M (99%)         253M (99%)         253M (99%)    
[32.687s][info][gc,heap     ] GC(22) O:   Garbage:         -                 2M (1%)            2M (1%)            2M (1%)     
[32.687s][info][gc,heap     ] GC(22) O: Allocated:         -                 0M (0%)            0M (0%)            0M (0%)     
[32.687s][info][gc,heap     ] GC(22) O: Reclaimed:         -                  -                 0M (0%)            0M (0%)     
[32.687s][info][gc,heap     ] GC(22) O: Compacted:         -                  -                  -                 0M (0%)     
[32.687s][info][gc,phases   ] GC(22) O: Old Generation 256M(100%)->256M(100%) 0.021s
[32.687s][info][gc          ] GC(22) Major Collection (Allocation Stall) 256M(100%)->256M(100%) 0.031s
[32.687s][info][gc          ] Allocation Stall (main) 34.697ms
[32.688s][info][gc          ] GC(23) Minor Collection (Allocation Stall)
[32.688s][info][gc,task     ] GC(23) Using 1 Workers for Young Generation
[32.688s][info][gc,phases   ] GC(23) y: Young Generation
[32.688s][info][gc,phases   ] GC(23) y: Pause Mark Start 0.008ms
[32.691s][info][gc,phases   ] GC(23) y: Concurrent Mark 3.390ms
[32.691s][info][gc,phases   ] GC(23) y: Pause Mark End 0.018ms
[32.691s][info][gc,phases   ] GC(23) y: Concurrent Mark Free 0.002ms
[32.691s][info][gc,phases   ] GC(23) y: Concurrent Reset Relocation Set 0.001ms
[32.691s][info][gc,reloc    ] GC(23) y: Using tenuring threshold: 0 (Computed)
[32.691s][info][gc,phases   ] GC(23) y: Concurrent Select Relocation Set 0.094ms
[32.691s][info][gc,phases   ] GC(23) y: Pause Relocate Start 0.015ms
[32.692s][info][gc,phases   ] GC(23) y: Concurrent Relocate 0.051ms
[32.692s][info][gc,alloc    ] GC(23) y:                         Mark Start        Mark End      Relocate Start    Relocate End   
[32.692s][info][gc,alloc    ] GC(23) y: Allocation Stalls:          1                1                1                1         
[32.692s][info][gc,load     ] GC(23) y: Load: 1.74 (44%) / 3.38 (84%) / 4.27 (107%)
[32.692s][info][gc,mmu      ] GC(23) y: MMU: 2ms/87.5%, 5ms/94.4%, 10ms/97.0%, 20ms/98.1%, 50ms/99.1%, 100ms/99.5%
[32.692s][info][gc,marking  ] GC(23) y: Mark: 1 stripe(s), 1 proactive flush(es), 1 terminate flush(es), 0 completion(s), 0 continuation(s) 
[32.692s][info][gc,nmethod  ] GC(23) y: NMethods: 1732 registered, 120 unregistered
[32.692s][info][gc,metaspace] GC(23) y: Metaspace: 9M used, 10M committed, 1088M reserved
[32.692s][info][gc,heap     ] GC(23) y: Min Capacity: 8M(3%)
[32.692s][info][gc,heap     ] GC(23) y: Max Capacity: 256M(100%)
[32.692s][info][gc,heap     ] GC(23) y: Soft Max Capacity: 256M(100%)
[32.692s][info][gc,heap     ] GC(23) y: Heap Statistics:
[32.692s][info][gc,heap     ] GC(23) y:                Mark Start          Mark End        Relocate Start      Relocate End           High               Low         
[32.692s][info][gc,heap     ] GC(23) y:  Capacity:      256M (100%)        256M (100%)        256M (100%)        256M (100%)        256M (100%)        256M (100%)   
[32.692s][info][gc,heap     ] GC(23) y:      Free:        0M (0%)            0M (0%)            0M (0%)            0M (0%)            0M (0%)            0M (0%)     
[32.692s][info][gc,heap     ] GC(23) y:      Used:      256M (100%)        256M (100%)        256M (100%)        256M (100%)        256M (100%)        256M (100%)   
[32.692s][info][gc,heap     ] GC(23) y: Young Generation Statistics:
[32.692s][info][gc,heap     ] GC(23) y:                Mark Start          Mark End        Relocate Start      Relocate End    
[32.692s][info][gc,heap     ] GC(23) y:      Used:        0M (0%)            0M (0%)            0M (0%)            0M (0%)     
[32.692s][info][gc,heap     ] GC(23) y:      Live:         -                 0M (0%)            0M (0%)            0M (0%)     
[32.692s][info][gc,heap     ] GC(23) y:   Garbage:         -                 0M (0%)            0M (0%)            0M (0%)     
[32.692s][info][gc,heap     ] GC(23) y: Allocated:         -                 0M (0%)            0M (0%)            0M (0%)     
[32.692s][info][gc,heap     ] GC(23) y: Reclaimed:         -                  -                 0M (0%)            0M (0%)     
[32.692s][info][gc,heap     ] GC(23) y:  Promoted:         -                  -                 0M (0%)            0M (0%)     
[32.692s][info][gc,heap     ] GC(23) y: Compacted:         -                  -                  -                 0M (0%)     
[32.692s][info][gc,phases   ] GC(23) y: Young Generation 256M(100%)->256M(100%) 0.004s
[32.692s][info][gc          ] GC(23) Minor Collection (Allocation Stall) 256M(100%)->256M(100%) 0.005s
[32.692s][info][gc          ] GC(24) Major Collection (Allocation Stall)
[32.692s][info][gc,task     ] GC(24) Using 1 Workers for Young Generation
[32.692s][info][gc,task     ] GC(24) Using 1 Workers for Old Generation
[32.692s][info][gc,phases   ] GC(24) Y: Young Generation (Promote All)
[32.692s][info][gc,phases   ] GC(24) Y: Pause Mark Start 0.010ms
[32.695s][info][gc,phases   ] GC(24) Y: Concurrent Mark 2.170ms
[32.695s][info][gc,phases   ] GC(24) Y: Pause Mark End 0.008ms
[32.695s][info][gc,phases   ] GC(24) Y: Concurrent Mark Free 0.002ms
[32.695s][info][gc,phases   ] GC(24) Y: Concurrent Reset Relocation Set 0.000ms
[32.695s][info][gc,reloc    ] GC(24) Y: Using tenuring threshold: 0 (Promote All)
[32.695s][info][gc,phases   ] GC(24) Y: Concurrent Select Relocation Set 0.054ms
[32.695s][info][gc,phases   ] GC(24) Y: Pause Relocate Start 0.005ms
[32.695s][info][gc,phases   ] GC(24) Y: Concurrent Relocate 0.030ms
[32.695s][info][gc,alloc    ] GC(24) Y:                         Mark Start        Mark End      Relocate Start    Relocate End   
[32.695s][info][gc,alloc    ] GC(24) Y: Allocation Stalls:          1                1                1                1         
[32.695s][info][gc,load     ] GC(24) Y: Load: 1.74 (44%) / 3.38 (84%) / 4.27 (107%)
[32.695s][info][gc,mmu      ] GC(24) Y: MMU: 2ms/87.5%, 5ms/94.4%, 10ms/97.0%, 20ms/98.1%, 50ms/99.1%, 100ms/99.5%
[32.695s][info][gc,marking  ] GC(24) Y: Mark: 1 stripe(s), 1 proactive flush(es), 1 terminate flush(es), 0 completion(s), 0 continuation(s) 
[32.695s][info][gc,nmethod  ] GC(24) Y: NMethods: 1732 registered, 120 unregistered
[32.695s][info][gc,metaspace] GC(24) Y: Metaspace: 9M used, 10M committed, 1088M reserved
[32.695s][info][gc,heap     ] GC(24) Y: Min Capacity: 8M(3%)
[32.695s][info][gc,heap     ] GC(24) Y: Max Capacity: 256M(100%)
[32.695s][info][gc,heap     ] GC(24) Y: Soft Max Capacity: 256M(100%)
[32.695s][info][gc,heap     ] GC(24) Y: Heap Statistics:
[32.695s][info][gc,heap     ] GC(24) Y:                Mark Start          Mark End        Relocate Start      Relocate End           High               Low         
[32.695s][info][gc,heap     ] GC(24) Y:  Capacity:      256M (100%)        256M (100%)        256M (100%)        256M (100%)        256M (100%)        256M (100%)   
[32.695s][info][gc,heap     ] GC(24) Y:      Free:        0M (0%)            0M (0%)            0M (0%)            0M (0%)            0M (0%)            0M (0%)     
[32.695s][info][gc,heap     ] GC(24) Y:      Used:      256M (100%)        256M (100%)        256M (100%)        256M (100%)        256M (100%)        256M (100%)   
[32.695s][info][gc,heap     ] GC(24) Y: Young Generation Statistics:
[32.695s][info][gc,heap     ] GC(24) Y:                Mark Start          Mark End        Relocate Start      Relocate End    
[32.695s][info][gc,heap     ] GC(24) Y:      Used:        0M (0%)            0M (0%)            0M (0%)            0M (0%)     
[32.695s][info][gc,heap     ] GC(24) Y:      Live:         -                 0M (0%)            0M (0%)            0M (0%)     
[32.695s][info][gc,heap     ] GC(24) Y:   Garbage:         -                 0M (0%)            0M (0%)            0M (0%)     
[32.695s][info][gc,heap     ] GC(24) Y: Allocated:         -                 0M (0%)            0M (0%)            0M (0%)     
[32.695s][info][gc,heap     ] GC(24) Y: Reclaimed:         -                  -                 0M (0%)            0M (0%)     
[32.695s][info][gc,heap     ] GC(24) Y:  Promoted:         -                  -                 0M (0%)            0M (0%)     
[32.695s][info][gc,heap     ] GC(24) Y: Compacted:         -                  -                  -                 0M (0%)     
[32.695s][info][gc,phases   ] GC(24) Y: Young Generation (Promote All) 256M(100%)->256M(100%) 0.003s
[32.695s][info][gc,phases   ] GC(24) Y: Young Generation (Collect Roots)
[32.695s][info][gc,phases   ] GC(24) Y: Pause Mark Start (Major) 0.006ms
[32.698s][info][gc,phases   ] GC(24) Y: Concurrent Mark 2.756ms
[32.698s][info][gc,phases   ] GC(24) Y: Pause Mark End 0.013ms
[32.698s][info][gc,phases   ] GC(24) Y: Concurrent Mark Free 0.002ms
[32.698s][info][gc,phases   ] GC(24) Y: Concurrent Reset Relocation Set 0.002ms
[32.698s][info][gc,reloc    ] GC(24) Y: Using tenuring threshold: 0 (Computed)
[32.698s][info][gc,phases   ] GC(24) Y: Concurrent Select Relocation Set 0.058ms
[32.698s][info][gc,phases   ] GC(24) Y: Pause Relocate Start 0.006ms
[32.698s][info][gc,phases   ] GC(24) Y: Concurrent Relocate 0.031ms
[32.698s][info][gc,alloc    ] GC(24) Y:                         Mark Start        Mark End      Relocate Start    Relocate End   
[32.698s][info][gc,alloc    ] GC(24) Y: Allocation Stalls:          1                1                1                1         
[32.698s][info][gc,load     ] GC(24) Y: Load: 1.74 (44%) / 3.38 (84%) / 4.27 (107%)
[32.699s][info][gc,mmu      ] GC(24) Y: MMU: 2ms/87.5%, 5ms/94.4%, 10ms/97.0%, 20ms/98.1%, 50ms/99.1%, 100ms/99.5%
[32.699s][info][gc,marking  ] GC(24) Y: Mark: 1 stripe(s), 1 proactive flush(es), 1 terminate flush(es), 0 completion(s), 0 continuation(s) 
[32.699s][info][gc,nmethod  ] GC(24) Y: NMethods: 1732 registered, 120 unregistered
[32.699s][info][gc,metaspace] GC(24) Y: Metaspace: 9M used, 10M committed, 1088M reserved
[32.699s][info][gc,heap     ] GC(24) Y: Min Capacity: 8M(3%)
[32.699s][info][gc,heap     ] GC(24) Y: Max Capacity: 256M(100%)
[32.699s][info][gc,heap     ] GC(24) Y: Soft Max Capacity: 256M(100%)
[32.699s][info][gc,heap     ] GC(24) Y: Heap Statistics:
[32.699s][info][gc,heap     ] GC(24) Y:                Mark Start          Mark End        Relocate Start      Relocate End           High               Low         
[32.699s][info][gc,heap     ] GC(24) Y:  Capacity:      256M (100%)        256M (100%)        256M (100%)        256M (100%)        256M (100%)        256M (100%)   
[32.699s][info][gc,heap     ] GC(24) Y:      Free:        0M (0%)            0M (0%)            0M (0%)            0M (0%)            0M (0%)            0M (0%)     
[32.699s][info][gc,heap     ] GC(24) Y:      Used:      256M (100%)        256M (100%)        256M (100%)        256M (100%)        256M (100%)        256M (100%)   
[32.699s][info][gc,heap     ] GC(24) Y: Young Generation Statistics:
[32.699s][info][gc,heap     ] GC(24) Y:                Mark Start          Mark End        Relocate Start      Relocate End    
[32.699s][info][gc,heap     ] GC(24) Y:      Used:        0M (0%)            0M (0%)            0M (0%)            0M (0%)     
[32.699s][info][gc,heap     ] GC(24) Y:      Live:         -                 0M (0%)            0M (0%)            0M (0%)     
[32.699s][info][gc,heap     ] GC(24) Y:   Garbage:         -                 0M (0%)            0M (0%)            0M (0%)     
[32.699s][info][gc,heap     ] GC(24) Y: Allocated:         -                 0M (0%)            0M (0%)            0M (0%)     
[32.699s][info][gc,heap     ] GC(24) Y: Reclaimed:         -                  -                 0M (0%)            0M (0%)     
[32.699s][info][gc,heap     ] GC(24) Y:  Promoted:         -                  -                 0M (0%)            0M (0%)     
[32.699s][info][gc,heap     ] GC(24) Y: Compacted:         -                  -                  -                 0M (0%)     
[32.699s][info][gc,phases   ] GC(24) Y: Young Generation (Collect Roots) 256M(100%)->256M(100%) 0.003s
[32.699s][info][gc,phases   ] GC(24) O: Old Generation
[32.710s][info][gc,phases   ] GC(24) O: Concurrent Mark 11.660ms
[32.711s][info][gc,phases   ] GC(24) O: Pause Mark End 0.016ms
[32.711s][info][gc,phases   ] GC(24) O: Concurrent Mark Free 0.002ms
[32.711s][info][gc,ref      ] GC(24) O: Clearing All SoftReferences
[32.715s][info][gc,phases   ] GC(24) O: Concurrent Process Non-Strong 4.453ms
[32.715s][info][gc,phases   ] GC(24) O: Concurrent Reset Relocation Set 0.001ms
[32.715s][info][gc,phases   ] GC(24) O: Concurrent Select Relocation Set 0.033ms
[32.715s][info][gc,task     ] GC(24) O: Using 1 Workers for Old Generation
[32.717s][info][gc,task     ] GC(24) O: Using 1 Workers for Old Generation
[32.717s][info][gc,phases   ] GC(24) O: Concurrent Remap Roots 1.739ms
[32.717s][info][gc,phases   ] GC(24) O: Pause Relocate Start 0.010ms
[32.717s][info][gc,phases   ] GC(24) O: Concurrent Relocate 0.023ms
[32.717s][info][gc,alloc    ] GC(24) O:                         Mark Start        Mark End      Relocate Start    Relocate End   
[32.717s][info][gc,alloc    ] GC(24) O: Allocation Stalls:          1                1                1                1         
[32.717s][info][gc,load     ] GC(24) O: Load: 1.74 (44%) / 3.38 (84%) / 4.27 (107%)
[32.717s][info][gc,mmu      ] GC(24) O: MMU: 2ms/87.5%, 5ms/94.4%, 10ms/97.0%, 20ms/98.1%, 50ms/99.1%, 100ms/99.5%
[32.717s][info][gc,marking  ] GC(24) O: Mark: 1 stripe(s), 1 proactive flush(es), 1 terminate flush(es), 0 completion(s), 0 continuation(s) 
[32.717s][info][gc,nmethod  ] GC(24) O: NMethods: 1732 registered, 120 unregistered
[32.717s][info][gc,metaspace] GC(24) O: Metaspace: 9M used, 10M committed, 1088M reserved
[32.717s][info][gc,ref      ] GC(24) O:                       Encountered   Discovered     Enqueued 
[32.717s][info][gc,ref      ] GC(24) O: Soft References:              140           72            0 
[32.717s][info][gc,ref      ] GC(24) O: Weak References:              901          828            0 
[32.717s][info][gc,ref      ] GC(24) O: Final References:               0            0            0 
[32.717s][info][gc,ref      ] GC(24) O: Phantom References:             2            2            0 
[32.717s][info][gc,reloc    ] GC(24) O:                        Candidates     Selected     In-Place         Size        Empty    Relocated 
[32.717s][info][gc,reloc    ] GC(24) O: Small Pages:                    3            0            0           6M           0M           0M 
[32.717s][info][gc,reloc    ] GC(24) O: Medium Pages:                   0            0            0           0M           0M           0M 
[32.717s][info][gc,reloc    ] GC(24) O: Large Pages:                  125            0            0         250M           0M           0M 
[32.717s][info][gc,reloc    ] GC(24) O: Forwarding Usage: 0M
[32.717s][info][gc,heap     ] GC(24) O: Min Capacity: 8M(3%)
[32.717s][info][gc,heap     ] GC(24) O: Max Capacity: 256M(100%)
[32.717s][info][gc,heap     ] GC(24) O: Soft Max Capacity: 256M(100%)
[32.717s][info][gc,heap     ] GC(24) O: Heap Statistics:
[32.717s][info][gc,heap     ] GC(24) O:                Mark Start          Mark End        Relocate Start      Relocate End           High               Low         
[32.717s][info][gc,heap     ] GC(24) O:  Capacity:      256M (100%)        256M (100%)        256M (100%)        256M (100%)        256M (100%)        256M (100%)   
[32.717s][info][gc,heap     ] GC(24) O:      Free:        0M (0%)            0M (0%)            0M (0%)            0M (0%)            0M (0%)            0M (0%)     
[32.717s][info][gc,heap     ] GC(24) O:      Used:      256M (100%)        256M (100%)        256M (100%)        256M (100%)        256M (100%)        256M (100%)   
[32.717s][info][gc,heap     ] GC(24) O: Old Generation Statistics:
[32.717s][info][gc,heap     ] GC(24) O:                Mark Start          Mark End        Relocate Start      Relocate End    
[32.717s][info][gc,heap     ] GC(24) O:      Used:      256M (100%)        256M (100%)        256M (100%)        256M (100%)   
[32.717s][info][gc,heap     ] GC(24) O:      Live:         -               253M (99%)         253M (99%)         253M (99%)    
[32.717s][info][gc,heap     ] GC(24) O:   Garbage:         -                 2M (1%)            2M (1%)            2M (1%)     
[32.717s][info][gc,heap     ] GC(24) O: Allocated:         -                 0M (0%)            0M (0%)            0M (0%)     
[32.717s][info][gc,heap     ] GC(24) O: Reclaimed:         -                  -                 0M (0%)            0M (0%)     
[32.718s][info][gc,heap     ] GC(24) O: Compacted:         -                  -                  -                 0M (0%)     
[32.718s][info][gc,phases   ] GC(24) O: Old Generation 256M(100%)->256M(100%) 0.018s
[32.718s][info][gc          ] GC(24) Major Collection (Allocation Stall) 256M(100%)->256M(100%) 0.025s
[32.718s][info][gc          ] Allocation Stall (main) 30.101ms
[32.718s][info][gc          ] Out Of Memory (main)
[32.718s][info][gc          ] GC(25) Minor Collection (Allocation Stall)
[32.718s][info][gc,task     ] GC(25) Using 1 Workers for Young Generation
[32.718s][info][gc,phases   ] GC(25) y: Young Generation
[32.718s][info][gc,phases   ] GC(25) y: Pause Mark Start 0.008ms
[32.720s][info][gc,phases   ] GC(25) y: Concurrent Mark 2.303ms
[32.720s][info][gc,phases   ] GC(25) y: Pause Mark End 0.010ms
[32.720s][info][gc,phases   ] GC(25) y: Concurrent Mark Free 0.001ms
[32.720s][info][gc,phases   ] GC(25) y: Concurrent Reset Relocation Set 0.000ms
[32.720s][info][gc,reloc    ] GC(25) y: Using tenuring threshold: 0 (Computed)
[32.720s][info][gc,phases   ] GC(25) y: Concurrent Select Relocation Set 0.054ms
[32.721s][info][gc,phases   ] GC(25) y: Pause Relocate Start 0.021ms
[32.721s][info][gc,phases   ] GC(25) y: Concurrent Relocate 0.030ms
[32.721s][info][gc,alloc    ] GC(25) y:                         Mark Start        Mark End      Relocate Start    Relocate End   
[32.721s][info][gc,alloc    ] GC(25) y: Allocation Stalls:          1                1                1                1         
[32.721s][info][gc,load     ] GC(25) y: Load: 1.74 (44%) / 3.38 (84%) / 4.27 (107%)
[32.721s][info][gc,mmu      ] GC(25) y: MMU: 2ms/87.5%, 5ms/94.4%, 10ms/97.0%, 20ms/98.1%, 50ms/99.1%, 100ms/99.5%
[32.721s][info][gc,marking  ] GC(25) y: Mark: 1 stripe(s), 1 proactive flush(es), 1 terminate flush(es), 0 completion(s), 0 continuation(s) 
[32.721s][info][gc,nmethod  ] GC(25) y: NMethods: 1732 registered, 120 unregistered
[32.721s][info][gc,metaspace] GC(25) y: Metaspace: 9M used, 10M committed, 1088M reserved
[32.721s][info][gc,heap     ] GC(25) y: Min Capacity: 8M(3%)
[32.721s][info][gc,heap     ] GC(25) y: Max Capacity: 256M(100%)
[32.721s][info][gc,heap     ] GC(25) y: Soft Max Capacity: 256M(100%)
[32.721s][info][gc,heap     ] GC(25) y: Heap Statistics:
[32.721s][info][gc,heap     ] GC(25) y:                Mark Start          Mark End        Relocate Start      Relocate End           High               Low         
[32.721s][info][gc,heap     ] GC(25) y:  Capacity:      256M (100%)        256M (100%)        256M (100%)        256M (100%)        256M (100%)        256M (100%)   
[32.721s][info][gc,heap     ] GC(25) y:      Free:        0M (0%)            0M (0%)            0M (0%)            0M (0%)            0M (0%)            0M (0%)     
[32.721s][info][gc,heap     ] GC(25) y:      Used:      256M (100%)        256M (100%)        256M (100%)        256M (100%)        256M (100%)        256M (100%)   
[32.721s][info][gc,heap     ] GC(25) y: Young Generation Statistics:
[32.721s][info][gc,heap     ] GC(25) y:                Mark Start          Mark End        Relocate Start      Relocate End    
[32.721s][info][gc,heap     ] GC(25) y:      Used:        0M (0%)            0M (0%)            0M (0%)            0M (0%)     
[32.721s][info][gc,heap     ] GC(25) y:      Live:         -                 0M (0%)            0M (0%)            0M (0%)     
[32.721s][info][gc,heap     ] GC(25) y:   Garbage:         -                 0M (0%)            0M (0%)            0M (0%)     
[32.721s][info][gc,heap     ] GC(25) y: Allocated:         -                 0M (0%)            0M (0%)            0M (0%)     
[32.721s][info][gc,heap     ] GC(25) y: Reclaimed:         -                  -                 0M (0%)            0M (0%)     
[32.721s][info][gc,heap     ] GC(25) y:  Promoted:         -                  -                 0M (0%)            0M (0%)     
[32.721s][info][gc,heap     ] GC(25) y: Compacted:         -                  -                  -                 0M (0%)     
[32.721s][info][gc,phases   ] GC(25) y: Young Generation 256M(100%)->256M(100%) 0.003s
[32.721s][info][gc          ] GC(25) Minor Collection (Allocation Stall) 256M(100%)->256M(100%) 0.003s
[32.721s][info][gc          ] GC(26) Major Collection (Allocation Stall)
[32.721s][info][gc,task     ] GC(26) Using 1 Workers for Young Generation
[32.721s][info][gc,task     ] GC(26) Using 1 Workers for Old Generation
[32.721s][info][gc,phases   ] GC(26) Y: Young Generation (Promote All)
[32.721s][info][gc,phases   ] GC(26) Y: Pause Mark Start 0.005ms
[32.723s][info][gc,phases   ] GC(26) Y: Concurrent Mark 1.899ms
[32.723s][info][gc,phases   ] GC(26) Y: Pause Mark End 0.006ms
[32.723s][info][gc,phases   ] GC(26) Y: Concurrent Mark Free 0.001ms
[32.723s][info][gc,phases   ] GC(26) Y: Concurrent Reset Relocation Set 0.000ms
[32.723s][info][gc,reloc    ] GC(26) Y: Using tenuring threshold: 0 (Promote All)
[32.723s][info][gc,phases   ] GC(26) Y: Concurrent Select Relocation Set 0.052ms
[32.723s][info][gc,phases   ] GC(26) Y: Pause Relocate Start 0.006ms
[32.723s][info][gc,phases   ] GC(26) Y: Concurrent Relocate 0.037ms
[32.723s][info][gc,alloc    ] GC(26) Y:                         Mark Start        Mark End      Relocate Start    Relocate End   
[32.723s][info][gc,alloc    ] GC(26) Y: Allocation Stalls:          1                1                1                1         
[32.723s][info][gc,load     ] GC(26) Y: Load: 1.74 (44%) / 3.38 (84%) / 4.27 (107%)
[32.723s][info][gc,mmu      ] GC(26) Y: MMU: 2ms/87.5%, 5ms/94.4%, 10ms/97.0%, 20ms/98.1%, 50ms/99.1%, 100ms/99.5%
[32.723s][info][gc,marking  ] GC(26) Y: Mark: 1 stripe(s), 1 proactive flush(es), 1 terminate flush(es), 0 completion(s), 0 continuation(s) 
[32.723s][info][gc,nmethod  ] GC(26) Y: NMethods: 1732 registered, 120 unregistered
[32.723s][info][gc,metaspace] GC(26) Y: Metaspace: 9M used, 10M committed, 1088M reserved
[32.723s][info][gc,heap     ] GC(26) Y: Min Capacity: 8M(3%)
[32.723s][info][gc,heap     ] GC(26) Y: Max Capacity: 256M(100%)
[32.723s][info][gc,heap     ] GC(26) Y: Soft Max Capacity: 256M(100%)
[32.723s][info][gc,heap     ] GC(26) Y: Heap Statistics:
[32.723s][info][gc,heap     ] GC(26) Y:                Mark Start          Mark End        Relocate Start      Relocate End           High               Low         
[32.723s][info][gc,heap     ] GC(26) Y:  Capacity:      256M (100%)        256M (100%)        256M (100%)        256M (100%)        256M (100%)        256M (100%)   
[32.723s][info][gc,heap     ] GC(26) Y:      Free:        0M (0%)            0M (0%)            0M (0%)            0M (0%)            0M (0%)            0M (0%)     
[32.723s][info][gc,heap     ] GC(26) Y:      Used:      256M (100%)        256M (100%)        256M (100%)        256M (100%)        256M (100%)        256M (100%)   
[32.723s][info][gc,heap     ] GC(26) Y: Young Generation Statistics:
[32.723s][info][gc,heap     ] GC(26) Y:                Mark Start          Mark End        Relocate Start      Relocate End    
[32.723s][info][gc,heap     ] GC(26) Y:      Used:        0M (0%)            0M (0%)            0M (0%)            0M (0%)     
[32.723s][info][gc,heap     ] GC(26) Y:      Live:         -                 0M (0%)            0M (0%)            0M (0%)     
[32.723s][info][gc,heap     ] GC(26) Y:   Garbage:         -                 0M (0%)            0M (0%)            0M (0%)     
[32.723s][info][gc,heap     ] GC(26) Y: Allocated:         -                 0M (0%)            0M (0%)            0M (0%)     
[32.723s][info][gc,heap     ] GC(26) Y: Reclaimed:         -                  -                 0M (0%)            0M (0%)     
[32.723s][info][gc,heap     ] GC(26) Y:  Promoted:         -                  -                 0M (0%)            0M (0%)     
[32.723s][info][gc,heap     ] GC(26) Y: Compacted:         -                  -                  -                 0M (0%)     
[32.723s][info][gc,phases   ] GC(26) Y: Young Generation (Promote All) 256M(100%)->256M(100%) 0.002s
[32.723s][info][gc,phases   ] GC(26) Y: Young Generation (Collect Roots)
[32.723s][info][gc,phases   ] GC(26) Y: Pause Mark Start (Major) 0.007ms
[32.725s][info][gc,phases   ] GC(26) Y: Concurrent Mark 1.663ms
[32.725s][info][gc,phases   ] GC(26) Y: Pause Mark End 0.006ms
[32.725s][info][gc,phases   ] GC(26) Y: Concurrent Mark Free 0.002ms
[32.725s][info][gc,phases   ] GC(26) Y: Concurrent Reset Relocation Set 0.000ms
[32.725s][info][gc,reloc    ] GC(26) Y: Using tenuring threshold: 0 (Computed)
[32.725s][info][gc,phases   ] GC(26) Y: Concurrent Select Relocation Set 0.055ms
[32.725s][info][gc,phases   ] GC(26) Y: Pause Relocate Start 0.005ms
[32.725s][info][gc,phases   ] GC(26) Y: Concurrent Relocate 0.034ms
[32.725s][info][gc,alloc    ] GC(26) Y:                         Mark Start        Mark End      Relocate Start    Relocate End   
[32.725s][info][gc,alloc    ] GC(26) Y: Allocation Stalls:          1                1                1                1         
[32.725s][info][gc,load     ] GC(26) Y: Load: 1.74 (44%) / 3.38 (84%) / 4.27 (107%)
[32.725s][info][gc,mmu      ] GC(26) Y: MMU: 2ms/87.5%, 5ms/94.4%, 10ms/97.0%, 20ms/98.1%, 50ms/99.1%, 100ms/99.5%
[32.726s][info][gc,marking  ] GC(26) Y: Mark: 1 stripe(s), 1 proactive flush(es), 1 terminate flush(es), 0 completion(s), 0 continuation(s) 
[32.726s][info][gc,nmethod  ] GC(26) Y: NMethods: 1732 registered, 120 unregistered
[32.726s][info][gc,metaspace] GC(26) Y: Metaspace: 9M used, 10M committed, 1088M reserved
[32.726s][info][gc,heap     ] GC(26) Y: Min Capacity: 8M(3%)
[32.726s][info][gc,heap     ] GC(26) Y: Max Capacity: 256M(100%)
[32.726s][info][gc,heap     ] GC(26) Y: Soft Max Capacity: 256M(100%)
[32.726s][info][gc,heap     ] GC(26) Y: Heap Statistics:
[32.726s][info][gc,heap     ] GC(26) Y:                Mark Start          Mark End        Relocate Start      Relocate End           High               Low         
[32.726s][info][gc,heap     ] GC(26) Y:  Capacity:      256M (100%)        256M (100%)        256M (100%)        256M (100%)        256M (100%)        256M (100%)   
[32.726s][info][gc,heap     ] GC(26) Y:      Free:        0M (0%)            0M (0%)            0M (0%)            0M (0%)            0M (0%)            0M (0%)     
[32.726s][info][gc,heap     ] GC(26) Y:      Used:      256M (100%)        256M (100%)        256M (100%)        256M (100%)        256M (100%)        256M (100%)   
[32.726s][info][gc,heap     ] GC(26) Y: Young Generation Statistics:
[32.726s][info][gc,heap     ] GC(26) Y:                Mark Start          Mark End        Relocate Start      Relocate End    
[32.726s][info][gc,heap     ] GC(26) Y:      Used:        0M (0%)            0M (0%)            0M (0%)            0M (0%)     
[32.726s][info][gc,heap     ] GC(26) Y:      Live:         -                 0M (0%)            0M (0%)            0M (0%)     
[32.726s][info][gc,heap     ] GC(26) Y:   Garbage:         -                 0M (0%)            0M (0%)            0M (0%)     
[32.726s][info][gc,heap     ] GC(26) Y: Allocated:         -                 0M (0%)            0M (0%)            0M (0%)     
[32.726s][info][gc,heap     ] GC(26) Y: Reclaimed:         -                  -                 0M (0%)            0M (0%)     
[32.726s][info][gc,heap     ] GC(26) Y:  Promoted:         -                  -                 0M (0%)            0M (0%)     
[32.726s][info][gc,heap     ] GC(26) Y: Compacted:         -                  -                  -                 0M (0%)     
[32.726s][info][gc,phases   ] GC(26) Y: Young Generation (Collect Roots) 256M(100%)->256M(100%) 0.002s
[32.726s][info][gc,phases   ] GC(26) O: Old Generation
[32.735s][info][gc,phases   ] GC(26) O: Concurrent Mark 9.216ms
[32.735s][info][gc,phases   ] GC(26) O: Pause Mark End 0.010ms
[32.735s][info][gc,phases   ] GC(26) O: Concurrent Mark Free 0.003ms
[32.735s][info][gc,ref      ] GC(26) O: Clearing All SoftReferences
[32.738s][info][gc,phases   ] GC(26) O: Concurrent Process Non-Strong 3.067ms
[32.738s][info][gc,phases   ] GC(26) O: Concurrent Reset Relocation Set 0.001ms
[32.739s][info][gc          ] Allocation Stall (main) 20.761ms
[32.739s][info][gc,phases   ] GC(26) O: Concurrent Select Relocation Set 0.408ms
[32.739s][info][gc,task     ] GC(26) O: Using 1 Workers for Old Generation
[32.740s][info][gc,task     ] GC(26) O: Using 1 Workers for Old Generation
[32.740s][info][gc,phases   ] GC(26) O: Concurrent Remap Roots 1.822ms
[32.741s][info][gc,phases   ] GC(26) O: Pause Relocate Start 0.035ms
[32.741s][info][gc,phases   ] GC(26) O: Concurrent Relocate 0.032ms
[32.741s][info][gc,alloc    ] GC(26) O:                         Mark Start        Mark End      Relocate Start    Relocate End   
[32.741s][info][gc,alloc    ] GC(26) O: Allocation Stalls:          1                1                0                0         
[32.741s][info][gc,load     ] GC(26) O: Load: 1.74 (44%) / 3.38 (84%) / 4.27 (107%)
[32.741s][info][gc,mmu      ] GC(26) O: MMU: 2ms/87.5%, 5ms/94.4%, 10ms/97.0%, 20ms/98.1%, 50ms/99.1%, 100ms/99.5%
[32.741s][info][gc,marking  ] GC(26) O: Mark: 1 stripe(s), 1 proactive flush(es), 1 terminate flush(es), 0 completion(s), 0 continuation(s) 
[32.741s][info][gc,nmethod  ] GC(26) O: NMethods: 1735 registered, 120 unregistered
[32.741s][info][gc,metaspace] GC(26) O: Metaspace: 9M used, 10M committed, 1088M reserved
[32.741s][info][gc,ref      ] GC(26) O:                       Encountered   Discovered     Enqueued 
[32.741s][info][gc,ref      ] GC(26) O: Soft References:              140           72            0 
[32.741s][info][gc,ref      ] GC(26) O: Weak References:              901          828            0 
[32.741s][info][gc,ref      ] GC(26) O: Final References:               0            0            0 
[32.741s][info][gc,ref      ] GC(26) O: Phantom References:             2            2            0 
[32.741s][info][gc,reloc    ] GC(26) O:                        Candidates     Selected     In-Place         Size        Empty    Relocated 
[32.741s][info][gc,reloc    ] GC(26) O: Small Pages:                    3            0            0           6M           0M           0M 
[32.741s][info][gc,reloc    ] GC(26) O: Medium Pages:                   0            0            0           0M           0M           0M 
[32.741s][info][gc,exit     ] Stopping ZGC
[32.741s][info][gc,reloc    ] GC(26) O: Large Pages:                  125            0            0         250M         250M           0M 
[32.741s][info][gc,reloc    ] GC(26) O: Forwarding Usage: 0M
[32.741s][info][gc,heap     ] GC(26) O: Min Capacity: 8M(3%)
[32.741s][info][gc,heap     ] GC(26) O: Max Capacity: 256M(100%)
[32.741s][info][gc,heap     ] GC(26) O: Soft Max Capacity: 256M(100%)
[32.741s][info][gc,heap     ] GC(26) O: Heap Statistics:
[32.741s][info][gc,heap     ] GC(26) O:                Mark Start          Mark End        Relocate Start      Relocate End           High               Low         
[32.741s][info][gc,heap     ] GC(26) O:  Capacity:      256M (100%)        256M (100%)        256M (100%)        256M (100%)        256M (100%)        256M (100%)   
[32.741s][info][gc,heap     ] GC(26) O:      Free:        0M (0%)            0M (0%)          248M (97%)         248M (97%)         248M (97%)           0M (0%)     
[32.741s][info][gc,heap     ] GC(26) O:      Used:      256M (100%)        256M (100%)          8M (3%)            8M (3%)          256M (100%)          8M (3%)     
[32.741s][info][gc,heap     ] GC(26) O: Old Generation Statistics:
[32.741s][info][gc,heap     ] GC(26) O:                Mark Start          Mark End        Relocate Start      Relocate End    
[32.741s][info][gc,heap     ] GC(26) O:      Used:      256M (100%)        256M (100%)          6M (2%)            6M (2%)     
[32.741s][info][gc,heap     ] GC(26) O:      Live:         -                 3M (1%)            3M (1%)            3M (1%)     
[32.741s][info][gc,heap     ] GC(26) O:   Garbage:         -               252M (99%)           2M (1%)            2M (1%)     
[32.741s][info][gc,heap     ] GC(26) O: Allocated:         -                 0M (0%)            0M (0%)            0M (0%)     
[32.741s][info][gc,heap     ] GC(26) O: Reclaimed:         -                  -               250M (98%)         250M (98%)    
[32.741s][info][gc,heap     ] GC(26) O: Compacted:         -                  -                  -                 0M (0%)     
[32.741s][info][gc,phases   ] GC(26) O: Old Generation 256M(100%)->8M(3%) 0.015s
[32.741s][info][gc          ] GC(26) Major Collection (Allocation Stall) Aborted
[32.741s][info][gc,stats    ] === Garbage Collection Statistics =======================================================================================================================
[32.741s][info][gc,stats    ]                                                              Last 10s              Last 10m              Last 10h                Total
[32.741s][info][gc,stats    ]                                                              Avg / Max             Avg / Max             Avg / Max             Avg / Max
[32.741s][info][gc,stats    ]        Contention: Mark Segment Reset Contention                     0 / 0                 0 / 0                 0 / 0                 0 / 0           ops/s
[32.741s][info][gc,stats    ]        Contention: Mark SeqNum Reset Contention                      0 / 0                 0 / 0                 0 / 0                 0 / 0           ops/s
[32.741s][info][gc,stats    ]          Critical: Allocation Stall                                  0 / 0                 0 / 0                 0 / 0                 0 / 0           ops/s
[32.742s][info][gc,stats    ]          Critical: Allocation Stall                              0.000 / 0.000         0.000 / 0.000         0.000 / 0.000         0.000 / 0.000       ms
[32.742s][info][gc,stats    ]          Critical: JNI Critical Stall                                0 / 0                 0 / 0                 0 / 0                 0 / 0           ops/s
[32.742s][info][gc,stats    ]          Critical: JNI Critical Stall                            0.000 / 0.000         0.000 / 0.000         0.000 / 0.000         0.000 / 0.000       ms
[32.742s][info][gc,stats    ]          Critical: Relocation Stall                                  0 / 0                 0 / 0                 0 / 0                 0 / 0           ops/s
[32.742s][info][gc,stats    ]          Critical: Relocation Stall                              0.000 / 0.000         0.000 / 0.000         0.000 / 0.000         0.000 / 0.000       ms
[32.742s][info][gc,stats    ]  Major Collection: Major Collection                             37.533 / 41.915       38.378 / 50.619       38.378 / 50.619       38.378 / 50.619      ms
[32.742s][info][gc,stats    ]            Memory: Allocation Rate                                   9 / 12               10 / 58               10 / 58               10 / 58          MB/s
[32.742s][info][gc,stats    ]            Memory: Defragment                                        0 / 0                 0 / 0                 0 / 0                 0 / 0           ops/s
[32.742s][info][gc,stats    ]            Memory: Mapped Cache Harvest                              0 / 0                 0 / 0                 0 / 0                 0 / 0           MB/s
[32.742s][info][gc,stats    ]            Memory: Out Of Memory                                     0 / 0                 0 / 0                 0 / 0                 0 / 0           ops/s
[32.742s][info][gc,stats    ]            Memory: Uncommit                                          0 / 0                 0 / 0                 0 / 0                 0 / 0           MB/s
[32.742s][info][gc,stats    ]            Memory: Undo Object Allocation Failed                     0 / 0                 0 / 0                 0 / 0                 0 / 0           ops/s
[32.742s][info][gc,stats    ]            Memory: Undo Object Allocation Succeeded                  0 / 0                 0 / 0                 0 / 0                 0 / 0           ops/s
[32.742s][info][gc,stats    ]            Memory: Undo Page Allocation                              0 / 0                 0 / 0                 0 / 0                 0 / 0           ops/s
[32.742s][info][gc,stats    ]  Minor Collection: Minor Collection                              6.284 / 8.523         6.284 / 8.523         6.284 / 8.523         6.284 / 8.523       ms
[32.742s][info][gc,stats    ]    Old Generation: Old Generation                               28.913 / 34.213       18.872 / 34.213       18.872 / 34.213       18.872 / 34.213      ms
[32.742s][info][gc,stats    ]         Old Pause: Pause Mark End                                0.015 / 0.018         0.014 / 0.018         0.014 / 0.018         0.014 / 0.018       ms
[32.742s][info][gc,stats    ]         Old Pause: Pause Relocate Start                          0.013 / 0.015         0.014 / 0.023         0.014 / 0.023         0.014 / 0.023       ms
[32.742s][info][gc,stats    ]         Old Phase: Concurrent Mark                              20.707 / 25.969       11.663 / 25.969       11.663 / 25.969       11.663 / 25.969      ms
[32.742s][info][gc,stats    ]         Old Phase: Concurrent Mark Continue                      0.000 / 0.000         0.000 / 0.000         0.000 / 0.000         0.000 / 0.000       ms
[32.742s][info][gc,stats    ]         Old Phase: Concurrent Mark Free                          0.003 / 0.006         0.003 / 0.006         0.003 / 0.006         0.003 / 0.006       ms
[32.742s][info][gc,stats    ]         Old Phase: Concurrent Process Non-Strong                 4.380 / 5.644         4.270 / 6.592         4.270 / 6.592         4.270 / 6.592       ms
[32.742s][info][gc,stats    ]         Old Phase: Concurrent Relocate                           0.905 / 2.052         0.382 / 2.052         0.382 / 2.052         0.382 / 2.052       ms
[32.742s][info][gc,stats    ]         Old Phase: Concurrent Remap Roots                        1.813 / 2.047         1.746 / 2.594         1.746 / 2.594         1.746 / 2.594       ms
[32.742s][info][gc,stats    ]         Old Phase: Concurrent Reset Relocation Set               0.002 / 0.003         0.001 / 0.003         0.001 / 0.003         0.001 / 0.003       ms
[32.742s][info][gc,stats    ]         Old Phase: Concurrent Select Relocation Set              0.239 / 0.809         0.126 / 0.809         0.126 / 0.809         0.126 / 0.809       ms
[32.742s][info][gc,stats    ]      Old Subphase: Concurrent Classes Purge                      0.017 / 0.030         0.094 / 0.426         0.094 / 0.426         0.094 / 0.426       ms
[32.742s][info][gc,stats    ]      Old Subphase: Concurrent Classes Unlink                     3.635 / 4.865         3.464 / 5.931         3.464 / 5.931         3.464 / 5.931       ms
[32.742s][info][gc,stats    ]      Old Subphase: Concurrent Mark Follow                       20.487 / 25.578       11.501 / 25.578       11.501 / 25.578       11.501 / 25.578      ms
[32.742s][info][gc,stats    ]      Old Subphase: Concurrent Mark Root Colored                  0.091 / 0.186         0.048 / 0.186         0.048 / 0.186         0.048 / 0.186       ms
[32.742s][info][gc,stats    ]      Old Subphase: Concurrent Mark Root Uncolored                0.086 / 0.156         0.079 / 0.156         0.079 / 0.156         0.079 / 0.156       ms
[32.742s][info][gc,stats    ]      Old Subphase: Concurrent Mark Roots                         0.216 / 0.385         0.158 / 0.385         0.158 / 0.385         0.158 / 0.385       ms
[32.742s][info][gc,stats    ]      Old Subphase: Concurrent References Enqueue                 0.002 / 0.006         0.004 / 0.028         0.004 / 0.028         0.004 / 0.028       ms
[32.742s][info][gc,stats    ]      Old Subphase: Concurrent References Process                 0.145 / 0.182         0.092 / 0.182         0.092 / 0.182         0.092 / 0.182       ms
[32.742s][info][gc,stats    ]      Old Subphase: Concurrent Remap Remembered                   0.578 / 0.627         0.335 / 0.627         0.335 / 0.627         0.335 / 0.627       ms
[32.742s][info][gc,stats    ]      Old Subphase: Concurrent Remap Roots Colored                0.251 / 0.276         0.306 / 0.524         0.306 / 0.524         0.306 / 0.524       ms
[32.742s][info][gc,stats    ]      Old Subphase: Concurrent Remap Roots Uncolored              0.893 / 1.058         0.879 / 1.484         0.879 / 1.484         0.879 / 1.484       ms
[32.742s][info][gc,stats    ]      Old Subphase: Concurrent Roots ClassLoaderDataGraph         0.076 / 0.170         0.081 / 0.367         0.081 / 0.367         0.081 / 0.367       ms
[32.742s][info][gc,stats    ]      Old Subphase: Concurrent Roots CodeCache                    0.875 / 1.027         0.869 / 1.478         0.869 / 1.478         0.869 / 1.478       ms
[32.742s][info][gc,stats    ]      Old Subphase: Concurrent Roots JavaThreads                  0.036 / 0.154         0.030 / 0.154         0.030 / 0.154         0.030 / 0.154       ms
[32.742s][info][gc,stats    ]      Old Subphase: Concurrent Roots OopStorageSet                0.009 / 0.016         0.008 / 0.016         0.008 / 0.016         0.008 / 0.016       ms
[32.742s][info][gc,stats    ]      Old Subphase: Concurrent Weak Roots OopStorageSet           0.295 / 0.464         0.324 / 0.862         0.324 / 0.862         0.324 / 0.862       ms
[32.742s][info][gc,stats    ]            System: Java Threads                                     10 / 10               10 / 10               10 / 10               10 / 10          threads
[32.742s][info][gc,stats    ]  Young Generation: Young Generation                              7.362 / 9.838        18.130 / 43.259       18.130 / 43.259       18.130 / 43.259      ms
[32.742s][info][gc,stats    ]  Young Generation: Young Generation                              5.546 / 7.766         5.546 / 7.766         5.546 / 7.766         5.546 / 7.766       ms
[32.742s][info][gc,stats    ]  Young Generation: Young Generation (Collect Roots)              0.000 / 0.000         0.000 / 0.000         0.000 / 0.000         0.000 / 0.000       ms
[32.742s][info][gc,stats    ]  Young Generation: Young Generation (Promote All)                0.000 / 0.000         0.000 / 0.000         0.000 / 0.000         0.000 / 0.000       ms
[32.742s][info][gc,stats    ]       Young Pause: Pause Mark End                                0.018 / 0.035         0.016 / 0.035         0.016 / 0.035         0.016 / 0.035       ms
[32.742s][info][gc,stats    ]       Young Pause: Pause Mark Start                              0.023 / 0.040         0.023 / 0.040         0.023 / 0.040         0.023 / 0.040       ms
[32.742s][info][gc,stats    ]       Young Pause: Pause Mark Start (Major)                      0.022 / 0.033         0.027 / 0.060         0.027 / 0.060         0.027 / 0.060       ms
[32.742s][info][gc,stats    ]       Young Pause: Pause Relocate Start                          0.034 / 0.250         0.026 / 0.250         0.026 / 0.250         0.026 / 0.250       ms
[32.742s][info][gc,stats    ]       Young Phase: Concurrent Mark                               4.157 / 6.869         9.351 / 29.082        9.351 / 29.082        9.351 / 29.082      ms
[32.742s][info][gc,stats    ]       Young Phase: Concurrent Mark Continue                      0.000 / 0.000         0.000 / 0.000         0.000 / 0.000         0.000 / 0.000       ms
[32.742s][info][gc,stats    ]       Young Phase: Concurrent Mark Free                          0.003 / 0.004         0.003 / 0.004         0.003 / 0.004         0.003 / 0.004       ms
[32.742s][info][gc,stats    ]       Young Phase: Concurrent Relocate                           0.067 / 0.124         1.995 / 12.430        1.995 / 12.430        1.995 / 12.430      ms
[32.742s][info][gc,stats    ]       Young Phase: Concurrent Reset Relocation Set               0.011 / 0.036         0.012 / 0.076         0.012 / 0.076         0.012 / 0.076       ms
[32.742s][info][gc,stats    ]       Young Phase: Concurrent Select Relocation Set              0.638 / 2.841         0.883 / 5.670         0.883 / 5.670         0.883 / 5.670       ms
[32.742s][info][gc,stats    ]    Young Subphase: Concurrent Mark Follow                        1.361 / 2.742         6.501 / 24.785        6.501 / 24.785        6.501 / 24.785      ms
[32.742s][info][gc,stats    ]    Young Subphase: Concurrent Mark Root Colored                  1.250 / 3.979         1.330 / 3.979         1.330 / 3.979         1.330 / 3.979       ms
[32.742s][info][gc,stats    ]    Young Subphase: Concurrent Mark Root Uncolored                1.470 / 2.448         1.439 / 2.448         1.439 / 2.448         1.439 / 2.448       ms
[32.742s][info][gc,stats    ]    Young Subphase: Concurrent Mark Roots                         2.790 / 6.028         2.843 / 6.028         2.843 / 6.028         2.843 / 6.028       ms
[32.742s][info][gc,stats    ]    Young Subphase: Concurrent Relocate Remset FP                 0.022 / 0.054         0.405 / 6.174         0.405 / 6.174         0.405 / 6.174       ms
[32.742s][info][gc,stats    ]    Young Subphase: Concurrent Roots ClassLoaderDataGraph         0.216 / 0.379         0.292 / 0.690         0.292 / 0.690         0.292 / 0.690       ms
[32.742s][info][gc,stats    ]    Young Subphase: Concurrent Roots CodeCache                    1.387 / 2.330         1.304 / 2.330         1.304 / 2.330         1.304 / 2.330       ms
[32.742s][info][gc,stats    ]    Young Subphase: Concurrent Roots JavaThreads                  0.042 / 0.114         0.069 / 0.692         0.069 / 0.692         0.069 / 0.692       ms
[32.742s][info][gc,stats    ]    Young Subphase: Concurrent Roots OopStorageSet                0.011 / 0.019         0.024 / 0.112         0.024 / 0.112         0.024 / 0.112       ms
[32.742s][info][gc,stats    ]    Young Subphase: Concurrent Weak Roots OopStorageSet           1.019 / 3.852         1.010 / 3.852         1.010 / 3.852         1.010 / 3.852       ms
[32.742s][info][gc,stats    ] =========================================================================================================================================================
[32.742s][info][gc,exit     ] Heap
[32.742s][info][gc,exit     ]  ZHeap           used 10M, capacity 256M, max capacity 256M
[32.742s][info][gc,exit     ]   Cache          246M (4)
[32.742s][info][gc,exit     ]    size classes  8M (1), 16M (2), 128M (1)
[32.742s][info][gc,exit     ]  Metaspace       used 10070K, committed 10240K, reserved 1114112K
[32.742s][info][gc,exit     ]   class space    used 1014K, committed 1088K, reserved 1048576K
